Oct 31 18:16:04 asim-VirtualBox kernel: [    0.000000] Linux version 4.15.0-29-generic (buildd@lgw01-amd64-057) (gcc version 7.3.0 (Ubuntu 7.3.0-16ubuntu3)) #31-Ubuntu SMP Tue Jul 17 15:39:52 UTC 2018 (Ubuntu 4.15.0-29.31-generic 4.15.18)
Oct 31 18:16:04 asim-VirtualBox kernel: [    0.000000] Command line: BOOT_IMAGE=/boot/vmlinuz-4.15.0-29-generic root=UUID=4685e3e7-efbf-410f-8f0d-bdc557809c95 ro quiet splash
Oct 31 18:16:04 asim-VirtualBox kernel: [    0.000000] KERNEL supported cpus:
Oct 31 18:16:04 asim-VirtualBox kernel: [    0.000000]   Intel GenuineIntel
Oct 31 18:16:04 asim-VirtualBox kernel: [    0.000000]   AMD AuthenticAMD
Oct 31 18:16:04 asim-VirtualBox kernel: [    0.000000]   Centaur CentaurHauls
Oct 31 18:16:04 asim-VirtualBox kernel: [    0.000000] x86/fpu: Supporting XSAVE feature 0x001: 'x87 floating point registers'
Oct 31 18:16:04 asim-VirtualBox kernel: [    0.000000] x86/fpu: Supporting XSAVE feature 0x002: 'SSE registers'
Oct 31 18:16:04 asim-VirtualBox kernel: [    0.000000] x86/fpu: Supporting XSAVE feature 0x004: 'AVX registers'
Oct 31 18:16:04 asim-VirtualBox kernel: [    0.000000] x86/fpu: xstate_offset[2]:  576, xstate_sizes[2]:  256
Oct 31 18:16:04 asim-VirtualBox kernel: [    0.000000] x86/fpu: Enabled xstate features 0x7, context size is 832 bytes, using 'standard' format.
Oct 31 18:16:04 asim-VirtualBox kernel: [    0.000000] e820: BIOS-provided physical RAM map:
Oct 31 18:16:04 asim-VirtualBox kernel: [    0.000000] BIOS-e820: [mem 0x0000000000000000-0x000000000009fbff] usable
Oct 31 18:16:04 asim-VirtualBox kernel: [    0.000000] BIOS-e820: [mem 0x000000000009fc00-0x000000000009ffff] reserved
Oct 31 18:16:04 asim-VirtualBox kernel: [    0.000000] BIOS-e820: [mem 0x00000000000f0000-0x00000000000fffff] reserved
Oct 31 18:16:04 asim-VirtualBox kernel: [    0.000000] BIOS-e820: [mem 0x0000000000100000-0x00000000dffeffff] usable
Oct 31 18:16:04 asim-VirtualBox kernel: [    0.000000] BIOS-e820: [mem 0x00000000dfff0000-0x00000000dfffffff] ACPI data
Oct 31 18:16:04 asim-VirtualBox kernel: [    0.000000] BIOS-e820: [mem 0x00000000fec00000-0x00000000fec00fff] reserved
Oct 31 18:16:04 asim-VirtualBox kernel: [    0.000000] BIOS-e820: [mem 0x00000000fee00000-0x00000000fee00fff] reserved
Oct 31 18:16:04 asim-VirtualBox kernel: [    0.000000] BIOS-e820: [mem 0x00000000fffc0000-0x00000000ffffffff] reserved
Oct 31 18:16:04 asim-VirtualBox kernel: [    0.000000] BIOS-e820: [mem 0x0000000100000000-0x00000002792fffff] usable
Oct 31 18:16:04 asim-VirtualBox kernel: [    0.000000] NX (Execute Disable) protection: active
Oct 31 18:16:04 asim-VirtualBox kernel: [    0.000000] SMBIOS 2.5 present.
Oct 31 18:16:04 asim-VirtualBox kernel: [    0.000000] DMI: innotek GmbH VirtualBox/VirtualBox, BIOS VirtualBox 12/01/2006
Oct 31 18:16:04 asim-VirtualBox kernel: [    0.000000] Hypervisor detected: KVM
Oct 31 18:16:04 asim-VirtualBox kernel: [    0.000000] e820: update [mem 0x00000000-0x00000fff] usable ==> reserved
Oct 31 18:16:04 asim-VirtualBox kernel: [    0.000000] e820: remove [mem 0x000a0000-0x000fffff] usable
Oct 31 18:16:04 asim-VirtualBox kernel: [    0.000000] e820: last_pfn = 0x279300 max_arch_pfn = 0x400000000
Oct 31 18:16:04 asim-VirtualBox kernel: [    0.000000] MTRR default type: uncachable
Oct 31 18:16:04 asim-VirtualBox kernel: [    0.000000] MTRR variable ranges disabled:
Oct 31 18:16:04 asim-VirtualBox kernel: [    0.000000] MTRR: Disabled
Oct 31 18:16:04 asim-VirtualBox kernel: [    0.000000] x86/PAT: MTRRs disabled, skipping PAT initialization too.
Oct 31 18:16:04 asim-VirtualBox kernel: [    0.000000] CPU MTRRs all blank - virtualized system.
Oct 31 18:16:04 asim-VirtualBox kernel: [    0.000000] x86/PAT: Configuration [0-7]: WB  WT  UC- UC  WB  WT  UC- UC  
Oct 31 18:16:04 asim-VirtualBox kernel: [    0.000000] e820: last_pfn = 0xdfff0 max_arch_pfn = 0x400000000
Oct 31 18:16:04 asim-VirtualBox kernel: [    0.000000] found SMP MP-table at [mem 0x0009fff0-0x0009ffff] mapped at [        (ptrval)]
Oct 31 18:16:04 asim-VirtualBox kernel: [    0.000000] Scanning 1 areas for low memory corruption
Oct 31 18:16:04 asim-VirtualBox kernel: [    0.000000] Base memory trampoline at [        (ptrval)] 99000 size 24576
Oct 31 18:16:04 asim-VirtualBox kernel: [    0.000000] BRK [0x18c13f000, 0x18c13ffff] PGTABLE
Oct 31 18:16:04 asim-VirtualBox kernel: [    0.000000] BRK [0x18c140000, 0x18c140fff] PGTABLE
Oct 31 18:16:04 asim-VirtualBox kernel: [    0.000000] BRK [0x18c141000, 0x18c141fff] PGTABLE
Oct 31 18:16:04 asim-VirtualBox kernel: [    0.000000] BRK [0x18c142000, 0x18c142fff] PGTABLE
Oct 31 18:16:04 asim-VirtualBox kernel: [    0.000000] BRK [0x18c143000, 0x18c143fff] PGTABLE
Oct 31 18:16:04 asim-VirtualBox kernel: [    0.000000] BRK [0x18c144000, 0x18c144fff] PGTABLE
Oct 31 18:16:04 asim-VirtualBox kernel: [    0.000000] BRK [0x18c145000, 0x18c145fff] PGTABLE
Oct 31 18:16:04 asim-VirtualBox kernel: [    0.000000] BRK [0x18c146000, 0x18c146fff] PGTABLE
Oct 31 18:16:04 asim-VirtualBox kernel: [    0.000000] BRK [0x18c147000, 0x18c147fff] PGTABLE
Oct 31 18:16:04 asim-VirtualBox kernel: [    0.000000] BRK [0x18c148000, 0x18c148fff] PGTABLE
Oct 31 18:16:04 asim-VirtualBox kernel: [    0.000000] RAMDISK: [mem 0x3189b000-0x34c44fff]
Oct 31 18:16:04 asim-VirtualBox kernel: [    0.000000] ACPI: Early table checksum verification disabled
Oct 31 18:16:04 asim-VirtualBox kernel: [    0.000000] ACPI: RSDP 0x00000000000E0000 000024 (v02 VBOX  )
Oct 31 18:16:04 asim-VirtualBox kernel: [    0.000000] ACPI: XSDT 0x00000000DFFF0030 00003C (v01 VBOX   VBOXXSDT 00000001 ASL  00000061)
Oct 31 18:16:04 asim-VirtualBox kernel: [    0.000000] ACPI: FACP 0x00000000DFFF00F0 0000F4 (v04 VBOX   VBOXFACP 00000001 ASL  00000061)
Oct 31 18:16:04 asim-VirtualBox kernel: [    0.000000] ACPI: DSDT 0x00000000DFFF0470 0021FF (v02 VBOX   VBOXBIOS 00000002 INTL 20100528)
Oct 31 18:16:04 asim-VirtualBox kernel: [    0.000000] ACPI: FACS 0x00000000DFFF0200 000040
Oct 31 18:16:04 asim-VirtualBox kernel: [    0.000000] ACPI: FACS 0x00000000DFFF0200 000040
Oct 31 18:16:04 asim-VirtualBox kernel: [    0.000000] ACPI: APIC 0x00000000DFFF0240 000054 (v02 VBOX   VBOXAPIC 00000001 ASL  00000061)
Oct 31 18:16:04 asim-VirtualBox kernel: [    0.000000] ACPI: SSDT 0x00000000DFFF02A0 0001CC (v01 VBOX   VBOXCPUT 00000002 INTL 20100528)
Oct 31 18:16:04 asim-VirtualBox kernel: [    0.000000] ACPI: Local APIC address 0xfee00000
Oct 31 18:16:04 asim-VirtualBox kernel: [    0.000000] No NUMA configuration found
Oct 31 18:16:04 asim-VirtualBox kernel: [    0.000000] Faking a node at [mem 0x0000000000000000-0x00000002792fffff]
Oct 31 18:16:04 asim-VirtualBox kernel: [    0.000000] NODE_DATA(0) allocated [mem 0x2792d5000-0x2792fffff]
Oct 31 18:16:04 asim-VirtualBox kernel: [    0.000000] kvm-clock: cpu 0, msr 2:79254001, primary cpu clock
Oct 31 18:16:04 asim-VirtualBox kernel: [    0.000000] kvm-clock: Using msrs 4b564d01 and 4b564d00
Oct 31 18:16:04 asim-VirtualBox kernel: [    0.000000] kvm-clock: using sched offset of 270325381974 cycles
Oct 31 18:16:04 asim-VirtualBox kernel: [    0.000000] clocksource: kvm-clock: mask: 0xffffffffffffffff max_cycles: 0x1cd42e4dffb, max_idle_ns: 881590591483 ns
Oct 31 18:16:04 asim-VirtualBox kernel: [    0.000000] Zone ranges:
Oct 31 18:16:04 asim-VirtualBox kernel: [    0.000000]   DMA      [mem 0x0000000000001000-0x0000000000ffffff]
Oct 31 18:16:04 asim-VirtualBox kernel: [    0.000000]   DMA32    [mem 0x0000000001000000-0x00000000ffffffff]
Oct 31 18:16:04 asim-VirtualBox kernel: [    0.000000]   Normal   [mem 0x0000000100000000-0x00000002792fffff]
Oct 31 18:16:04 asim-VirtualBox kernel: [    0.000000]   Device   empty
Oct 31 18:16:04 asim-VirtualBox kernel: [    0.000000] Movable zone start for each node
Oct 31 18:16:04 asim-VirtualBox kernel: [    0.000000] Early memory node ranges
Oct 31 18:16:04 asim-VirtualBox kernel: [    0.000000]   node   0: [mem 0x0000000000001000-0x000000000009efff]
Oct 31 18:16:04 asim-VirtualBox kernel: [    0.000000]   node   0: [mem 0x0000000000100000-0x00000000dffeffff]
Oct 31 18:16:04 asim-VirtualBox kernel: [    0.000000]   node   0: [mem 0x0000000100000000-0x00000002792fffff]
Oct 31 18:16:04 asim-VirtualBox kernel: [    0.000000] Initmem setup node 0 [mem 0x0000000000001000-0x00000002792fffff]
Oct 31 18:16:04 asim-VirtualBox kernel: [    0.000000] On node 0 totalpages: 2462350
Oct 31 18:16:04 asim-VirtualBox kernel: [    0.000000]   DMA zone: 64 pages used for memmap
Oct 31 18:16:04 asim-VirtualBox kernel: [    0.000000]   DMA zone: 21 pages reserved
Oct 31 18:16:04 asim-VirtualBox kernel: [    0.000000]   DMA zone: 3998 pages, LIFO batch:0
Oct 31 18:16:04 asim-VirtualBox kernel: [    0.000000]   DMA32 zone: 14272 pages used for memmap
Oct 31 18:16:04 asim-VirtualBox kernel: [    0.000000]   DMA32 zone: 913392 pages, LIFO batch:31
Oct 31 18:16:04 asim-VirtualBox kernel: [    0.000000]   Normal zone: 24140 pages used for memmap
Oct 31 18:16:04 asim-VirtualBox kernel: [    0.000000]   Normal zone: 1544960 pages, LIFO batch:31
Oct 31 18:16:04 asim-VirtualBox kernel: [    0.000000] Reserved but unavailable: 98 pages
Oct 31 18:16:04 asim-VirtualBox kernel: [    0.000000] ACPI: PM-Timer IO Port: 0x4008
Oct 31 18:16:04 asim-VirtualBox kernel: [    0.000000] ACPI: Local APIC address 0xfee00000
Oct 31 18:16:04 asim-VirtualBox kernel: [    0.000000] IOAPIC[0]: apic_id 1, version 32, address 0xfec00000, GSI 0-23
Oct 31 18:16:04 asim-VirtualBox kernel: [    0.000000] ACPI: INT_SRC_OVR (bus 0 bus_irq 0 global_irq 2 dfl dfl)
Oct 31 18:16:04 asim-VirtualBox kernel: [    0.000000] ACPI: INT_SRC_OVR (bus 0 bus_irq 9 global_irq 9 low level)
Oct 31 18:16:04 asim-VirtualBox kernel: [    0.000000] ACPI: IRQ0 used by override.
Oct 31 18:16:04 asim-VirtualBox kernel: [    0.000000] ACPI: IRQ9 used by override.
Oct 31 18:16:04 asim-VirtualBox kernel: [    0.000000] Using ACPI (MADT) for SMP configuration information
Oct 31 18:16:04 asim-VirtualBox kernel: [    0.000000] smpboot: Allowing 1 CPUs, 0 hotplug CPUs
Oct 31 18:16:04 asim-VirtualBox kernel: [    0.000000] PM: Registered nosave memory: [mem 0x00000000-0x00000fff]
Oct 31 18:16:04 asim-VirtualBox kernel: [    0.000000] PM: Registered nosave memory: [mem 0x0009f000-0x0009ffff]
Oct 31 18:16:04 asim-VirtualBox kernel: [    0.000000] PM: Registered nosave memory: [mem 0x000a0000-0x000effff]
Oct 31 18:16:04 asim-VirtualBox kernel: [    0.000000] PM: Registered nosave memory: [mem 0x000f0000-0x000fffff]
Oct 31 18:16:04 asim-VirtualBox kernel: [    0.000000] PM: Registered nosave memory: [mem 0xdfff0000-0xdfffffff]
Oct 31 18:16:04 asim-VirtualBox kernel: [    0.000000] PM: Registered nosave memory: [mem 0xe0000000-0xfebfffff]
Oct 31 18:16:04 asim-VirtualBox kernel: [    0.000000] PM: Registered nosave memory: [mem 0xfec00000-0xfec00fff]
Oct 31 18:16:04 asim-VirtualBox kernel: [    0.000000] PM: Registered nosave memory: [mem 0xfec01000-0xfedfffff]
Oct 31 18:16:04 asim-VirtualBox kernel: [    0.000000] PM: Registered nosave memory: [mem 0xfee00000-0xfee00fff]
Oct 31 18:16:04 asim-VirtualBox kernel: [    0.000000] PM: Registered nosave memory: [mem 0xfee01000-0xfffbffff]
Oct 31 18:16:04 asim-VirtualBox kernel: [    0.000000] PM: Registered nosave memory: [mem 0xfffc0000-0xffffffff]
Oct 31 18:16:04 asim-VirtualBox kernel: [    0.000000] e820: [mem 0xe0000000-0xfebfffff] available for PCI devices
Oct 31 18:16:04 asim-VirtualBox kernel: [    0.000000] Booting paravirtualized kernel on KVM
Oct 31 18:16:04 asim-VirtualBox kernel: [    0.000000] clocksource: refined-jiffies: mask: 0xffffffff max_cycles: 0xffffffff, max_idle_ns: 7645519600211568 ns
Oct 31 18:16:04 asim-VirtualBox kernel: [    0.000000] random: get_random_bytes called from start_kernel+0x99/0x4fd with crng_init=0
Oct 31 18:16:04 asim-VirtualBox kernel: [    0.000000] setup_percpu: NR_CPUS:8192 nr_cpumask_bits:1 nr_cpu_ids:1 nr_node_ids:1
Oct 31 18:16:04 asim-VirtualBox kernel: [    0.000000] percpu: Embedded 46 pages/cpu @        (ptrval) s151552 r8192 d28672 u2097152
Oct 31 18:16:04 asim-VirtualBox kernel: [    0.000000] pcpu-alloc: s151552 r8192 d28672 u2097152 alloc=1*2097152
Oct 31 18:16:04 asim-VirtualBox kernel: [    0.000000] pcpu-alloc: [0] 0 
Oct 31 18:16:04 asim-VirtualBox kernel: [    0.000000] PV qspinlock hash table entries: 256 (order: 0, 4096 bytes)
Oct 31 18:16:04 asim-VirtualBox kernel: [    0.000000] Built 1 zonelists, mobility grouping on.  Total pages: 2423853
Oct 31 18:16:04 asim-VirtualBox kernel: [    0.000000] Policy zone: Normal
Oct 31 18:16:04 asim-VirtualBox kernel: [    0.000000] Kernel command line: BOOT_IMAGE=/boot/vmlinuz-4.15.0-29-generic root=UUID=4685e3e7-efbf-410f-8f0d-bdc557809c95 ro quiet splash
Oct 31 18:16:04 asim-VirtualBox kernel: [    0.000000] Calgary: detecting Calgary via BIOS EBDA area
Oct 31 18:16:04 asim-VirtualBox kernel: [    0.000000] Calgary: Unable to locate Rio Grande table in EBDA - bailing!
Oct 31 18:16:04 asim-VirtualBox kernel: [    0.000000] Memory: 9545912K/9849400K available (12300K kernel code, 2470K rwdata, 4240K rodata, 2408K init, 2416K bss, 303488K reserved, 0K cma-reserved)
Oct 31 18:16:04 asim-VirtualBox kernel: [    0.000000] SLUB: HWalign=64, Order=0-3, MinObjects=0, CPUs=1, Nodes=1
Oct 31 18:16:04 asim-VirtualBox kernel: [    0.000000] Kernel/User page tables isolation: enabled
Oct 31 18:16:04 asim-VirtualBox kernel: [    0.000000] ftrace: allocating 39092 entries in 153 pages
Oct 31 18:16:04 asim-VirtualBox kernel: [    0.004000] Hierarchical RCU implementation.
Oct 31 18:16:04 asim-VirtualBox kernel: [    0.004000] 	RCU restricting CPUs from NR_CPUS=8192 to nr_cpu_ids=1.
Oct 31 18:16:04 asim-VirtualBox kernel: [    0.004000] 	Tasks RCU enabled.
Oct 31 18:16:04 asim-VirtualBox kernel: [    0.004000] RCU: Adjusting geometry for rcu_fanout_leaf=16, nr_cpu_ids=1
Oct 31 18:16:04 asim-VirtualBox kernel: [    0.004000] NR_IRQS: 524544, nr_irqs: 256, preallocated irqs: 16
Oct 31 18:16:04 asim-VirtualBox kernel: [    0.004000] Console: colour VGA+ 80x25
Oct 31 18:16:04 asim-VirtualBox kernel: [    0.004000] console [tty0] enabled
Oct 31 18:16:04 asim-VirtualBox kernel: [    0.004000] ACPI: Core revision 20170831
Oct 31 18:16:04 asim-VirtualBox kernel: [    0.004000] ACPI: 2 ACPI AML tables successfully acquired and loaded
Oct 31 18:16:04 asim-VirtualBox kernel: [    0.004000] APIC: Switch to symmetric I/O mode setup
Oct 31 18:16:04 asim-VirtualBox kernel: [    0.004000] x2apic enabled
Oct 31 18:16:04 asim-VirtualBox kernel: [    0.004000] Switched APIC routing to physical x2apic.
Oct 31 18:16:04 asim-VirtualBox kernel: [    0.004000] ..TIMER: vector=0x30 apic1=0 pin1=2 apic2=-1 pin2=-1
Oct 31 18:16:04 asim-VirtualBox kernel: [    0.004000] tsc: Detected 2207.998 MHz processor
Oct 31 18:16:04 asim-VirtualBox kernel: [    0.004000] Calibrating delay loop (skipped) preset value.. 4415.99 BogoMIPS (lpj=8831992)
Oct 31 18:16:04 asim-VirtualBox kernel: [    0.004000] pid_max: default: 32768 minimum: 301
Oct 31 18:16:04 asim-VirtualBox kernel: [    0.004000] Security Framework initialized
Oct 31 18:16:04 asim-VirtualBox kernel: [    0.004000] Yama: becoming mindful.
Oct 31 18:16:04 asim-VirtualBox kernel: [    0.004000] AppArmor: AppArmor initialized
Oct 31 18:16:04 asim-VirtualBox kernel: [    0.004000] Dentry cache hash table entries: 2097152 (order: 12, 16777216 bytes)
Oct 31 18:16:04 asim-VirtualBox kernel: [    0.005067] Inode-cache hash table entries: 1048576 (order: 11, 8388608 bytes)
Oct 31 18:16:04 asim-VirtualBox kernel: [    0.005098] Mount-cache hash table entries: 32768 (order: 6, 262144 bytes)
Oct 31 18:16:04 asim-VirtualBox kernel: [    0.005114] Mountpoint-cache hash table entries: 32768 (order: 6, 262144 bytes)
Oct 31 18:16:04 asim-VirtualBox kernel: [    0.005270] CPU: Physical Processor ID: 0
Oct 31 18:16:04 asim-VirtualBox kernel: [    0.005284] mce: CPU supports 0 MCE banks
Oct 31 18:16:04 asim-VirtualBox kernel: [    0.005293] process: using mwait in idle threads
Oct 31 18:16:04 asim-VirtualBox kernel: [    0.005295] Last level iTLB entries: 4KB 64, 2MB 8, 4MB 8
Oct 31 18:16:04 asim-VirtualBox kernel: [    0.005296] Last level dTLB entries: 4KB 64, 2MB 0, 4MB 0, 1GB 4
Oct 31 18:16:04 asim-VirtualBox kernel: [    0.005297] Spectre V2 : Mitigation: Full generic retpoline
Oct 31 18:16:04 asim-VirtualBox kernel: [    0.005297] Spectre V2 : Spectre v2 mitigation: Filling RSB on context switch
Oct 31 18:16:04 asim-VirtualBox kernel: [    0.005298] Speculative Store Bypass: Vulnerable
Oct 31 18:16:04 asim-VirtualBox kernel: [    0.015139] Freeing SMP alternatives memory: 36K
Oct 31 18:16:04 asim-VirtualBox kernel: [    0.020000] smpboot: CPU0: Intel(R) Core(TM) i7-8750H CPU @ 2.20GHz (family: 0x6, model: 0x9e, stepping: 0xa)
Oct 31 18:16:04 asim-VirtualBox kernel: [    0.020000] Performance Events: unsupported p6 CPU model 158 no PMU driver, software events only.
Oct 31 18:16:04 asim-VirtualBox kernel: [    0.020000] Hierarchical SRCU implementation.
Oct 31 18:16:04 asim-VirtualBox kernel: [    0.020000] NMI watchdog: Perf event create on CPU 0 failed with -2
Oct 31 18:16:04 asim-VirtualBox kernel: [    0.020000] NMI watchdog: Perf NMI watchdog permanently disabled
Oct 31 18:16:04 asim-VirtualBox kernel: [    0.020000] smp: Bringing up secondary CPUs ...
Oct 31 18:16:04 asim-VirtualBox kernel: [    0.020000] smp: Brought up 1 node, 1 CPU
Oct 31 18:16:04 asim-VirtualBox kernel: [    0.020000] smpboot: Max logical packages: 1
Oct 31 18:16:04 asim-VirtualBox kernel: [    0.020000] smpboot: Total of 1 processors activated (4415.99 BogoMIPS)
Oct 31 18:16:04 asim-VirtualBox kernel: [    0.020000] devtmpfs: initialized
Oct 31 18:16:04 asim-VirtualBox kernel: [    0.020000] x86/mm: Memory block size: 128MB
Oct 31 18:16:04 asim-VirtualBox kernel: [    0.020000] evm: security.selinux
Oct 31 18:16:04 asim-VirtualBox kernel: [    0.020000] evm: security.SMACK64
Oct 31 18:16:04 asim-VirtualBox kernel: [    0.020000] evm: security.SMACK64EXEC
Oct 31 18:16:04 asim-VirtualBox kernel: [    0.020000] evm: security.SMACK64TRANSMUTE
Oct 31 18:16:04 asim-VirtualBox kernel: [    0.020000] evm: security.SMACK64MMAP
Oct 31 18:16:04 asim-VirtualBox kernel: [    0.020000] evm: security.apparmor
Oct 31 18:16:04 asim-VirtualBox kernel: [    0.020000] evm: security.ima
Oct 31 18:16:04 asim-VirtualBox kernel: [    0.020000] evm: security.capability
Oct 31 18:16:04 asim-VirtualBox kernel: [    0.020000] clocksource: jiffies: mask: 0xffffffff max_cycles: 0xffffffff, max_idle_ns: 7645041785100000 ns
Oct 31 18:16:04 asim-VirtualBox kernel: [    0.020000] futex hash table entries: 256 (order: 2, 16384 bytes)
Oct 31 18:16:04 asim-VirtualBox kernel: [    0.020000] pinctrl core: initialized pinctrl subsystem
Oct 31 18:16:04 asim-VirtualBox kernel: [    0.020000] RTC time: 22:16:00, date: 10/31/18
Oct 31 18:16:04 asim-VirtualBox kernel: [    0.020000] NET: Registered protocol family 16
Oct 31 18:16:04 asim-VirtualBox kernel: [    0.020000] audit: initializing netlink subsys (disabled)
Oct 31 18:16:04 asim-VirtualBox kernel: [    0.020000] cpuidle: using governor ladder
Oct 31 18:16:04 asim-VirtualBox kernel: [    0.020000] cpuidle: using governor menu
Oct 31 18:16:04 asim-VirtualBox kernel: [    0.020000] ACPI: bus type PCI registered
Oct 31 18:16:04 asim-VirtualBox kernel: [    0.020000] acpiphp: ACPI Hot Plug PCI Controller Driver version: 0.5
Oct 31 18:16:04 asim-VirtualBox kernel: [    0.020000] PCI: Using configuration type 1 for base access
Oct 31 18:16:04 asim-VirtualBox kernel: [    0.020000] audit: type=2000 audit(1541024431.950:1): state=initialized audit_enabled=0 res=1
Oct 31 18:16:04 asim-VirtualBox kernel: [    0.020000] HugeTLB registered 2.00 MiB page size, pre-allocated 0 pages
Oct 31 18:16:04 asim-VirtualBox kernel: [    0.020000] ACPI: Added _OSI(Module Device)
Oct 31 18:16:04 asim-VirtualBox kernel: [    0.020000] ACPI: Added _OSI(Processor Device)
Oct 31 18:16:04 asim-VirtualBox kernel: [    0.020000] ACPI: Added _OSI(3.0 _SCP Extensions)
Oct 31 18:16:04 asim-VirtualBox kernel: [    0.020000] ACPI: Added _OSI(Processor Aggregator Device)
Oct 31 18:16:04 asim-VirtualBox kernel: [    0.020000] ACPI: Added _OSI(Linux-Dell-Video)
Oct 31 18:16:04 asim-VirtualBox kernel: [    0.020000] ACPI: Executed 1 blocks of module-level executable AML code
Oct 31 18:16:04 asim-VirtualBox kernel: [    0.021028] ACPI: Interpreter enabled
Oct 31 18:16:04 asim-VirtualBox kernel: [    0.021036] ACPI: (supports S0 S5)
Oct 31 18:16:04 asim-VirtualBox kernel: [    0.021037] ACPI: Using IOAPIC for interrupt routing
Oct 31 18:16:04 asim-VirtualBox kernel: [    0.021195] PCI: Using host bridge windows from ACPI; if necessary, use "pci=nocrs" and report a bug
Oct 31 18:16:04 asim-VirtualBox kernel: [    0.021344] ACPI: Enabled 2 GPEs in block 00 to 07
Oct 31 18:16:04 asim-VirtualBox kernel: [    0.026090] ACPI: PCI Root Bridge [PCI0] (domain 0000 [bus 00-ff])
Oct 31 18:16:04 asim-VirtualBox kernel: [    0.026093] acpi PNP0A03:00: _OSC: OS supports [ASPM ClockPM Segments MSI]
Oct 31 18:16:04 asim-VirtualBox kernel: [    0.026107] acpi PNP0A03:00: _OSC: not requesting OS control; OS requires [ExtendedConfig ASPM ClockPM MSI]
Oct 31 18:16:04 asim-VirtualBox kernel: [    0.026113] acpi PNP0A03:00: fail to add MMCONFIG information, can't access extended PCI configuration space under this bridge.
Oct 31 18:16:04 asim-VirtualBox kernel: [    0.026444] PCI host bridge to bus 0000:00
Oct 31 18:16:04 asim-VirtualBox kernel: [    0.026445] pci_bus 0000:00: root bus resource [io  0x0000-0x0cf7 window]
Oct 31 18:16:04 asim-VirtualBox kernel: [    0.026446] pci_bus 0000:00: root bus resource [io  0x0d00-0xffff window]
Oct 31 18:16:04 asim-VirtualBox kernel: [    0.026447] pci_bus 0000:00: root bus resource [mem 0x000a0000-0x000bffff window]
Oct 31 18:16:04 asim-VirtualBox kernel: [    0.026448] pci_bus 0000:00: root bus resource [mem 0xe0000000-0xfdffffff window]
Oct 31 18:16:04 asim-VirtualBox kernel: [    0.026449] pci_bus 0000:00: root bus resource [bus 00-ff]
Oct 31 18:16:04 asim-VirtualBox kernel: [    0.026494] pci 0000:00:00.0: [8086:1237] type 00 class 0x060000
Oct 31 18:16:04 asim-VirtualBox kernel: [    0.027129] pci 0000:00:01.0: [8086:7000] type 00 class 0x060100
Oct 31 18:16:04 asim-VirtualBox kernel: [    0.027931] pci 0000:00:01.1: [8086:7111] type 00 class 0x01018a
Oct 31 18:16:04 asim-VirtualBox kernel: [    0.028437] pci 0000:00:01.1: reg 0x20: [io  0xd000-0xd00f]
Oct 31 18:16:04 asim-VirtualBox kernel: [    0.028650] pci 0000:00:01.1: legacy IDE quirk: reg 0x10: [io  0x01f0-0x01f7]
Oct 31 18:16:04 asim-VirtualBox kernel: [    0.028650] pci 0000:00:01.1: legacy IDE quirk: reg 0x14: [io  0x03f6]
Oct 31 18:16:04 asim-VirtualBox kernel: [    0.028651] pci 0000:00:01.1: legacy IDE quirk: reg 0x18: [io  0x0170-0x0177]
Oct 31 18:16:04 asim-VirtualBox kernel: [    0.028652] pci 0000:00:01.1: legacy IDE quirk: reg 0x1c: [io  0x0376]
Oct 31 18:16:04 asim-VirtualBox kernel: [    0.028888] pci 0000:00:02.0: [80ee:beef] type 00 class 0x030000
Oct 31 18:16:04 asim-VirtualBox kernel: [    0.032048] pci 0000:00:02.0: reg 0x10: [mem 0xe0000000-0xe0ffffff pref]
Oct 31 18:16:04 asim-VirtualBox kernel: [    0.051697] pci 0000:00:03.0: [8086:100e] type 00 class 0x020000
Oct 31 18:16:04 asim-VirtualBox kernel: [    0.052118] pci 0000:00:03.0: reg 0x10: [mem 0xf0000000-0xf001ffff]
Oct 31 18:16:04 asim-VirtualBox kernel: [    0.060113] pci 0000:00:03.0: reg 0x18: [io  0xd010-0xd017]
Oct 31 18:16:04 asim-VirtualBox kernel: [    0.072482] pci 0000:00:04.0: [80ee:cafe] type 00 class 0x088000
Oct 31 18:16:04 asim-VirtualBox kernel: [    0.076074] pci 0000:00:04.0: reg 0x10: [io  0xd020-0xd03f]
Oct 31 18:16:04 asim-VirtualBox kernel: [    0.078928] pci 0000:00:04.0: reg 0x14: [mem 0xf0400000-0xf07fffff]
Oct 31 18:16:04 asim-VirtualBox kernel: [    0.080091] pci 0000:00:04.0: reg 0x18: [mem 0xf0800000-0xf0803fff pref]
Oct 31 18:16:04 asim-VirtualBox kernel: [    0.092481] pci 0000:00:05.0: [8086:2415] type 00 class 0x040100
Oct 31 18:16:04 asim-VirtualBox kernel: [    0.092658] pci 0000:00:05.0: reg 0x10: [io  0xd100-0xd1ff]
Oct 31 18:16:04 asim-VirtualBox kernel: [    0.092754] pci 0000:00:05.0: reg 0x14: [io  0xd200-0xd23f]
Oct 31 18:16:04 asim-VirtualBox kernel: [    0.093475] pci 0000:00:06.0: [106b:003f] type 00 class 0x0c0310
Oct 31 18:16:04 asim-VirtualBox kernel: [    0.096112] pci 0000:00:06.0: reg 0x10: [mem 0xf0804000-0xf0804fff]
Oct 31 18:16:04 asim-VirtualBox kernel: [    0.116564] pci 0000:00:07.0: [8086:7113] type 00 class 0x068000
Oct 31 18:16:04 asim-VirtualBox kernel: [    0.117016] pci 0000:00:07.0: quirk: [io  0x4000-0x403f] claimed by PIIX4 ACPI
Oct 31 18:16:04 asim-VirtualBox kernel: [    0.117028] pci 0000:00:07.0: quirk: [io  0x4100-0x410f] claimed by PIIX4 SMB
Oct 31 18:16:04 asim-VirtualBox kernel: [    0.117347] pci 0000:00:0d.0: [8086:2829] type 00 class 0x010601
Oct 31 18:16:04 asim-VirtualBox kernel: [    0.120138] pci 0000:00:0d.0: reg 0x10: [io  0xd240-0xd247]
Oct 31 18:16:04 asim-VirtualBox kernel: [    0.124132] pci 0000:00:0d.0: reg 0x14: [io  0xd248-0xd24b]
Oct 31 18:16:04 asim-VirtualBox kernel: [    0.128131] pci 0000:00:0d.0: reg 0x18: [io  0xd250-0xd257]
Oct 31 18:16:04 asim-VirtualBox kernel: [    0.132130] pci 0000:00:0d.0: reg 0x1c: [io  0xd258-0xd25b]
Oct 31 18:16:04 asim-VirtualBox kernel: [    0.135221] pci 0000:00:0d.0: reg 0x20: [io  0xd260-0xd26f]
Oct 31 18:16:04 asim-VirtualBox kernel: [    0.136130] pci 0000:00:0d.0: reg 0x24: [mem 0xf0806000-0xf0807fff]
Oct 31 18:16:04 asim-VirtualBox kernel: [    0.141837] ACPI: PCI Interrupt Link [LNKA] (IRQs 5 9 10 *11)
Oct 31 18:16:04 asim-VirtualBox kernel: [    0.142076] ACPI: PCI Interrupt Link [LNKB] (IRQs 5 9 *10 11)
Oct 31 18:16:04 asim-VirtualBox kernel: [    0.142177] ACPI: PCI Interrupt Link [LNKC] (IRQs 5 *9 10 11)
Oct 31 18:16:04 asim-VirtualBox kernel: [    0.142277] ACPI: PCI Interrupt Link [LNKD] (IRQs 5 9 10 *11)
Oct 31 18:16:04 asim-VirtualBox kernel: [    0.142562] SCSI subsystem initialized
Oct 31 18:16:04 asim-VirtualBox kernel: [    0.142605] libata version 3.00 loaded.
Oct 31 18:16:04 asim-VirtualBox kernel: [    0.142652] pci 0000:00:02.0: vgaarb: setting as boot VGA device
Oct 31 18:16:04 asim-VirtualBox kernel: [    0.142654] pci 0000:00:02.0: vgaarb: VGA device added: decodes=io+mem,owns=io+mem,locks=none
Oct 31 18:16:04 asim-VirtualBox kernel: [    0.144002] pci 0000:00:02.0: vgaarb: bridge control possible
Oct 31 18:16:04 asim-VirtualBox kernel: [    0.144002] vgaarb: loaded
Oct 31 18:16:04 asim-VirtualBox kernel: [    0.144022] ACPI: bus type USB registered
Oct 31 18:16:04 asim-VirtualBox kernel: [    0.144032] usbcore: registered new interface driver usbfs
Oct 31 18:16:04 asim-VirtualBox kernel: [    0.144036] usbcore: registered new interface driver hub
Oct 31 18:16:04 asim-VirtualBox kernel: [    0.144042] usbcore: registered new device driver usb
Oct 31 18:16:04 asim-VirtualBox kernel: [    0.144074] EDAC MC: Ver: 3.0.0
Oct 31 18:16:04 asim-VirtualBox kernel: [    0.144547] PCI: Using ACPI for IRQ routing
Oct 31 18:16:04 asim-VirtualBox kernel: [    0.144548] PCI: pci_cache_line_size set to 64 bytes
Oct 31 18:16:04 asim-VirtualBox kernel: [    0.144753] e820: reserve RAM buffer [mem 0x0009fc00-0x0009ffff]
Oct 31 18:16:04 asim-VirtualBox kernel: [    0.144756] e820: reserve RAM buffer [mem 0xdfff0000-0xdfffffff]
Oct 31 18:16:04 asim-VirtualBox kernel: [    0.144756] e820: reserve RAM buffer [mem 0x279300000-0x27bffffff]
Oct 31 18:16:04 asim-VirtualBox kernel: [    0.144822] NetLabel: Initializing
Oct 31 18:16:04 asim-VirtualBox kernel: [    0.144823] NetLabel:  domain hash size = 128
Oct 31 18:16:04 asim-VirtualBox kernel: [    0.144823] NetLabel:  protocols = UNLABELED CIPSOv4 CALIPSO
Oct 31 18:16:04 asim-VirtualBox kernel: [    0.144834] NetLabel:  unlabeled traffic allowed by default
Oct 31 18:16:04 asim-VirtualBox kernel: [    0.144967] clocksource: Switched to clocksource kvm-clock
Oct 31 18:16:04 asim-VirtualBox kernel: [    0.151318] VFS: Disk quotas dquot_6.6.0
Oct 31 18:16:04 asim-VirtualBox kernel: [    0.151328] VFS: Dquot-cache hash table entries: 512 (order 0, 4096 bytes)
Oct 31 18:16:04 asim-VirtualBox kernel: [    0.151391] AppArmor: AppArmor Filesystem Enabled
Oct 31 18:16:04 asim-VirtualBox kernel: [    0.151409] pnp: PnP ACPI init
Oct 31 18:16:04 asim-VirtualBox kernel: [    0.151463] pnp 00:00: Plug and Play ACPI device, IDs PNP0303 (active)
Oct 31 18:16:04 asim-VirtualBox kernel: [    0.151526] pnp 00:01: Plug and Play ACPI device, IDs PNP0f03 (active)
Oct 31 18:16:04 asim-VirtualBox kernel: [    0.152388] pnp: PnP ACPI: found 2 devices
Oct 31 18:16:04 asim-VirtualBox kernel: [    0.157670] clocksource: acpi_pm: mask: 0xffffff max_cycles: 0xffffff, max_idle_ns: 2085701024 ns
Oct 31 18:16:04 asim-VirtualBox kernel: [    0.157676] pci_bus 0000:00: resource 4 [io  0x0000-0x0cf7 window]
Oct 31 18:16:04 asim-VirtualBox kernel: [    0.157678] pci_bus 0000:00: resource 5 [io  0x0d00-0xffff window]
Oct 31 18:16:04 asim-VirtualBox kernel: [    0.157679] pci_bus 0000:00: resource 6 [mem 0x000a0000-0x000bffff window]
Oct 31 18:16:04 asim-VirtualBox kernel: [    0.157680] pci_bus 0000:00: resource 7 [mem 0xe0000000-0xfdffffff window]
Oct 31 18:16:04 asim-VirtualBox kernel: [    0.157710] NET: Registered protocol family 2
Oct 31 18:16:04 asim-VirtualBox kernel: [    0.158036] TCP established hash table entries: 131072 (order: 8, 1048576 bytes)
Oct 31 18:16:04 asim-VirtualBox kernel: [    0.158135] TCP bind hash table entries: 65536 (order: 8, 1048576 bytes)
Oct 31 18:16:04 asim-VirtualBox kernel: [    0.158183] TCP: Hash tables configured (established 131072 bind 65536)
Oct 31 18:16:04 asim-VirtualBox kernel: [    0.158201] UDP hash table entries: 8192 (order: 6, 262144 bytes)
Oct 31 18:16:04 asim-VirtualBox kernel: [    0.158436] UDP-Lite hash table entries: 8192 (order: 6, 262144 bytes)
Oct 31 18:16:04 asim-VirtualBox kernel: [    0.158471] NET: Registered protocol family 1
Oct 31 18:16:04 asim-VirtualBox kernel: [    0.158480] pci 0000:00:00.0: Limiting direct PCI/PCI transfers
Oct 31 18:16:04 asim-VirtualBox kernel: [    0.158508] pci 0000:00:01.0: Activating ISA DMA hang workarounds
Oct 31 18:16:04 asim-VirtualBox kernel: [    0.158562] pci 0000:00:02.0: Video device with shadowed ROM at [mem 0x000c0000-0x000dffff]
Oct 31 18:16:04 asim-VirtualBox kernel: [    0.159635] PCI: CLS 0 bytes, default 64
Oct 31 18:16:04 asim-VirtualBox kernel: [    0.159658] Unpacking initramfs...
Oct 31 18:16:04 asim-VirtualBox kernel: [    0.640079] Freeing initrd memory: 52904K
Oct 31 18:16:04 asim-VirtualBox kernel: [    0.640079] PCI-DMA: Using software bounce buffering for IO (SWIOTLB)
Oct 31 18:16:04 asim-VirtualBox kernel: [    0.640079] software IO TLB [mem 0xdbff0000-0xdfff0000] (64MB) mapped at [        (ptrval)-        (ptrval)]
Oct 31 18:16:04 asim-VirtualBox kernel: [    0.643541] platform rtc_cmos: registered platform RTC device (no PNP device found)
Oct 31 18:16:04 asim-VirtualBox kernel: [    0.643555] Scanning for low memory corruption every 60 seconds
Oct 31 18:16:04 asim-VirtualBox kernel: [    0.643884] Initialise system trusted keyrings
Oct 31 18:16:04 asim-VirtualBox kernel: [    0.643890] Key type blacklist registered
Oct 31 18:16:04 asim-VirtualBox kernel: [    0.643914] workingset: timestamp_bits=36 max_order=22 bucket_order=0
Oct 31 18:16:04 asim-VirtualBox kernel: [    0.644544] zbud: loaded
Oct 31 18:16:04 asim-VirtualBox kernel: [    0.644841] squashfs: version 4.0 (2009/01/31) Phillip Lougher
Oct 31 18:16:04 asim-VirtualBox kernel: [    0.644909] fuse init (API version 7.26)
Oct 31 18:16:04 asim-VirtualBox kernel: [    0.645366] Key type asymmetric registered
Oct 31 18:16:04 asim-VirtualBox kernel: [    0.645366] Asymmetric key parser 'x509' registered
Oct 31 18:16:04 asim-VirtualBox kernel: [    0.645383] Block layer SCSI generic (bsg) driver version 0.4 loaded (major 246)
Oct 31 18:16:04 asim-VirtualBox kernel: [    0.645399] io scheduler noop registered
Oct 31 18:16:04 asim-VirtualBox kernel: [    0.645399] io scheduler deadline registered
Oct 31 18:16:04 asim-VirtualBox kernel: [    0.645424] io scheduler cfq registered (default)
Oct 31 18:16:04 asim-VirtualBox kernel: [    0.645793] ACPI: AC Adapter [AC] (off-line)
Oct 31 18:16:04 asim-VirtualBox kernel: [    0.645828] input: Power Button as /devices/LNXSYSTM:00/LNXPWRBN:00/input/input0
Oct 31 18:16:04 asim-VirtualBox kernel: [    0.645840] ACPI: Power Button [PWRF]
Oct 31 18:16:04 asim-VirtualBox kernel: [    0.645907] input: Sleep Button as /devices/LNXSYSTM:00/LNXSLPBN:00/input/input1
Oct 31 18:16:04 asim-VirtualBox kernel: [    0.645913] ACPI: Sleep Button [SLPF]
Oct 31 18:16:04 asim-VirtualBox kernel: [    0.647161] ACPI: Battery Slot [BAT0] (battery present)
Oct 31 18:16:04 asim-VirtualBox kernel: [    0.647182] Serial: 8250/16550 driver, 32 ports, IRQ sharing enabled
Oct 31 18:16:04 asim-VirtualBox kernel: [    0.648039] Linux agpgart interface v0.103
Oct 31 18:16:04 asim-VirtualBox kernel: [    0.648672] loop: module loaded
Oct 31 18:16:04 asim-VirtualBox kernel: [    0.648733] ata_piix 0000:00:01.1: version 2.13
Oct 31 18:16:04 asim-VirtualBox kernel: [    0.648995] scsi host0: ata_piix
Oct 31 18:16:04 asim-VirtualBox kernel: [    0.649030] scsi host1: ata_piix
Oct 31 18:16:04 asim-VirtualBox kernel: [    0.649045] ata1: PATA max UDMA/33 cmd 0x1f0 ctl 0x3f6 bmdma 0xd000 irq 14
Oct 31 18:16:04 asim-VirtualBox kernel: [    0.649046] ata2: PATA max UDMA/33 cmd 0x170 ctl 0x376 bmdma 0xd008 irq 15
Oct 31 18:16:04 asim-VirtualBox kernel: [    0.649083] libphy: Fixed MDIO Bus: probed
Oct 31 18:16:04 asim-VirtualBox kernel: [    0.649083] tun: Universal TUN/TAP device driver, 1.6
Oct 31 18:16:04 asim-VirtualBox kernel: [    0.649375] PPP generic driver version 2.4.2
Oct 31 18:16:04 asim-VirtualBox kernel: [    0.649398] ehci_hcd: USB 2.0 'Enhanced' Host Controller (EHCI) Driver
Oct 31 18:16:04 asim-VirtualBox kernel: [    0.649400] ehci-pci: EHCI PCI platform driver
Oct 31 18:16:04 asim-VirtualBox kernel: [    0.649405] ehci-platform: EHCI generic platform driver
Oct 31 18:16:04 asim-VirtualBox kernel: [    0.649408] ohci_hcd: USB 1.1 'Open' Host Controller (OHCI) Driver
Oct 31 18:16:04 asim-VirtualBox kernel: [    0.649409] ohci-pci: OHCI PCI platform driver
Oct 31 18:16:04 asim-VirtualBox kernel: [    0.649985] ohci-pci 0000:00:06.0: OHCI PCI host controller
Oct 31 18:16:04 asim-VirtualBox kernel: [    0.649989] ohci-pci 0000:00:06.0: new USB bus registered, assigned bus number 1
Oct 31 18:16:04 asim-VirtualBox kernel: [    0.650033] ohci-pci 0000:00:06.0: irq 22, io mem 0xf0804000
Oct 31 18:16:04 asim-VirtualBox kernel: [    0.709723] usb usb1: New USB device found, idVendor=1d6b, idProduct=0001
Oct 31 18:16:04 asim-VirtualBox kernel: [    0.709725] usb usb1: New USB device strings: Mfr=3, Product=2, SerialNumber=1
Oct 31 18:16:04 asim-VirtualBox kernel: [    0.709726] usb usb1: Product: OHCI PCI host controller
Oct 31 18:16:04 asim-VirtualBox kernel: [    0.709727] usb usb1: Manufacturer: Linux 4.15.0-29-generic ohci_hcd
Oct 31 18:16:04 asim-VirtualBox kernel: [    0.709729] usb usb1: SerialNumber: 0000:00:06.0
Oct 31 18:16:04 asim-VirtualBox kernel: [    0.709840] hub 1-0:1.0: USB hub found
Oct 31 18:16:04 asim-VirtualBox kernel: [    0.709854] hub 1-0:1.0: 12 ports detected
Oct 31 18:16:04 asim-VirtualBox kernel: [    0.710235] ohci-platform: OHCI generic platform driver
Oct 31 18:16:04 asim-VirtualBox kernel: [    0.710244] uhci_hcd: USB Universal Host Controller Interface driver
Oct 31 18:16:04 asim-VirtualBox kernel: [    0.710320] i8042: PNP: PS/2 Controller [PNP0303:PS2K,PNP0f03:PS2M] at 0x60,0x64 irq 1,12
Oct 31 18:16:04 asim-VirtualBox kernel: [    0.710693] serio: i8042 KBD port at 0x60,0x64 irq 1
Oct 31 18:16:04 asim-VirtualBox kernel: [    0.710696] serio: i8042 AUX port at 0x60,0x64 irq 12
Oct 31 18:16:04 asim-VirtualBox kernel: [    0.710766] mousedev: PS/2 mouse device common for all mice
Oct 31 18:16:04 asim-VirtualBox kernel: [    0.710955] input: AT Translated Set 2 keyboard as /devices/platform/i8042/serio0/input/input2
Oct 31 18:16:04 asim-VirtualBox kernel: [    0.711243] rtc_cmos rtc_cmos: rtc core: registered rtc_cmos as rtc0
Oct 31 18:16:04 asim-VirtualBox kernel: [    0.711284] rtc_cmos rtc_cmos: alarms up to one day, 114 bytes nvram
Oct 31 18:16:04 asim-VirtualBox kernel: [    0.711288] i2c /dev entries driver
Oct 31 18:16:04 asim-VirtualBox kernel: [    0.711327] device-mapper: uevent: version 1.0.3
Oct 31 18:16:04 asim-VirtualBox kernel: [    0.711362] device-mapper: ioctl: 4.37.0-ioctl (2017-09-20) initialised: dm-devel@redhat.com
Oct 31 18:16:04 asim-VirtualBox kernel: [    0.711368] ledtrig-cpu: registered to indicate activity on CPUs
Oct 31 18:16:04 asim-VirtualBox kernel: [    0.711480] intel_pmc_core:  initialized
Oct 31 18:16:04 asim-VirtualBox kernel: [    0.711606] NET: Registered protocol family 10
Oct 31 18:16:04 asim-VirtualBox kernel: [    0.714822] Segment Routing with IPv6
Oct 31 18:16:04 asim-VirtualBox kernel: [    0.714841] NET: Registered protocol family 17
Oct 31 18:16:04 asim-VirtualBox kernel: [    0.714865] Key type dns_resolver registered
Oct 31 18:16:04 asim-VirtualBox kernel: [    0.714949] RAS: Correctable Errors collector initialized.
Oct 31 18:16:04 asim-VirtualBox kernel: [    0.714961] sched_clock: Marking stable (712211279, 0)->(915558778, -203347499)
Oct 31 18:16:04 asim-VirtualBox kernel: [    0.715059] registered taskstats version 1
Oct 31 18:16:04 asim-VirtualBox kernel: [    0.715065] Loading compiled-in X.509 certificates
Oct 31 18:16:04 asim-VirtualBox kernel: [    0.716526] Loaded X.509 cert 'Build time autogenerated kernel key: 1cc37f41791529df57507d3747a6804ab53f482b'
Oct 31 18:16:04 asim-VirtualBox kernel: [    0.716540] zswap: loaded using pool lzo/zbud
Oct 31 18:16:04 asim-VirtualBox kernel: [    0.718421] Key type big_key registered
Oct 31 18:16:04 asim-VirtualBox kernel: [    0.718423] Key type trusted registered
Oct 31 18:16:04 asim-VirtualBox kernel: [    0.719301] Key type encrypted registered
Oct 31 18:16:04 asim-VirtualBox kernel: [    0.719302] AppArmor: AppArmor sha1 policy hashing enabled
Oct 31 18:16:04 asim-VirtualBox kernel: [    0.719308] ima: No TPM chip found, activating TPM-bypass! (rc=-19)
Oct 31 18:16:04 asim-VirtualBox kernel: [    0.719319] evm: HMAC attrs: 0x1
Oct 31 18:16:04 asim-VirtualBox kernel: [    0.719593]   Magic number: 6:410:301
Oct 31 18:16:04 asim-VirtualBox kernel: [    0.719612] tty tty30: hash matches
Oct 31 18:16:04 asim-VirtualBox kernel: [    0.719658] rtc_cmos rtc_cmos: setting system clock to 2018-10-31 22:16:01 UTC (1541024161)
Oct 31 18:16:04 asim-VirtualBox kernel: [    0.719703] BIOS EDD facility v0.16 2004-Jun-25, 0 devices found
Oct 31 18:16:04 asim-VirtualBox kernel: [    0.719703] EDD information not available.
Oct 31 18:16:04 asim-VirtualBox kernel: [    0.809303] ata2.00: ATAPI: VBOX CD-ROM, 1.0, max UDMA/133
Oct 31 18:16:04 asim-VirtualBox kernel: [    0.810286] ata2.00: configured for UDMA/33
Oct 31 18:16:04 asim-VirtualBox kernel: [    0.810899] scsi 1:0:0:0: CD-ROM            VBOX     CD-ROM           1.0  PQ: 0 ANSI: 5
Oct 31 18:16:04 asim-VirtualBox kernel: [    0.832922] sr 1:0:0:0: [sr0] scsi3-mmc drive: 32x/32x xa/form2 tray
Oct 31 18:16:04 asim-VirtualBox kernel: [    0.832925] cdrom: Uniform CD-ROM driver Revision: 3.20
Oct 31 18:16:04 asim-VirtualBox kernel: [    0.833046] sr 1:0:0:0: Attached scsi CD-ROM sr0
Oct 31 18:16:04 asim-VirtualBox kernel: [    0.833238] sr 1:0:0:0: Attached scsi generic sg0 type 5
Oct 31 18:16:04 asim-VirtualBox kernel: [    0.836103] Freeing unused kernel memory: 2408K
Oct 31 18:16:04 asim-VirtualBox kernel: [    0.844706] Write protecting the kernel read-only data: 20480k
Oct 31 18:16:04 asim-VirtualBox kernel: [    0.845429] Freeing unused kernel memory: 2008K
Oct 31 18:16:04 asim-VirtualBox kernel: [    0.849364] Freeing unused kernel memory: 1904K
Oct 31 18:16:04 asim-VirtualBox kernel: [    0.854382] x86/mm: Checked W+X mappings: passed, no W+X pages found.
Oct 31 18:16:04 asim-VirtualBox kernel: [    0.854383] x86/mm: Checking user space page tables
Oct 31 18:16:04 asim-VirtualBox kernel: [    0.858989] x86/mm: Checked W+X mappings: passed, no W+X pages found.
Oct 31 18:16:04 asim-VirtualBox kernel: [    0.924074] ACPI: Video Device [GFX0] (multi-head: yes  rom: no  post: no)
Oct 31 18:16:04 asim-VirtualBox kernel: [    0.924118] input: Video Bus as /devices/LNXSYSTM:00/LNXSYBUS:00/PNP0A03:00/LNXVIDEO:00/input/input4
Oct 31 18:16:04 asim-VirtualBox kernel: [    0.939294] e1000: Intel(R) PRO/1000 Network Driver - version 7.3.21-k8-NAPI
Oct 31 18:16:04 asim-VirtualBox kernel: [    0.939294] e1000: Copyright (c) 1999-2006 Intel Corporation.
Oct 31 18:16:04 asim-VirtualBox kernel: [    1.104275] usb 1-1: new full-speed USB device number 2 using ohci-pci
Oct 31 18:16:04 asim-VirtualBox kernel: [    1.149669] input: ImExPS/2 Generic Explorer Mouse as /devices/platform/i8042/serio1/input/input5
Oct 31 18:16:04 asim-VirtualBox kernel: [    1.334776] e1000 0000:00:03.0 eth0: (PCI:33MHz:32-bit) 08:00:27:f3:3c:43
Oct 31 18:16:04 asim-VirtualBox kernel: [    1.334780] e1000 0000:00:03.0 eth0: Intel(R) PRO/1000 Network Connection
Oct 31 18:16:04 asim-VirtualBox kernel: [    1.334902] piix4_smbus 0000:00:07.0: SMBus Host Controller at 0x4100, revision 0
Oct 31 18:16:04 asim-VirtualBox kernel: [    1.335081] ahci 0000:00:0d.0: version 3.0
Oct 31 18:16:04 asim-VirtualBox kernel: [    1.335710] ahci 0000:00:0d.0: SSS flag set, parallel bus scan disabled
Oct 31 18:16:04 asim-VirtualBox kernel: [    1.335855] ahci 0000:00:0d.0: AHCI 0001.0100 32 slots 1 ports 3 Gbps 0x1 impl SATA mode
Oct 31 18:16:04 asim-VirtualBox kernel: [    1.335857] ahci 0000:00:0d.0: flags: 64bit ncq stag only ccc 
Oct 31 18:16:04 asim-VirtualBox kernel: [    1.337276] e1000 0000:00:03.0 enp0s3: renamed from eth0
Oct 31 18:16:04 asim-VirtualBox kernel: [    1.338153] scsi host2: ahci
Oct 31 18:16:04 asim-VirtualBox kernel: [    1.338191] ata3: SATA max UDMA/133 abar m8192@0xf0806000 port 0xf0806100 irq 21
Oct 31 18:16:04 asim-VirtualBox kernel: [    1.420375] usb 1-1: New USB device found, idVendor=80ee, idProduct=0021
Oct 31 18:16:04 asim-VirtualBox kernel: [    1.420377] usb 1-1: New USB device strings: Mfr=1, Product=3, SerialNumber=0
Oct 31 18:16:04 asim-VirtualBox kernel: [    1.420378] usb 1-1: Product: USB Tablet
Oct 31 18:16:04 asim-VirtualBox kernel: [    1.420379] usb 1-1: Manufacturer: VirtualBox
Oct 31 18:16:04 asim-VirtualBox kernel: [    1.426670] hidraw: raw HID events driver (C) Jiri Kosina
Oct 31 18:16:04 asim-VirtualBox kernel: [    1.437108] usbcore: registered new interface driver usbhid
Oct 31 18:16:04 asim-VirtualBox kernel: [    1.437110] usbhid: USB HID core driver
Oct 31 18:16:04 asim-VirtualBox kernel: [    1.437566] random: fast init done
Oct 31 18:16:04 asim-VirtualBox kernel: [    1.437626] random: systemd-udevd: uninitialized urandom read (16 bytes read)
Oct 31 18:16:04 asim-VirtualBox kernel: [    1.437635] random: systemd-udevd: uninitialized urandom read (16 bytes read)
Oct 31 18:16:04 asim-VirtualBox kernel: [    1.437642] random: systemd-udevd: uninitialized urandom read (16 bytes read)
Oct 31 18:16:04 asim-VirtualBox kernel: [    1.437665] random: systemd-udevd: uninitialized urandom read (16 bytes read)
Oct 31 18:16:04 asim-VirtualBox kernel: [    1.437819] random: systemd-udevd: uninitialized urandom read (16 bytes read)
Oct 31 18:16:04 asim-VirtualBox kernel: [    1.437827] random: systemd-udevd: uninitialized urandom read (16 bytes read)
Oct 31 18:16:04 asim-VirtualBox kernel: [    1.437865] random: systemd-udevd: uninitialized urandom read (16 bytes read)
Oct 31 18:16:04 asim-VirtualBox kernel: [    1.438870] random: systemd-udevd: uninitialized urandom read (16 bytes read)
Oct 31 18:16:04 asim-VirtualBox kernel: [    1.438881] random: systemd-udevd: uninitialized urandom read (16 bytes read)
Oct 31 18:16:04 asim-VirtualBox kernel: [    1.438885] random: systemd-udevd: uninitialized urandom read (16 bytes read)
Oct 31 18:16:04 asim-VirtualBox kernel: [    1.439210] input: VirtualBox USB Tablet as /devices/pci0000:00/0000:00:06.0/usb1/1-1/1-1:1.0/0003:80EE:0021.0001/input/input6
Oct 31 18:16:04 asim-VirtualBox kernel: [    1.439420] hid-generic 0003:80EE:0021.0001: input,hidraw0: USB HID v1.10 Mouse [VirtualBox USB Tablet] on usb-0000:00:06.0-1/input0
Oct 31 18:16:04 asim-VirtualBox kernel: [    1.651095] ata3: SATA link up 3.0 Gbps (SStatus 123 SControl 300)
Oct 31 18:16:04 asim-VirtualBox kernel: [    1.651318] ata3.00: ATA-6: VBOX HARDDISK, 1.0, max UDMA/133
Oct 31 18:16:04 asim-VirtualBox kernel: [    1.651320] ata3.00: 62914560 sectors, multi 128: LBA48 NCQ (depth 31/32)
Oct 31 18:16:04 asim-VirtualBox kernel: [    1.651585] ata3.00: configured for UDMA/133
Oct 31 18:16:04 asim-VirtualBox kernel: [    1.651726] scsi 2:0:0:0: Direct-Access     ATA      VBOX HARDDISK    1.0  PQ: 0 ANSI: 5
Oct 31 18:16:04 asim-VirtualBox kernel: [    1.651902] sd 2:0:0:0: [sda] 62914560 512-byte logical blocks: (32.2 GB/30.0 GiB)
Oct 31 18:16:04 asim-VirtualBox kernel: [    1.651909] sd 2:0:0:0: [sda] Write Protect is off
Oct 31 18:16:04 asim-VirtualBox kernel: [    1.651910] sd 2:0:0:0: [sda] Mode Sense: 00 3a 00 00
Oct 31 18:16:04 asim-VirtualBox kernel: [    1.651920] sd 2:0:0:0: [sda] Write cache: enabled, read cache: enabled, doesn't support DPO or FUA
Oct 31 18:16:04 asim-VirtualBox kernel: [    1.652069] sd 2:0:0:0: Attached scsi generic sg1 type 0
Oct 31 18:16:04 asim-VirtualBox kernel: [    1.653827]  sda: sda1 sda2 < sda5 >
Oct 31 18:16:04 asim-VirtualBox kernel: [    1.654042] sd 2:0:0:0: [sda] Attached SCSI disk
Oct 31 18:16:04 asim-VirtualBox kernel: [    1.664376] tsc: Refined TSC clocksource calibration: 2207.134 MHz
Oct 31 18:16:04 asim-VirtualBox kernel: [    1.664379] clocksource: tsc: mask: 0xffffffffffffffff max_cycles: 0x1fd08619038, max_idle_ns: 440795246737 ns
Oct 31 18:16:04 asim-VirtualBox kernel: [    1.714961] EXT4-fs (sda5): mounted filesystem with ordered data mode. Opts: (null)
Oct 31 18:16:04 asim-VirtualBox kernel: [    1.830774] ip_tables: (C) 2000-2006 Netfilter Core Team
Oct 31 18:16:04 asim-VirtualBox kernel: [    1.838759] systemd[1]: systemd 237 running in system mode. (+PAM +AUDIT +SELINUX +IMA +APPARMOR +SMACK +SYSVINIT +UTMP +LIBCRYPTSETUP +GCRYPT +GNUTLS +ACL +XZ +LZ4 +SECCOMP +BLKID +ELFUTILS +KMOD -IDN2 +IDN -PCRE2 default-hierarchy=hybrid)
Oct 31 18:16:04 asim-VirtualBox kernel: [    1.838783] systemd[1]: Detected virtualization oracle.
Oct 31 18:16:04 asim-VirtualBox kernel: [    1.838788] systemd[1]: Detected architecture x86-64.
Oct 31 18:16:04 asim-VirtualBox kernel: [    1.840175] systemd[1]: Set hostname to <asim-VirtualBox>.
Oct 31 18:16:04 asim-VirtualBox kernel: [    1.843776] systemd[1]: Initializing machine ID from random generator.
Oct 31 18:16:04 asim-VirtualBox kernel: [    1.843798] systemd[1]: Installed transient /etc/machine-id file.
Oct 31 18:16:04 asim-VirtualBox kernel: [    1.985148] systemd[1]: Reached target User and Group Name Lookups.
Oct 31 18:16:04 asim-VirtualBox kernel: [    1.985207] systemd[1]: Started Forward Password Requests to Wall Directory Watch.
Oct 31 18:16:04 asim-VirtualBox kernel: [    1.985313] systemd[1]: Created slice User and Session Slice.
Oct 31 18:16:04 asim-VirtualBox kernel: [    1.985390] systemd[1]: Created slice System Slice.
Oct 31 18:16:04 asim-VirtualBox kernel: [    2.075072] EXT4-fs (sda5): re-mounted. Opts: errors=remount-ro
Oct 31 18:16:04 asim-VirtualBox kernel: [    2.127953] Adding 619624k swap on /swapfile.  Priority:-2 extents:3 across:636008k FS
Oct 31 18:16:04 asim-VirtualBox kernel: [    2.144760] lp: driver loaded but no devices found
Oct 31 18:16:04 asim-VirtualBox kernel: [    2.147384] systemd-journald[223]: Received request to flush runtime journal from PID 1
Oct 31 18:16:04 asim-VirtualBox kernel: [    2.157501] ppdev: user-space parallel port driver
Oct 31 18:16:04 asim-VirtualBox kernel: [    2.461674] vboxvideo: module is from the staging directory, the quality is unknown, you have been warned.
Oct 31 18:16:04 asim-VirtualBox kernel: [    2.461689] vboxvideo: module verification failed: signature and/or required key missing - tainting kernel
Oct 31 18:16:04 asim-VirtualBox kernel: [    2.462494] [drm] VRAM 01000000
Oct 31 18:16:04 asim-VirtualBox kernel: [    2.465624] [TTM] Zone  kernel: Available graphics memory: 4802586 kiB
Oct 31 18:16:04 asim-VirtualBox kernel: [    2.465625] [TTM] Zone   dma32: Available graphics memory: 2097152 kiB
Oct 31 18:16:04 asim-VirtualBox kernel: [    2.465625] [TTM] Initializing pool allocator
Oct 31 18:16:04 asim-VirtualBox kernel: [    2.465627] [TTM] Initializing DMA pool allocator
Oct 31 18:16:04 asim-VirtualBox kernel: [    2.466830] fbcon: vboxdrmfb (fb0) is primary device
Oct 31 18:16:04 asim-VirtualBox kernel: [    2.468250] Console: switching to colour frame buffer device 100x37
Oct 31 18:16:04 asim-VirtualBox kernel: [    2.469096] vboxvideo 0000:00:02.0: fb0: vboxdrmfb frame buffer device
Oct 31 18:16:04 asim-VirtualBox kernel: [    2.469104] [drm] Initialized vboxvideo 1.0.0 20130823 for 0000:00:02.0 on minor 0
Oct 31 18:16:04 asim-VirtualBox kernel: [    2.513032] vgdrvHeartbeatInit: Setting up heartbeat to trigger every 2000 milliseconds
Oct 31 18:16:04 asim-VirtualBox kernel: [    2.513088] input: Unspecified device as /devices/pci0000:00/0000:00:04.0/input/input7
Oct 31 18:16:04 asim-VirtualBox kernel: [    2.513174] vboxguest: misc device minor 55, IRQ 20, I/O port d020, MMIO at 00000000f0400000 (size 0x400000)
Oct 31 18:16:04 asim-VirtualBox kernel: [    2.513174] vboxguest: Successfully loaded version 5.2.8_KernelUbuntu (interface 0x00010004)
Oct 31 18:16:04 asim-VirtualBox kernel: [    2.643861] RAPL PMU: API unit is 2^-32 Joules, 5 fixed counters, 10737418240 ms ovfl timer
Oct 31 18:16:04 asim-VirtualBox kernel: [    2.643862] RAPL PMU: hw unit of domain pp0-core 2^-0 Joules
Oct 31 18:16:04 asim-VirtualBox kernel: [    2.643862] RAPL PMU: hw unit of domain package 2^-0 Joules
Oct 31 18:16:04 asim-VirtualBox kernel: [    2.643863] RAPL PMU: hw unit of domain dram 2^-0 Joules
Oct 31 18:16:04 asim-VirtualBox kernel: [    2.643863] RAPL PMU: hw unit of domain pp1-gpu 2^-0 Joules
Oct 31 18:16:04 asim-VirtualBox kernel: [    2.643864] RAPL PMU: hw unit of domain psys 2^-0 Joules
Oct 31 18:16:04 asim-VirtualBox kernel: [    2.696075] audit: type=1400 audit(1541024163.472:2): apparmor="STATUS" operation="profile_load" profile="unconfined" name="/sbin/dhclient" pid=359 comm="apparmor_parser"
Oct 31 18:16:04 asim-VirtualBox kernel: [    2.696077] audit: type=1400 audit(1541024163.472:3): apparmor="STATUS" operation="profile_load" profile="unconfined" name="/usr/lib/NetworkManager/nm-dhcp-client.action" pid=359 comm="apparmor_parser"
Oct 31 18:16:04 asim-VirtualBox kernel: [    2.696079] audit: type=1400 audit(1541024163.472:4): apparmor="STATUS" operation="profile_load" profile="unconfined" name="/usr/lib/NetworkManager/nm-dhcp-helper" pid=359 comm="apparmor_parser"
Oct 31 18:16:04 asim-VirtualBox kernel: [    2.696080] audit: type=1400 audit(1541024163.472:5): apparmor="STATUS" operation="profile_load" profile="unconfined" name="/usr/lib/connman/scripts/dhclient-script" pid=359 comm="apparmor_parser"
Oct 31 18:16:04 asim-VirtualBox kernel: [    2.703904] AVX2 version of gcm_enc/dec engaged.
Oct 31 18:16:04 asim-VirtualBox kernel: [    2.703905] AES CTR mode by8 optimization enabled
Oct 31 18:16:04 asim-VirtualBox kernel: [    2.753246] audit: type=1400 audit(1541024163.528:6): apparmor="STATUS" operation="profile_load" profile="unconfined" name="/usr/bin/evince" pid=361 comm="apparmor_parser"
Oct 31 18:16:04 asim-VirtualBox kernel: [    2.753248] audit: type=1400 audit(1541024163.528:7): apparmor="STATUS" operation="profile_load" profile="unconfined" name="/usr/bin/evince//sanitized_helper" pid=361 comm="apparmor_parser"
Oct 31 18:16:04 asim-VirtualBox kernel: [    2.753250] audit: type=1400 audit(1541024163.528:8): apparmor="STATUS" operation="profile_load" profile="unconfined" name="/usr/bin/evince-previewer" pid=361 comm="apparmor_parser"
Oct 31 18:16:04 asim-VirtualBox kernel: [    2.753251] audit: type=1400 audit(1541024163.528:9): apparmor="STATUS" operation="profile_load" profile="unconfined" name="/usr/bin/evince-previewer//sanitized_helper" pid=361 comm="apparmor_parser"
Oct 31 18:16:04 asim-VirtualBox kernel: [    2.753252] audit: type=1400 audit(1541024163.528:10): apparmor="STATUS" operation="profile_load" profile="unconfined" name="/usr/bin/evince-thumbnailer" pid=361 comm="apparmor_parser"
Oct 31 18:16:04 asim-VirtualBox systemd[1]: Mounted POSIX Message Queue File System.
Oct 31 18:16:04 asim-VirtualBox systemd[1]: Mounted Kernel Debug File System.
Oct 31 18:16:04 asim-VirtualBox systemd[1]: Mounted Huge Pages File System.
Oct 31 18:16:04 asim-VirtualBox systemd[1]: Started Remount Root and Kernel File Systems.
Oct 31 18:16:04 asim-VirtualBox systemd[1]: Starting Load/Save Random Seed...
Oct 31 18:16:04 asim-VirtualBox systemd[1]: Activating swap /swapfile...
Oct 31 18:16:04 asim-VirtualBox systemd[1]: Starting Flush Journal to Persistent Storage...
Oct 31 18:16:04 asim-VirtualBox systemd[1]: Started Create Static Device Nodes in /dev.
Oct 31 18:16:04 asim-VirtualBox systemd[1]: Starting udev Kernel Device Manager...
Oct 31 18:16:04 asim-VirtualBox systemd-modules-load[224]: Inserted module 'lp'
Oct 31 18:16:04 asim-VirtualBox systemd[1]: Activated swap /swapfile.
Oct 31 18:16:04 asim-VirtualBox systemd[1]: Started Load/Save Random Seed.
Oct 31 18:16:04 asim-VirtualBox systemd[1]: Reached target Swap.
Oct 31 18:16:04 asim-VirtualBox systemd-modules-load[224]: Inserted module 'ppdev'
Oct 31 18:16:04 asim-VirtualBox systemd[1]: Started Flush Journal to Persistent Storage.
Oct 31 18:16:04 asim-VirtualBox systemd[1]: Started udev Kernel Device Manager.
Oct 31 18:16:04 asim-VirtualBox systemd[1]: Started Set the console keyboard layout.
Oct 31 18:16:04 asim-VirtualBox systemd-modules-load[224]: Inserted module 'parport_pc'
Oct 31 18:16:04 asim-VirtualBox systemd[1]: Starting Show Plymouth Boot Screen...
Oct 31 18:16:04 asim-VirtualBox systemd[1]: Reached target Local File Systems (Pre).
Oct 31 18:16:04 asim-VirtualBox systemd[1]: Reached target Local File Systems.
Oct 31 18:16:04 asim-VirtualBox systemd[1]: Starting Set console font and keymap...
Oct 31 18:16:04 asim-VirtualBox systemd[1]: Starting Clean up any mess left by 0dns-up...
Oct 31 18:16:04 asim-VirtualBox systemd[1]: Starting Tell Plymouth To Write Out Runtime Data...
Oct 31 18:16:04 asim-VirtualBox systemd[1]: Starting Commit a transient machine-id on disk...
Oct 31 18:16:04 asim-VirtualBox systemd[1]: Starting Create Volatile Files and Directories...
Oct 31 18:16:04 asim-VirtualBox systemd[1]: Starting AppArmor initialization...
Oct 31 18:16:04 asim-VirtualBox systemd[1]: Started Load Kernel Modules.
Oct 31 18:16:04 asim-VirtualBox systemd[1]: Mounting Kernel Configuration File System...
Oct 31 18:16:04 asim-VirtualBox systemd[1]: Mounting FUSE Control File System...
Oct 31 18:16:04 asim-VirtualBox systemd[1]: Starting Apply Kernel Variables...
Oct 31 18:16:04 asim-VirtualBox systemd[1]: Started Set console font and keymap.
Oct 31 18:16:04 asim-VirtualBox systemd[1]: Mounted Kernel Configuration File System.
Oct 31 18:16:04 asim-VirtualBox systemd[1]: Mounted FUSE Control File System.
Oct 31 18:16:04 asim-VirtualBox systemd[1]: Started Tell Plymouth To Write Out Runtime Data.
Oct 31 18:16:04 asim-VirtualBox systemd[1]: Started Show Plymouth Boot Screen.
Oct 31 18:16:04 asim-VirtualBox systemd[1]: Reached target Local Encrypted Volumes.
Oct 31 18:16:04 asim-VirtualBox systemd[1]: Started Forward Password Requests to Plymouth Directory Watch.
Oct 31 18:16:04 asim-VirtualBox systemd[1]: Started Commit a transient machine-id on disk.
Oct 31 18:16:04 asim-VirtualBox systemd[1]: Started Create Volatile Files and Directories.
Oct 31 18:16:04 asim-VirtualBox systemd[1]: Starting Update UTMP about System Boot/Shutdown...
Oct 31 18:16:04 asim-VirtualBox systemd[1]: Starting Network Name Resolution...
Oct 31 18:16:04 asim-VirtualBox systemd[1]: Starting Network Time Synchronization...
Oct 31 18:16:04 asim-VirtualBox systemd[1]: Started Clean up any mess left by 0dns-up.
Oct 31 18:16:04 asim-VirtualBox apparmor[259]:  * Starting AppArmor profiles
Oct 31 18:16:04 asim-VirtualBox systemd[1]: Started Update UTMP about System Boot/Shutdown.
Oct 31 18:16:04 asim-VirtualBox systemd[1]: Started Network Time Synchronization.
Oct 31 18:16:04 asim-VirtualBox systemd[1]: Reached target System Time Synchronized.
Oct 31 18:16:04 asim-VirtualBox systemd-resolved[277]: Positive Trust Anchors:
Oct 31 18:16:04 asim-VirtualBox systemd-resolved[277]: . IN DS 19036 8 2 49aac11d7b6f6446702e54a1607371607a1a41855200fd2ce1cdde32f24e8fb5
Oct 31 18:16:04 asim-VirtualBox systemd-resolved[277]: . IN DS 20326 8 2 e06d44b80b8f1d39a95c0b0d7c65d08458e880409bbc683457104237c7f8ec8d
Oct 31 18:16:04 asim-VirtualBox systemd-resolved[277]: Negative trust anchors: 10.in-addr.arpa 16.172.in-addr.arpa 17.172.in-addr.arpa 18.172.in-addr.arpa 19.172.in-addr.arpa 20.172.in-addr.arpa 21.172.in-addr.arpa 22.172.in-addr.arpa 23.172.in-addr.arpa 24.172.in-addr.arpa 25.172.in-addr.arpa 26.172.in-addr.arpa 27.172.in-addr.arpa 28.172.in-addr.arpa 29.172.in-addr.arpa 30.172.in-addr.arpa 31.172.in-addr.arpa 168.192.in-addr.arpa d.f.ip6.arpa corp home internal intranet lan local private test
Oct 31 18:16:04 asim-VirtualBox systemd-resolved[277]: Using system hostname 'asim-VirtualBox'.
Oct 31 18:16:04 asim-VirtualBox systemd[1]: Started Network Name Resolution.
Oct 31 18:16:04 asim-VirtualBox systemd[1]: Reached target Host and Network Name Lookups.
Oct 31 18:16:04 asim-VirtualBox systemd[1]: Started Apply Kernel Variables.
Oct 31 18:16:04 asim-VirtualBox systemd-udevd[248]: link_config: autonegotiation is unset or enabled, the speed and duplex are not writable.
Oct 31 18:16:04 asim-VirtualBox mtp-probe: checking bus 1, device 2: "/sys/devices/pci0000:00/0000:00:06.0/usb1/1-1"
Oct 31 18:16:04 asim-VirtualBox mtp-probe: bus: 1, device: 2 was not an MTP device
Oct 31 18:16:04 asim-VirtualBox systemd[1]: Listening on Load/Save RF Kill Switch Status /dev/rfkill Watch.
Oct 31 18:16:04 asim-VirtualBox systemd-udevd[250]: link_config: autonegotiation is unset or enabled, the speed and duplex are not writable.
Oct 31 18:16:04 asim-VirtualBox apparmor[259]: Skipping profile in /etc/apparmor.d/disable: usr.bin.firefox
Oct 31 18:16:04 asim-VirtualBox apparmor[259]: Skipping profile in /etc/apparmor.d/disable: usr.sbin.rsyslogd
Oct 31 18:16:04 asim-VirtualBox apparmor[259]:    ...done.
Oct 31 18:16:04 asim-VirtualBox systemd[1]: Started AppArmor initialization.
Oct 31 18:16:04 asim-VirtualBox systemd[1]: Starting Raise network interfaces...
Oct 31 18:16:04 asim-VirtualBox systemd[1]: Reached target System Initialization.
Oct 31 18:16:04 asim-VirtualBox systemd[1]: Listening on UUID daemon activation socket.
Oct 31 18:16:04 asim-VirtualBox systemd[1]: Started Message of the Day.
Oct 31 18:16:04 asim-VirtualBox systemd[1]: Starting Socket activation for snappy daemon.
Oct 31 18:16:04 asim-VirtualBox systemd[1]: Started Daily Cleanup of Temporary Directories.
Oct 31 18:16:04 asim-VirtualBox systemd[1]: Started Daily apt download activities.
Oct 31 18:16:04 asim-VirtualBox systemd[1]: Listening on Avahi mDNS/DNS-SD Stack Activation Socket.
Oct 31 18:16:04 asim-VirtualBox systemd[1]: Started Daily apt upgrade and clean activities.
Oct 31 18:16:04 asim-VirtualBox systemd[1]: Listening on D-Bus System Message Bus Socket.
Oct 31 18:16:04 asim-VirtualBox systemd[1]: Listening on CUPS Scheduler.
Oct 31 18:16:04 asim-VirtualBox systemd[1]: Listening on ACPID Listen Socket.
Oct 31 18:16:04 asim-VirtualBox systemd[1]: Started CUPS Scheduler.
Oct 31 18:16:04 asim-VirtualBox systemd[1]: Started Discard unused blocks once a week.
Oct 31 18:16:04 asim-VirtualBox systemd[1]: Started ACPI Events Check.
Oct 31 18:16:04 asim-VirtualBox systemd[1]: Reached target Paths.
Oct 31 18:16:04 asim-VirtualBox systemd[1]: Started Trigger anacron every hour.
Oct 31 18:16:04 asim-VirtualBox systemd[1]: Reached target Timers.
Oct 31 18:16:04 asim-VirtualBox systemd[1]: Listening on Socket activation for snappy daemon.
Oct 31 18:16:04 asim-VirtualBox systemd[1]: Reached target Sockets.
Oct 31 18:16:04 asim-VirtualBox systemd[1]: Reached target Basic System.
Oct 31 18:16:04 asim-VirtualBox systemd[1]: Started Regular background program processing daemon.
Oct 31 18:16:04 asim-VirtualBox systemd[1]: Starting Modem Manager...
Oct 31 18:16:04 asim-VirtualBox systemd[1]: Starting LSB: Record successful boot for GRUB...
Oct 31 18:16:04 asim-VirtualBox systemd[1]: Starting Accounts Service...
Oct 31 18:16:04 asim-VirtualBox systemd[1]: Started D-Bus System Message Bus.
Oct 31 18:16:04 asim-VirtualBox cron[468]: (CRON) INFO (pidfile fd = 3)
Oct 31 18:16:04 asim-VirtualBox cron[468]: (CRON) INFO (Running @reboot jobs)
Oct 31 18:16:04 asim-VirtualBox dbus-daemon[472]: dbus[472]: Unknown group "power" in message bus configuration file
Oct 31 18:16:04 asim-VirtualBox dbus-daemon[472]: [system] AppArmor D-Bus mediation is enabled
Oct 31 18:16:04 asim-VirtualBox systemd[1]: Starting WPA supplicant...
Oct 31 18:16:04 asim-VirtualBox systemd[1]: Starting Network Manager...
Oct 31 18:16:04 asim-VirtualBox systemd[1]: Starting Disk Manager...
Oct 31 18:16:04 asim-VirtualBox systemd[1]: Starting LSB: Speech Dispatcher...
Oct 31 18:16:04 asim-VirtualBox systemd[1]: Started irqbalance daemon.
Oct 31 18:16:04 asim-VirtualBox /usr/sbin/irqbalance: Balancing is ineffective on systems with a single cpu.  Shutting down
Oct 31 18:16:04 asim-VirtualBox systemd[1]: Starting Dispatcher daemon for systemd-networkd...
Oct 31 18:16:04 asim-VirtualBox systemd[1]: Starting Login Service...
Oct 31 18:16:04 asim-VirtualBox systemd[1]: Starting Detect the available GPUs and deal with any system changes...
Oct 31 18:16:04 asim-VirtualBox systemd[1]: Starting LSB: automatic crash report generation...
Oct 31 18:16:04 asim-VirtualBox gpu-manager[503]: /etc/modprobe.d is not a file
Oct 31 18:16:04 asim-VirtualBox gpu-manager[503]: message repeated 2 times: [ /etc/modprobe.d is not a file]
Oct 31 18:16:04 asim-VirtualBox gpu-manager[503]: /etc/modprobe.d is not a file
Oct 31 18:16:04 asim-VirtualBox gpu-manager[503]: Error: can't open /lib/modules/4.15.0-29-generic/updates/dkms
Oct 31 18:16:04 asim-VirtualBox gpu-manager[503]: Error: can't open /lib/modules/4.15.0-29-generic/updates/dkms
Oct 31 18:16:04 asim-VirtualBox systemd[1]: Started ACPI event daemon.
Oct 31 18:16:04 asim-VirtualBox systemd[1]: Starting Restore /etc/resolv.conf if the system crashed before the ppp link was shut down...
Oct 31 18:16:04 asim-VirtualBox ModemManager[469]: <info>  ModemManager (version 1.6.8) starting in system bus...
Oct 31 18:16:04 asim-VirtualBox systemd[1]: Reached target Login Prompts.
Oct 31 18:16:04 asim-VirtualBox wpa_supplicant[491]: Successfully initialized wpa_supplicant
Oct 31 18:16:04 asim-VirtualBox systemd[1]: Started CUPS Scheduler.
Oct 31 18:16:04 asim-VirtualBox udisksd[493]: udisks daemon version 2.7.6 starting
Oct 31 18:16:04 asim-VirtualBox systemd[1]: Starting System Logging Service...
Oct 31 18:16:04 asim-VirtualBox systemd[1]: Starting Avahi mDNS/DNS-SD Stack...
Oct 31 18:16:04 asim-VirtualBox systemd[1]: Starting Thermal Daemon Service...
Oct 31 18:16:04 asim-VirtualBox systemd[1]: Starting Snappy daemon...
Oct 31 18:16:04 asim-VirtualBox systemd[1]: Started Raise network interfaces.
Oct 31 18:16:04 asim-VirtualBox systemd[1]: Started Detect the available GPUs and deal with any system changes.
Oct 31 18:16:04 asim-VirtualBox systemd[1]: Started Restore /etc/resolv.conf if the system crashed before the ppp link was shut down.
Oct 31 18:16:04 asim-VirtualBox dbus-daemon[472]: [system] Activating via systemd: service name='org.freedesktop.PolicyKit1' unit='polkit.service' requested by ':1.4' (uid=0 pid=469 comm="/usr/sbin/ModemManager " label="unconfined")
Oct 31 18:16:04 asim-VirtualBox udisksd[493]: failed to load module mdraid: libbd_mdraid.so.2: cannot open shared object file: No such file or directory
Oct 31 18:16:04 asim-VirtualBox udisksd[493]: Failed to load the 'mdraid' libblockdev plugin
Oct 31 18:16:04 asim-VirtualBox NetworkManager[492]: <info>  [1541024163.9977] NetworkManager (version 1.10.6) is starting... (for the first time)
Oct 31 18:16:04 asim-VirtualBox NetworkManager[492]: <info>  [1541024163.9982] Read config: /etc/NetworkManager/NetworkManager.conf (lib: 10-dns-resolved.conf, 20-connectivity-ubuntu.conf, no-mac-addr-change.conf) (run: 10-globally-managed-devices.conf) (etc: default-wifi-powersave-on.conf)
Oct 31 18:16:04 asim-VirtualBox acpid: starting up with netlink and the input layer
Oct 31 18:16:04 asim-VirtualBox snapd[542]: AppArmor status: apparmor is enabled and all features are available
Oct 31 18:16:04 asim-VirtualBox acpid: 8 rules loaded
Oct 31 18:16:04 asim-VirtualBox acpid: waiting for events: event logging is off
Oct 31 18:16:04 asim-VirtualBox NetworkManager[492]: <info>  [1541024164.0388] manager[0x5564dbb85060]: monitoring kernel firmware directory '/lib/firmware'.
Oct 31 18:16:04 asim-VirtualBox NetworkManager[492]: <info>  [1541024164.0390] monitoring ifupdown state file '/run/network/ifstate'.
Oct 31 18:16:04 asim-VirtualBox dbus-daemon[472]: [system] Activating via systemd: service name='org.freedesktop.hostname1' unit='dbus-org.freedesktop.hostname1.service' requested by ':1.7' (uid=0 pid=492 comm="/usr/sbin/NetworkManager --no-daemon " label="unconfined")
Oct 31 18:16:04 asim-VirtualBox systemd[1]: Started Login Service.
Oct 31 18:16:04 asim-VirtualBox systemd[1]: Started WPA supplicant.
Oct 31 18:16:04 asim-VirtualBox systemd[1]: Starting Hostname Service...
Oct 31 18:16:04 asim-VirtualBox systemd[1]: Starting Authorization Manager...
Oct 31 18:16:04 asim-VirtualBox polkitd[562]: started daemon version 0.105 using authority implementation `local' version `0.105'
Oct 31 18:16:04 asim-VirtualBox dbus-daemon[472]: [system] Successfully activated service 'org.freedesktop.PolicyKit1'
Oct 31 18:16:04 asim-VirtualBox systemd[1]: Started Authorization Manager.
Oct 31 18:16:04 asim-VirtualBox accounts-daemon[471]: started daemon version 0.6.45
Oct 31 18:16:04 asim-VirtualBox systemd[1]: Started Accounts Service.
Oct 31 18:16:04 asim-VirtualBox systemd[1]: Started Modem Manager.
Oct 31 18:16:04 asim-VirtualBox rsyslogd: imuxsock: Acquired UNIX socket '/run/systemd/journal/syslog' (fd 3) from systemd.  [v8.32.0]
Oct 31 18:16:04 asim-VirtualBox systemd[1]: Started System Logging Service.
Oct 31 18:16:04 asim-VirtualBox rsyslogd: rsyslogd's groupid changed to 106
Oct 31 18:16:04 asim-VirtualBox rsyslogd: rsyslogd's userid changed to 102
Oct 31 18:16:04 asim-VirtualBox rsyslogd:  [origin software="rsyslogd" swVersion="8.32.0" x-pid="539" x-info="http://www.rsyslog.com"] start
Oct 31 18:16:05 asim-VirtualBox dbus-daemon[472]: [system] Successfully activated service 'org.freedesktop.hostname1'
Oct 31 18:16:05 asim-VirtualBox systemd[1]: Started Hostname Service.
Oct 31 18:16:05 asim-VirtualBox NetworkManager[492]: <info>  [1541024165.3975] hostname: hostname: using hostnamed
Oct 31 18:16:05 asim-VirtualBox NetworkManager[492]: <info>  [1541024165.3976] hostname: hostname changed from (none) to "asim-VirtualBox"
Oct 31 18:16:05 asim-VirtualBox NetworkManager[492]: <info>  [1541024165.3980] dns-mgr[0x5564dbba3160]: init: dns=systemd-resolved, rc-manager=symlink, plugin=systemd-resolved
Oct 31 18:16:05 asim-VirtualBox NetworkManager[492]: <info>  [1541024165.3984] manager[0x5564dbb85060]: rfkill: WiFi hardware radio set enabled
Oct 31 18:16:05 asim-VirtualBox NetworkManager[492]: <info>  [1541024165.3984] manager[0x5564dbb85060]: rfkill: WWAN hardware radio set enabled
Oct 31 18:16:05 asim-VirtualBox systemd[1]: Started Network Manager.
Oct 31 18:16:05 asim-VirtualBox systemd[1]: Reached target Network.
Oct 31 18:16:05 asim-VirtualBox systemd[1]: Started Unattended Upgrades Shutdown.
Oct 31 18:16:05 asim-VirtualBox systemd[1]: Starting Permit User Sessions...
Oct 31 18:16:05 asim-VirtualBox systemd[1]: Starting Network Manager Wait Online...
Oct 31 18:16:05 asim-VirtualBox dbus-daemon[472]: [system] Activating via systemd: service name='org.freedesktop.nm_dispatcher' unit='dbus-org.freedesktop.nm-dispatcher.service' requested by ':1.7' (uid=0 pid=492 comm="/usr/sbin/NetworkManager --no-daemon " label="unconfined")
Oct 31 18:16:05 asim-VirtualBox systemd[1]: Starting Network Manager Script Dispatcher Service...
Oct 31 18:16:05 asim-VirtualBox kernel: [    4.780949] snd_intel8x0 0000:00:05.0: white list rate for 1028:0177 is 48000
Oct 31 18:16:05 asim-VirtualBox systemd[1]: Reached target Sound Card.
Oct 31 18:16:05 asim-VirtualBox systemd[1]: Received SIGRTMIN+20 from PID 273 (plymouthd).
Oct 31 18:16:05 asim-VirtualBox grub-common[470]:  * Recording successful boot for GRUB
Oct 31 18:16:05 asim-VirtualBox apport[504]:  * Starting automatic crash report generation: apport
Oct 31 18:16:05 asim-VirtualBox dbus-daemon[472]: [system] Successfully activated service 'org.freedesktop.nm_dispatcher'
Oct 31 18:16:05 asim-VirtualBox systemd[1]: Started Network Manager Script Dispatcher Service.
Oct 31 18:16:05 asim-VirtualBox NetworkManager[492]: <info>  [1541024165.6336] init!
Oct 31 18:16:05 asim-VirtualBox NetworkManager[492]: <info>  [1541024165.6338]       interface-parser: parsing file /etc/network/interfaces
Oct 31 18:16:05 asim-VirtualBox NetworkManager[492]: <info>  [1541024165.6338]       interface-parser: finished parsing file /etc/network/interfaces
Oct 31 18:16:05 asim-VirtualBox NetworkManager[492]: <info>  [1541024165.6338] management mode: unmanaged
Oct 31 18:16:05 asim-VirtualBox NetworkManager[492]: <info>  [1541024165.6344] devices added (path: /sys/devices/pci0000:00/0000:00:03.0/net/enp0s3, iface: enp0s3)
Oct 31 18:16:05 asim-VirtualBox NetworkManager[492]: <info>  [1541024165.6344] device added (path: /sys/devices/pci0000:00/0000:00:03.0/net/enp0s3, iface: enp0s3): no ifupdown configuration found.
Oct 31 18:16:05 asim-VirtualBox NetworkManager[492]: <info>  [1541024165.6344] devices added (path: /sys/devices/virtual/net/lo, iface: lo)
Oct 31 18:16:05 asim-VirtualBox NetworkManager[492]: <info>  [1541024165.6344] device added (path: /sys/devices/virtual/net/lo, iface: lo): no ifupdown configuration found.
Oct 31 18:16:05 asim-VirtualBox NetworkManager[492]: <info>  [1541024165.6345] end _init.
Oct 31 18:16:05 asim-VirtualBox NetworkManager[492]: <info>  [1541024165.6345] settings: loaded plugin ifupdown: (C) 2008 Canonical Ltd.  To report bugs please use the NetworkManager mailing list. (/usr/lib/x86_64-linux-gnu/NetworkManager/libnm-settings-plugin-ifupdown.so)
Oct 31 18:16:05 asim-VirtualBox NetworkManager[492]: <info>  [1541024165.6345] settings: loaded plugin keyfile: (c) 2007 - 2016 Red Hat, Inc.  To report bugs please use the NetworkManager mailing list.
Oct 31 18:16:05 asim-VirtualBox NetworkManager[492]: <info>  [1541024165.6345] (-608434048) ... get_connections.
Oct 31 18:16:05 asim-VirtualBox NetworkManager[492]: <info>  [1541024165.6345] (-608434048) ... get_connections (managed=false): return empty list.
Oct 31 18:16:05 asim-VirtualBox NetworkManager[492]: <info>  [1541024165.6353] get unmanaged devices count: 0
Oct 31 18:16:05 asim-VirtualBox NetworkManager[492]: <info>  [1541024165.6354] manager: rfkill: WiFi enabled by radio killswitch; enabled by state file
Oct 31 18:16:05 asim-VirtualBox NetworkManager[492]: <info>  [1541024165.6355] manager: rfkill: WWAN enabled by radio killswitch; enabled by state file
Oct 31 18:16:05 asim-VirtualBox NetworkManager[492]: <info>  [1541024165.6355] manager: Networking is enabled by state file
Oct 31 18:16:05 asim-VirtualBox NetworkManager[492]: <info>  [1541024165.6355] dhcp-init: Using DHCP client 'dhclient'
Oct 31 18:16:05 asim-VirtualBox NetworkManager[492]: <info>  [1541024165.6364] Loaded device plugin: NMBondDeviceFactory (internal)
Oct 31 18:16:05 asim-VirtualBox NetworkManager[492]: <info>  [1541024165.6364] Loaded device plugin: NMBridgeDeviceFactory (internal)
Oct 31 18:16:05 asim-VirtualBox NetworkManager[492]: <info>  [1541024165.6364] Loaded device plugin: NMDummyDeviceFactory (internal)
Oct 31 18:16:05 asim-VirtualBox NetworkManager[492]: <info>  [1541024165.6365] Loaded device plugin: NMEthernetDeviceFactory (internal)
Oct 31 18:16:05 asim-VirtualBox NetworkManager[492]: <info>  [1541024165.6365] Loaded device plugin: NMInfinibandDeviceFactory (internal)
Oct 31 18:16:05 asim-VirtualBox NetworkManager[492]: <info>  [1541024165.6379] Loaded device plugin: NMIPTunnelDeviceFactory (internal)
Oct 31 18:16:05 asim-VirtualBox NetworkManager[492]: <info>  [1541024165.6379] Loaded device plugin: NMMacsecDeviceFactory (internal)
Oct 31 18:16:05 asim-VirtualBox NetworkManager[492]: <info>  [1541024165.6379] Loaded device plugin: NMMacvlanDeviceFactory (internal)
Oct 31 18:16:05 asim-VirtualBox NetworkManager[492]: <info>  [1541024165.6379] Loaded device plugin: NMPppDeviceFactory (internal)
Oct 31 18:16:05 asim-VirtualBox NetworkManager[492]: <info>  [1541024165.6379] Loaded device plugin: NMTunDeviceFactory (internal)
Oct 31 18:16:05 asim-VirtualBox NetworkManager[492]: <info>  [1541024165.6379] Loaded device plugin: NMVethDeviceFactory (internal)
Oct 31 18:16:05 asim-VirtualBox NetworkManager[492]: <info>  [1541024165.6393] Loaded device plugin: NMVlanDeviceFactory (internal)
Oct 31 18:16:05 asim-VirtualBox NetworkManager[492]: <info>  [1541024165.6394] Loaded device plugin: NMVxlanDeviceFactory (internal)
Oct 31 18:16:05 asim-VirtualBox systemd[1]: Started Permit User Sessions.
Oct 31 18:16:05 asim-VirtualBox speech-dispatcher[494]:  * speech-dispatcher disabled; edit /etc/default/speech-dispatcher
Oct 31 18:16:05 asim-VirtualBox avahi-daemon[540]: Found user 'avahi' (UID 116) and group 'avahi' (GID 122).
Oct 31 18:16:05 asim-VirtualBox avahi-daemon[540]: Successfully dropped root privileges.
Oct 31 18:16:05 asim-VirtualBox avahi-daemon[540]: avahi-daemon 0.7 starting up.
Oct 31 18:16:05 asim-VirtualBox avahi-daemon[540]: Successfully called chroot().
Oct 31 18:16:05 asim-VirtualBox avahi-daemon[540]: Successfully dropped remaining capabilities.
Oct 31 18:16:05 asim-VirtualBox avahi-daemon[540]: No service file found in /etc/avahi/services.
Oct 31 18:16:05 asim-VirtualBox nm-dispatcher: req:1 'hostname': new request (1 scripts)
Oct 31 18:16:05 asim-VirtualBox nm-dispatcher: req:1 'hostname': start running ordered scripts...
Oct 31 18:16:05 asim-VirtualBox systemd[1]: Starting Hold until boot process finishes up...
Oct 31 18:16:05 asim-VirtualBox avahi-daemon[540]: Joining mDNS multicast group on interface lo.IPv6 with address ::1.
Oct 31 18:16:05 asim-VirtualBox avahi-daemon[540]: New relevant interface lo.IPv6 for mDNS.
Oct 31 18:16:05 asim-VirtualBox avahi-daemon[540]: Joining mDNS multicast group on interface lo.IPv4 with address 127.0.0.1.
Oct 31 18:16:05 asim-VirtualBox avahi-daemon[540]: New relevant interface lo.IPv4 for mDNS.
Oct 31 18:16:05 asim-VirtualBox avahi-daemon[540]: Network interface enumeration completed.
Oct 31 18:16:05 asim-VirtualBox avahi-daemon[540]: Registering new address record for ::1 on lo.*.
Oct 31 18:16:05 asim-VirtualBox avahi-daemon[540]: Registering new address record for 127.0.0.1 on lo.IPv4.
Oct 31 18:16:05 asim-VirtualBox systemd[1]: Starting GNOME Display Manager...
Oct 31 18:16:05 asim-VirtualBox systemd[1]: Started LSB: Speech Dispatcher.
Oct 31 18:16:05 asim-VirtualBox apport[504]:    ...done.
Oct 31 18:16:05 asim-VirtualBox grub-common[470]:    ...done.
Oct 31 18:16:05 asim-VirtualBox snapd[542]: 2018/10/31 18:16:05.691821 helpers.go:119: error trying to compare the snap system key: system-key missing on disk
Oct 31 18:16:05 asim-VirtualBox NetworkManager[492]: <info>  [1541024165.6894] Loaded device plugin: NMTeamFactory (/usr/lib/x86_64-linux-gnu/NetworkManager/libnm-device-plugin-team.so)
Oct 31 18:16:05 asim-VirtualBox NetworkManager[492]: <info>  [1541024165.6922] Loaded device plugin: NMWifiFactory (/usr/lib/x86_64-linux-gnu/NetworkManager/libnm-device-plugin-wifi.so)
Oct 31 18:16:05 asim-VirtualBox systemd[1]: Started LSB: Record successful boot for GRUB.
Oct 31 18:16:05 asim-VirtualBox systemd[1]: Started LSB: automatic crash report generation.
Oct 31 18:16:05 asim-VirtualBox systemd[1]: Started Avahi mDNS/DNS-SD Stack.
Oct 31 18:16:05 asim-VirtualBox NetworkManager[492]: <info>  [1541024165.7214] Loaded device plugin: NMBluezManager (/usr/lib/x86_64-linux-gnu/NetworkManager/libnm-device-plugin-bluetooth.so)
Oct 31 18:16:05 asim-VirtualBox NetworkManager[492]: <info>  [1541024165.7239] Loaded device plugin: NMAtmManager (/usr/lib/x86_64-linux-gnu/NetworkManager/libnm-device-plugin-adsl.so)
Oct 31 18:16:05 asim-VirtualBox NetworkManager[492]: <info>  [1541024165.7254] Loaded device plugin: NMWwanFactory (/usr/lib/x86_64-linux-gnu/NetworkManager/libnm-device-plugin-wwan.so)
Oct 31 18:16:05 asim-VirtualBox snapd[542]: 2018/10/31 18:16:05.729946 daemon.go:343: started snapd/2.34.2+18.04 (series 16; classic) ubuntu/18.04 (amd64) linux/4.15.0-29-generic.
Oct 31 18:16:05 asim-VirtualBox NetworkManager[492]: <info>  [1541024165.7350] device (lo): carrier: link connected
Oct 31 18:16:05 asim-VirtualBox NetworkManager[492]: <info>  [1541024165.7370] manager: (lo): new Generic device (/org/freedesktop/NetworkManager/Devices/1)
Oct 31 18:16:05 asim-VirtualBox NetworkManager[492]: <info>  [1541024165.7389] manager: (enp0s3): new Ethernet device (/org/freedesktop/NetworkManager/Devices/2)
Oct 31 18:16:05 asim-VirtualBox NetworkManager[492]: <info>  [1541024165.7399] keyfile: add connection in-memory (d7bb4368-516c-3405-aa5c-4b9ccd3ddf22,"Wired connection 1")
Oct 31 18:16:05 asim-VirtualBox thermald[541]: NO RAPL sysfs present
Oct 31 18:16:05 asim-VirtualBox thermald[541]: 22 CPUID levels; family:model:stepping 0x6:9e:a (6:158:10)
Oct 31 18:16:05 asim-VirtualBox thermald[541]: Polling mode is enabled: 4
Oct 31 18:16:05 asim-VirtualBox thermald[541]: Thermal DTS: No coretemp sysfs found
Oct 31 18:16:05 asim-VirtualBox snapd[542]: 2018/10/31 18:16:05.744876 stateengine.go:101: state ensure error: Get https://api.snapcraft.io/api/v1/snaps/sections: dial tcp: lookup api.snapcraft.io on 127.0.0.53:53: server misbehaving
Oct 31 18:16:05 asim-VirtualBox NetworkManager[492]: <info>  [1541024165.7480] settings: (enp0s3): created default wired connection 'Wired connection 1'
Oct 31 18:16:05 asim-VirtualBox thermald[541]: Thermal DTS or hwmon: No Zones present Need to configure manually
Oct 31 18:16:05 asim-VirtualBox thermald[541]: No thermal sensors found
Oct 31 18:16:05 asim-VirtualBox thermald[541]: THD engine start failed
Oct 31 18:16:05 asim-VirtualBox systemd-udevd[247]: Process '/usr/sbin/alsactl -E HOME=/run/alsa restore 0' failed with exit code 99.
Oct 31 18:16:05 asim-VirtualBox NetworkManager[492]: <info>  [1541024165.7585] device (enp0s3): state change: unmanaged -> unavailable (reason 'managed', sys-iface-state: 'external')
Oct 31 18:16:05 asim-VirtualBox kernel: [    4.978507] IPv6: ADDRCONF(NETDEV_UP): enp0s3: link is not ready
Oct 31 18:16:05 asim-VirtualBox kernel: [    4.982184] IPv6: ADDRCONF(NETDEV_UP): enp0s3: link is not ready
Oct 31 18:16:05 asim-VirtualBox kernel: [    4.984185] e1000: enp0s3 NIC Link is Up 1000 Mbps Full Duplex, Flow Control: RX
Oct 31 18:16:05 asim-VirtualBox kernel: [    4.984436] IPv6: ADDRCONF(NETDEV_CHANGE): enp0s3: link becomes ready
Oct 31 18:16:05 asim-VirtualBox systemd[1]: Started Snappy daemon.
Oct 31 18:16:05 asim-VirtualBox systemd[1]: Started Thermal Daemon Service.
Oct 31 18:16:05 asim-VirtualBox systemd[1]: Starting Wait until snapd is fully seeded...
Oct 31 18:16:05 asim-VirtualBox systemd[1]: Started Make remote CUPS printers available locally.
Oct 31 18:16:05 asim-VirtualBox NetworkManager[492]: <info>  [1541024165.8180] modem-manager: ModemManager available
Oct 31 18:16:05 asim-VirtualBox NetworkManager[492]: <info>  [1541024165.8305] device (enp0s3): carrier: link connected
Oct 31 18:16:05 asim-VirtualBox NetworkManager[492]: <info>  [1541024165.8339] device (enp0s3): state change: unavailable -> disconnected (reason 'carrier-changed', sys-iface-state: 'managed')
Oct 31 18:16:05 asim-VirtualBox NetworkManager[492]: <info>  [1541024165.8410] policy: auto-activating connection 'Wired connection 1'
Oct 31 18:16:05 asim-VirtualBox NetworkManager[492]: <info>  [1541024165.8468] device (enp0s3): Activation: starting connection 'Wired connection 1' (d7bb4368-516c-3405-aa5c-4b9ccd3ddf22)
Oct 31 18:16:05 asim-VirtualBox NetworkManager[492]: <info>  [1541024165.8474] device (enp0s3): state change: disconnected -> prepare (reason 'none', sys-iface-state: 'managed')
Oct 31 18:16:05 asim-VirtualBox NetworkManager[492]: <info>  [1541024165.8478] manager: NetworkManager state is now CONNECTING
Oct 31 18:16:05 asim-VirtualBox NetworkManager[492]: <info>  [1541024165.8497] device (enp0s3): state change: prepare -> config (reason 'none', sys-iface-state: 'managed')
Oct 31 18:16:05 asim-VirtualBox networkd-dispatcher[498]: WARNING: systemd-networkd is not running, output will be incomplete.
Oct 31 18:16:05 asim-VirtualBox systemd[1]: Started Dispatcher daemon for systemd-networkd.
Oct 31 18:16:05 asim-VirtualBox NetworkManager[492]: <info>  [1541024165.8576] device (enp0s3): state change: config -> ip-config (reason 'none', sys-iface-state: 'managed')
Oct 31 18:16:05 asim-VirtualBox NetworkManager[492]: <info>  [1541024165.8590] dhcp4 (enp0s3): activation: beginning transaction (timeout in 45 seconds)
Oct 31 18:16:05 asim-VirtualBox systemd[1]: Started GNOME Display Manager.
Oct 31 18:16:05 asim-VirtualBox NetworkManager[492]: <info>  [1541024165.9197] dhcp4 (enp0s3): dhclient started with pid 607
Oct 31 18:16:05 asim-VirtualBox systemd[1]: Started Disk Manager.
Oct 31 18:16:05 asim-VirtualBox udisksd[493]: Acquired the name org.freedesktop.UDisks2 on the system message bus
Oct 31 18:16:06 asim-VirtualBox systemd[1]: Created slice User Slice of gdm.
Oct 31 18:16:06 asim-VirtualBox systemd[1]: Starting User Manager for UID 121...
Oct 31 18:16:06 asim-VirtualBox systemd[1]: Started Session c1 of user gdm.
Oct 31 18:16:06 asim-VirtualBox dhclient[607]: DHCPDISCOVER on enp0s3 to 255.255.255.255 port 67 interval 3 (xid=0x93d23643)
Oct 31 18:16:06 asim-VirtualBox dhclient[607]: DHCPREQUEST of 10.0.2.15 on enp0s3 to 255.255.255.255 port 67 (xid=0x4336d293)
Oct 31 18:16:06 asim-VirtualBox dhclient[607]: DHCPOFFER of 10.0.2.15 from 10.0.2.2
Oct 31 18:16:06 asim-VirtualBox dhclient[607]: DHCPACK of 10.0.2.15 from 10.0.2.2
Oct 31 18:16:06 asim-VirtualBox NetworkManager[492]: <info>  [1541024166.1321] dhcp4 (enp0s3):   address 10.0.2.15
Oct 31 18:16:06 asim-VirtualBox NetworkManager[492]: <info>  [1541024166.1323] dhcp4 (enp0s3):   plen 24 (255.255.255.0)
Oct 31 18:16:06 asim-VirtualBox NetworkManager[492]: <info>  [1541024166.1324] dhcp4 (enp0s3):   gateway 10.0.2.2
Oct 31 18:16:06 asim-VirtualBox NetworkManager[492]: <info>  [1541024166.1325] dhcp4 (enp0s3):   lease time 86400
Oct 31 18:16:06 asim-VirtualBox NetworkManager[492]: <info>  [1541024166.1326] dhcp4 (enp0s3):   nameserver '10.240.205.161'
Oct 31 18:16:06 asim-VirtualBox NetworkManager[492]: <info>  [1541024166.1327] dhcp4 (enp0s3):   nameserver '10.240.205.162'
Oct 31 18:16:06 asim-VirtualBox NetworkManager[492]: <info>  [1541024166.1328] dhcp4 (enp0s3): state changed unknown -> bound
Oct 31 18:16:06 asim-VirtualBox avahi-daemon[540]: Joining mDNS multicast group on interface enp0s3.IPv4 with address 10.0.2.15.
Oct 31 18:16:06 asim-VirtualBox avahi-daemon[540]: New relevant interface enp0s3.IPv4 for mDNS.
Oct 31 18:16:06 asim-VirtualBox avahi-daemon[540]: Registering new address record for 10.0.2.15 on enp0s3.IPv4.
Oct 31 18:16:06 asim-VirtualBox NetworkManager[492]: <info>  [1541024166.1349] device (enp0s3): state change: ip-config -> ip-check (reason 'none', sys-iface-state: 'managed')
Oct 31 18:16:06 asim-VirtualBox NetworkManager[492]: <info>  [1541024166.1354] device (enp0s3): state change: ip-check -> secondaries (reason 'none', sys-iface-state: 'managed')
Oct 31 18:16:06 asim-VirtualBox NetworkManager[492]: <info>  [1541024166.1415] device (enp0s3): state change: secondaries -> activated (reason 'none', sys-iface-state: 'managed')
Oct 31 18:16:06 asim-VirtualBox NetworkManager[492]: <info>  [1541024166.1421] manager: NetworkManager state is now CONNECTED_LOCAL
Oct 31 18:16:06 asim-VirtualBox NetworkManager[492]: <info>  [1541024166.1430] manager: NetworkManager state is now CONNECTED_SITE
Oct 31 18:16:06 asim-VirtualBox NetworkManager[492]: <info>  [1541024166.1434] policy: set 'Wired connection 1' (enp0s3) as default for IPv4 routing and DNS
Oct 31 18:16:06 asim-VirtualBox NetworkManager[492]: <info>  [1541024166.1443] device (enp0s3): Activation: successful, device activated.
Oct 31 18:16:06 asim-VirtualBox nm-dispatcher: req:2 'up' [enp0s3]: new request (1 scripts)
Oct 31 18:16:06 asim-VirtualBox nm-dispatcher: req:2 'up' [enp0s3]: start running ordered scripts...
Oct 31 18:16:06 asim-VirtualBox NetworkManager[492]: <info>  [1541024166.1481] manager: startup complete
Oct 31 18:16:06 asim-VirtualBox systemd[1]: Started Network Manager Wait Online.
Oct 31 18:16:06 asim-VirtualBox systemd[1]: Reached target Network is Online.
Oct 31 18:16:06 asim-VirtualBox systemd[1]: Starting Tool to automatically collect and submit kernel crash signatures...
Oct 31 18:16:06 asim-VirtualBox dhclient[607]: bound to 10.0.2.15 -- renewal in 42853 seconds.
Oct 31 18:16:06 asim-VirtualBox systemd[1]: Started crash report submission daemon.
Oct 31 18:16:06 asim-VirtualBox systemd[1]: kerneloops.service: Found left-over process 666 (kerneloops) in control group while starting unit. Ignoring.
Oct 31 18:16:06 asim-VirtualBox systemd[1]: This usually indicates unclean termination of a previous run, or service implementation deficiencies.
Oct 31 18:16:06 asim-VirtualBox systemd[1]: Started Tool to automatically collect and submit kernel crash signatures.
Oct 31 18:16:06 asim-VirtualBox whoopsie[663]: [18:16:06] Using lock path: /var/lock/whoopsie/lock
Oct 31 18:16:06 asim-VirtualBox whoopsie[663]: [18:16:06] offline
Oct 31 18:16:06 asim-VirtualBox systemd[631]: Listening on GnuPG cryptographic agent (ssh-agent emulation).
Oct 31 18:16:06 asim-VirtualBox systemd[631]: Started Pending report trigger for Ubuntu Report.
Oct 31 18:16:06 asim-VirtualBox systemd[631]: Listening on Sound System.
Oct 31 18:16:06 asim-VirtualBox systemd[631]: Reached target Timers.
Oct 31 18:16:06 asim-VirtualBox systemd[631]: Listening on GnuPG cryptographic agent and passphrase cache.
Oct 31 18:16:06 asim-VirtualBox systemd[631]: Reached target Paths.
Oct 31 18:16:06 asim-VirtualBox systemd[631]: Starting D-Bus User Message Bus Socket.
Oct 31 18:16:06 asim-VirtualBox systemd[631]: Listening on GnuPG network certificate management daemon.
Oct 31 18:16:06 asim-VirtualBox systemd[631]: Listening on GnuPG cryptographic agent and passphrase cache (access for web browsers).
Oct 31 18:16:06 asim-VirtualBox systemd[631]: Listening on GnuPG cryptographic agent and passphrase cache (restricted).
Oct 31 18:16:06 asim-VirtualBox systemd[631]: Listening on D-Bus User Message Bus Socket.
Oct 31 18:16:06 asim-VirtualBox systemd[631]: Reached target Sockets.
Oct 31 18:16:06 asim-VirtualBox systemd[631]: Reached target Basic System.
Oct 31 18:16:06 asim-VirtualBox systemd[1]: Started User Manager for UID 121.
Oct 31 18:16:06 asim-VirtualBox systemd[631]: Reached target Default.
Oct 31 18:16:06 asim-VirtualBox systemd[631]: Startup finished in 208ms.
Oct 31 18:16:06 asim-VirtualBox systemd[631]: Started D-Bus User Message Bus.
Oct 31 18:16:06 asim-VirtualBox dbus-daemon[682]: [session uid=121 pid=682] AppArmor D-Bus mediation is enabled
Oct 31 18:16:06 asim-VirtualBox dbus-daemon[682]: [session uid=121 pid=682] Activating service name='org.freedesktop.secrets' requested by ':1.4' (uid=121 pid=712 comm="/usr/bin/python3 /usr/share/session-migration/scri" label="unconfined")
Oct 31 18:16:06 asim-VirtualBox gnome-keyring-d[724]: couldn't access control socket: /run/user/121/keyring/control: No such file or directory
Oct 31 18:16:06 asim-VirtualBox dbus-daemon[682]: [session uid=121 pid=682] Successfully activated service 'org.freedesktop.secrets'
Oct 31 18:16:06 asim-VirtualBox ModemManager[469]: <info>  Couldn't check support for device at '/sys/devices/pci0000:00/0000:00:03.0': not supported by any plugin
Oct 31 18:16:06 asim-VirtualBox dbus-daemon[472]: [system] Activating via systemd: service name='org.freedesktop.UPower' unit='upower.service' requested by ':1.29' (uid=121 pid=729 comm="/usr/bin/gnome-shell " label="unconfined")
Oct 31 18:16:06 asim-VirtualBox systemd[1]: Starting Daemon for power management...
Oct 31 18:16:06 asim-VirtualBox dbus-daemon[472]: [system] Successfully activated service 'org.freedesktop.UPower'
Oct 31 18:16:06 asim-VirtualBox systemd[1]: Started Daemon for power management.
Oct 31 18:16:06 asim-VirtualBox org.gnome.Shell.desktop[729]: pci id for fd 11: 80ee:beef, driver (null)
Oct 31 18:16:07 asim-VirtualBox avahi-daemon[540]: Server startup complete. Host name is asim-VirtualBox.local. Local service cookie is 31788672.
Oct 31 18:16:07 asim-VirtualBox NetworkManager[492]: <info>  [1541024167.2240] connectivity: (enp0s3) response shorter than expected 'NetworkManager is online'; assuming captive portal.
Oct 31 18:16:07 asim-VirtualBox nm-dispatcher: req:3 'connectivity-change': new request (1 scripts)
Oct 31 18:16:07 asim-VirtualBox nm-dispatcher: req:3 'connectivity-change': start running ordered scripts...
Oct 31 18:16:07 asim-VirtualBox avahi-daemon[540]: Joining mDNS multicast group on interface enp0s3.IPv6 with address fe80::67b4:d211:d533:8b04.
Oct 31 18:16:07 asim-VirtualBox avahi-daemon[540]: New relevant interface enp0s3.IPv6 for mDNS.
Oct 31 18:16:07 asim-VirtualBox avahi-daemon[540]: Registering new address record for fe80::67b4:d211:d533:8b04 on enp0s3.*.
Oct 31 18:16:07 asim-VirtualBox org.gnome.Shell.desktop[729]: Disabling glamor and dri3, EGL setup failed
Oct 31 18:16:07 asim-VirtualBox org.gnome.Shell.desktop[729]: Failed to initialize glamor, falling back to sw
Oct 31 18:16:07 asim-VirtualBox dbus-daemon[682]: [session uid=121 pid=682] Activating via systemd: service name='org.a11y.Bus' unit='at-spi-dbus-bus.service' requested by ':1.7' (uid=121 pid=729 comm="/usr/bin/gnome-shell " label="unconfined")
Oct 31 18:16:07 asim-VirtualBox systemd[631]: Starting Accessibility services bus...
Oct 31 18:16:07 asim-VirtualBox dbus-daemon[682]: [session uid=121 pid=682] Successfully activated service 'org.a11y.Bus'
Oct 31 18:16:07 asim-VirtualBox systemd[631]: Started Accessibility services bus.
Oct 31 18:16:07 asim-VirtualBox at-spi-bus-launcher[769]: dbus-daemon[774]: Activating service name='org.a11y.atspi.Registry' requested by ':1.0' (uid=121 pid=729 comm="/usr/bin/gnome-shell " label="unconfined")
Oct 31 18:16:07 asim-VirtualBox at-spi-bus-launcher[769]: dbus-daemon[774]: Successfully activated service 'org.a11y.atspi.Registry'
Oct 31 18:16:07 asim-VirtualBox at-spi-bus-launcher[769]: SpiRegistry daemon is running with well-known name - org.a11y.atspi.Registry
Oct 31 18:16:07 asim-VirtualBox systemd[631]: Starting Sound Service...
Oct 31 18:16:07 asim-VirtualBox dbus-daemon[472]: [system] Activating via systemd: service name='org.freedesktop.RealtimeKit1' unit='rtkit-daemon.service' requested by ':1.31' (uid=121 pid=779 comm="/usr/bin/pulseaudio --daemonize=no " label="unconfined")
Oct 31 18:16:07 asim-VirtualBox systemd[1]: Starting RealtimeKit Scheduling Policy Service...
Oct 31 18:16:07 asim-VirtualBox dbus-daemon[472]: [system] Successfully activated service 'org.freedesktop.RealtimeKit1'
Oct 31 18:16:07 asim-VirtualBox systemd[1]: Started RealtimeKit Scheduling Policy Service.
Oct 31 18:16:07 asim-VirtualBox rtkit-daemon[781]: Successfully called chroot.
Oct 31 18:16:07 asim-VirtualBox rtkit-daemon[781]: Successfully dropped privileges.
Oct 31 18:16:07 asim-VirtualBox rtkit-daemon[781]: Successfully limited resources.
Oct 31 18:16:07 asim-VirtualBox rtkit-daemon[781]: Running.
Oct 31 18:16:07 asim-VirtualBox rtkit-daemon[781]: Watchdog thread running.
Oct 31 18:16:07 asim-VirtualBox rtkit-daemon[781]: Canary thread running.
Oct 31 18:16:07 asim-VirtualBox pulseaudio[779]: N: [pulseaudio] alsa-util.c: Disabling timer-based scheduling because running inside a VM.
Oct 31 18:16:07 asim-VirtualBox pulseaudio[779]: W: [pulseaudio] sink.c: Default and alternate sample rates are the same.
Oct 31 18:16:07 asim-VirtualBox rtkit-daemon[781]: Supervising 0 threads of 0 processes of 1 users.
Oct 31 18:16:07 asim-VirtualBox rtkit-daemon[781]: message repeated 4 times: [ Supervising 0 threads of 0 processes of 1 users.]
Oct 31 18:16:07 asim-VirtualBox pulseaudio[779]: N: [pulseaudio] alsa-util.c: Disabling timer-based scheduling because running inside a VM.
Oct 31 18:16:07 asim-VirtualBox pulseaudio[779]: E: [alsa-sink-Intel ICH] alsa-sink.c: ALSA woke us up to write new data to the device, but there was actually nothing to write.
Oct 31 18:16:07 asim-VirtualBox pulseaudio[779]: E: [alsa-sink-Intel ICH] alsa-sink.c: Most likely this is a bug in the ALSA driver 'snd_intel8x0'. Please report this issue to the ALSA developers.
Oct 31 18:16:07 asim-VirtualBox pulseaudio[779]: E: [alsa-sink-Intel ICH] alsa-sink.c: We were woken up with POLLOUT set -- however a subsequent snd_pcm_avail() returned 0 or another value < min_avail.
Oct 31 18:16:07 asim-VirtualBox rtkit-daemon[781]: Supervising 0 threads of 0 processes of 1 users.
Oct 31 18:16:07 asim-VirtualBox rtkit-daemon[781]: message repeated 4 times: [ Supervising 0 threads of 0 processes of 1 users.]
Oct 31 18:16:08 asim-VirtualBox dbus-daemon[472]: [system] Activating via systemd: service name='org.bluez' unit='dbus-org.bluez.service' requested by ':1.53' (uid=121 pid=779 comm="/usr/bin/pulseaudio --daemonize=no " label="unconfined")
Oct 31 18:16:08 asim-VirtualBox systemd[631]: Started Sound Service.
Oct 31 18:16:08 asim-VirtualBox org.gnome.Shell.desktop[729]: Window manager warning: HW cursor for format 875713089 not supported
Oct 31 18:16:08 asim-VirtualBox dbus-daemon[472]: [system] Activating via systemd: service name='org.freedesktop.locale1' unit='dbus-org.freedesktop.locale1.service' requested by ':1.29' (uid=121 pid=729 comm="/usr/bin/gnome-shell " label="unconfined")
Oct 31 18:16:08 asim-VirtualBox systemd[1]: Starting Locale Service...
Oct 31 18:16:08 asim-VirtualBox dbus-daemon[472]: [system] Successfully activated service 'org.freedesktop.locale1'
Oct 31 18:16:08 asim-VirtualBox systemd[1]: Started Locale Service.
Oct 31 18:16:09 asim-VirtualBox dbus-daemon[682]: [session uid=121 pid=682] Activating service name='org.freedesktop.portal.IBus' requested by ':1.11' (uid=121 pid=811 comm="ibus-daemon --xim --panel disable " label="unconfined")
Oct 31 18:16:09 asim-VirtualBox dbus-daemon[682]: [session uid=121 pid=682] Successfully activated service 'org.freedesktop.portal.IBus'
Oct 31 18:16:09 asim-VirtualBox dbus-daemon[472]: [system] Activating via systemd: service name='org.freedesktop.GeoClue2' unit='geoclue.service' requested by ':1.29' (uid=121 pid=729 comm="/usr/bin/gnome-shell " label="unconfined")
Oct 31 18:16:09 asim-VirtualBox systemd[1]: Starting Location Lookup Service...
Oct 31 18:16:09 asim-VirtualBox dbus-daemon[472]: [system] Activating via systemd: service name='org.freedesktop.bolt' unit='bolt.service' requested by ':1.29' (uid=121 pid=729 comm="/usr/bin/gnome-shell " label="unconfined")
Oct 31 18:16:09 asim-VirtualBox systemd[1]: Starting Thunderbolt system service...
Oct 31 18:16:09 asim-VirtualBox dbus-daemon[472]: [system] Successfully activated service 'org.freedesktop.GeoClue2'
Oct 31 18:16:09 asim-VirtualBox systemd[1]: Started Location Lookup Service.
Oct 31 18:16:09 asim-VirtualBox boltd[836]: bolt 0.3 starting up.
Oct 31 18:16:09 asim-VirtualBox boltd[836]: config: loading user config
Oct 31 18:16:09 asim-VirtualBox boltd[836]: store: loading devices
Oct 31 18:16:09 asim-VirtualBox boltd[836]: power: force_power support: no
Oct 31 18:16:09 asim-VirtualBox boltd[836]: udev: enumerating devices
Oct 31 18:16:09 asim-VirtualBox dbus-daemon[472]: [system] Successfully activated service 'org.freedesktop.bolt'
Oct 31 18:16:09 asim-VirtualBox systemd[1]: Started Thunderbolt system service.
Oct 31 18:16:09 asim-VirtualBox dbus-daemon[472]: [system] Activating via systemd: service name='org.freedesktop.PackageKit' unit='packagekit.service' requested by ':1.29' (uid=121 pid=729 comm="/usr/bin/gnome-shell " label="unconfined")
Oct 31 18:16:09 asim-VirtualBox systemd[1]: Starting PackageKit Daemon...
Oct 31 18:16:09 asim-VirtualBox PackageKit: daemon start
Oct 31 18:16:09 asim-VirtualBox dbus-daemon[472]: [system] Successfully activated service 'org.freedesktop.PackageKit'
Oct 31 18:16:09 asim-VirtualBox systemd[1]: Started PackageKit Daemon.
Oct 31 18:16:09 asim-VirtualBox spice-vdagent[846]: Cannot access vdagent virtio channel /dev/virtio-ports/com.redhat.spice.0
Oct 31 18:16:10 asim-VirtualBox gnome-session[684]: gnome-session-binary[684]: WARNING: App 'spice-vdagent.desktop' exited with code 1
Oct 31 18:16:10 asim-VirtualBox gnome-session-binary[684]: WARNING: App 'spice-vdagent.desktop' exited with code 1
Oct 31 18:16:10 asim-VirtualBox dbus-daemon[472]: [system] Activating via systemd: service name='org.freedesktop.ColorManager' unit='colord.service' requested by ':1.60' (uid=121 pid=854 comm="/usr/lib/gnome-settings-daemon/gsd-color " label="unconfined")
Oct 31 18:16:10 asim-VirtualBox systemd[1]: Starting Manage, Install and Generate Color Profiles...
Oct 31 18:16:10 asim-VirtualBox dbus-daemon[472]: [system] Successfully activated service 'org.freedesktop.ColorManager'
Oct 31 18:16:10 asim-VirtualBox systemd[1]: Started Manage, Install and Generate Color Profiles.
Oct 31 18:16:10 asim-VirtualBox kernel: [    9.671689] random: crng init done
Oct 31 18:16:10 asim-VirtualBox gnome-session-binary[684]: Entering running state
Oct 31 18:16:10 asim-VirtualBox xbrlapi.desktop[928]: openConnection: connect: No such file or directory
Oct 31 18:16:10 asim-VirtualBox xbrlapi.desktop[928]: cannot connect to braille devices daemon brltty at :0
Oct 31 18:16:10 asim-VirtualBox gnome-shell[729]: Error looking up permission: GDBus.Error:org.freedesktop.DBus.Error.ServiceUnknown: The name org.freedesktop.impl.portal.PermissionStore was not provided by any .service files
Oct 31 18:16:12 asim-VirtualBox gnome-shell[729]: JS WARNING: [resource:///org/gnome/shell/ui/windowManager.js 1468]: reference to undefined property "MetaWindowXwayland"
Oct 31 18:16:12 asim-VirtualBox gnome-shell[729]: Failed to flip: Invalid argument
Oct 31 18:16:13 asim-VirtualBox systemd[1]: Received SIGRTMIN+21 from PID 273 (plymouthd).
Oct 31 18:16:13 asim-VirtualBox systemd[1]: Started Hold until boot process finishes up.
Oct 31 18:16:13 asim-VirtualBox systemd[1]: Starting Set console scheme...
Oct 31 18:16:13 asim-VirtualBox systemd[1]: Started Set console scheme.
Oct 31 18:16:13 asim-VirtualBox systemd[1]: Created slice system-getty.slice.
Oct 31 18:16:14 asim-VirtualBox systemd[1]: Reloading.
Oct 31 18:16:14 asim-VirtualBox systemd[1]: Mounting Mount unit for core, revision 4917...
Oct 31 18:16:14 asim-VirtualBox systemd[1]: Mounted Mount unit for core, revision 4917.
