Oct 31 22:11:47 ubuntu systemd-modules-load[866]: Inserted module 'lp'
Oct 31 22:11:47 ubuntu systemd-modules-load[866]: Inserted module 'ppdev'
Oct 31 22:11:47 ubuntu systemd-modules-load[866]: Inserted module 'parport_pc'
Oct 31 22:11:47 ubuntu systemd[1]: Started Monitoring of LVM2 mirrors, snapshots etc. using dmeventd or progress polling.
Oct 31 22:11:47 ubuntu systemd[1]: Started Create Static Device Nodes in /dev.
Oct 31 22:11:47 ubuntu systemd[1]: Started Load/Save Random Seed.
Oct 31 22:11:47 ubuntu systemd[1]: Mounted FUSE Control File System.
Oct 31 22:11:47 ubuntu systemd[1]: Mounted Kernel Configuration File System.
Oct 31 22:11:47 ubuntu systemd[1]: Started Apply Kernel Variables.
Oct 31 22:11:47 ubuntu systemd[1]: Starting udev Kernel Device Manager...
Oct 31 22:11:47 ubuntu systemd[1]: Starting Flush Journal to Persistent Storage...
Oct 31 22:11:47 ubuntu systemd[1]: Started Flush Journal to Persistent Storage.
Oct 31 22:11:47 ubuntu systemd[1]: Started udev Coldplug all Devices.
Oct 31 22:11:47 ubuntu systemd[1]: Started Set the console keyboard layout.
Oct 31 22:11:47 ubuntu systemd[1]: Reached target Local File Systems (Pre).
Oct 31 22:11:47 ubuntu systemd[1]: tmp.mount: Directory /tmp to mount over is not empty, mounting anyway.
Oct 31 22:11:47 ubuntu systemd[1]: Mounting /tmp...
Oct 31 22:11:47 ubuntu systemd[1]: Mounted /tmp.
Oct 31 22:11:47 ubuntu systemd[1]: Reached target Local File Systems.
Oct 31 22:11:47 ubuntu systemd[1]: Starting Clean up any mess left by 0dns-up...
Oct 31 22:11:47 ubuntu systemd[1]: Starting Set console font and keymap...
Oct 31 22:11:47 ubuntu systemd[1]: Starting Tell Plymouth To Write Out Runtime Data...
Oct 31 22:11:47 ubuntu systemd[1]: Starting Create Volatile Files and Directories...
Oct 31 22:11:47 ubuntu systemd[1]: Started udev Kernel Device Manager.
Oct 31 22:11:47 ubuntu systemd[1]: Started Set console font and keymap.
Oct 31 22:11:47 ubuntu systemd[1]: Starting Show Plymouth Boot Screen...
Oct 31 22:11:47 ubuntu systemd[1]: Started Tell Plymouth To Write Out Runtime Data.
Oct 31 22:11:47 ubuntu systemd[1]: Started Create Volatile Files and Directories.
Oct 31 22:11:47 ubuntu systemd[1]: Starting Update UTMP about System Boot/Shutdown...
Oct 31 22:11:47 ubuntu systemd[1]: Starting Network Time Synchronization...
Oct 31 22:11:47 ubuntu systemd[1]: Starting Network Name Resolution...
Oct 31 22:11:47 ubuntu systemd[1]: Started Clean up any mess left by 0dns-up.
Oct 31 22:11:47 ubuntu systemd[1]: Started Show Plymouth Boot Screen.
Oct 31 22:11:47 ubuntu systemd[1]: Started Update UTMP about System Boot/Shutdown.
Oct 31 22:11:47 ubuntu systemd[1]: Started Forward Password Requests to Plymouth Directory Watch.
Oct 31 22:11:47 ubuntu systemd[1]: Reached target Local Encrypted Volumes.
Oct 31 22:11:47 ubuntu systemd[1]: Starting Raise network interfaces...
Oct 31 22:11:47 ubuntu systemd[1]: Started Network Time Synchronization.
Oct 31 22:11:47 ubuntu systemd[1]: Reached target System Time Synchronized.
Oct 31 22:11:47 ubuntu systemd[1]: Reached target System Initialization.
Oct 31 22:11:47 ubuntu systemd[1]: Started CUPS Scheduler.
Oct 31 22:11:47 ubuntu systemd[1]: Started Daily apt download activities.
Oct 31 22:11:47 ubuntu systemd[1]: Listening on D-Bus System Message Bus Socket.
Oct 31 22:11:47 ubuntu systemd[1]: Started Daily Cleanup of Temporary Directories.
Oct 31 22:11:47 ubuntu systemd[1]: Started Daily apt upgrade and clean activities.
Oct 31 22:11:47 ubuntu systemd[1]: Listening on UUID daemon activation socket.
Oct 31 22:11:47 ubuntu systemd[1]: Started Message of the Day.
Oct 31 22:11:47 ubuntu systemd[1]: Started Discard unused blocks once a week.
Oct 31 22:11:47 ubuntu systemd[1]: Listening on CUPS Scheduler.
Oct 31 22:11:47 ubuntu systemd[1]: Listening on ACPID Listen Socket.
Oct 31 22:11:47 ubuntu systemd[1]: Listening on Avahi mDNS/DNS-SD Stack Activation Socket.
Oct 31 22:11:47 ubuntu systemd[1]: Starting Socket activation for snappy daemon.
Oct 31 22:11:47 ubuntu systemd[1]: Started ACPI Events Check.
Oct 31 22:11:47 ubuntu systemd[1]: Reached target Paths.
Oct 31 22:11:47 ubuntu systemd[1]: Started Trigger anacron every hour.
Oct 31 22:11:47 ubuntu systemd[1]: Reached target Timers.
Oct 31 22:11:47 ubuntu systemd[1]: Listening on Socket activation for snappy daemon.
Oct 31 22:11:47 ubuntu systemd[1]: Reached target Sockets.
Oct 31 22:11:47 ubuntu systemd[1]: Reached target Basic System.
Oct 31 22:11:47 ubuntu systemd[1]: Started CUPS Scheduler.
Oct 31 22:11:47 ubuntu systemd[1]: Starting Detect the available GPUs and deal with any system changes...
Oct 31 22:11:47 ubuntu gpu-manager[940]: /etc/modprobe.d is not a file
Oct 31 22:11:47 ubuntu systemd[1]: Starting Thermal Daemon Service...
Oct 31 22:11:47 ubuntu systemd[1]: Starting LSB: automatic crash report generation...
Oct 31 22:11:47 ubuntu systemd-resolved[924]: Positive Trust Anchors:
Oct 31 22:11:47 ubuntu systemd-resolved[924]: . IN DS 19036 8 2 49aac11d7b6f6446702e54a1607371607a1a41855200fd2ce1cdde32f24e8fb5
Oct 31 22:11:47 ubuntu gpu-manager[940]: /etc/modprobe.d is not a file
Oct 31 22:11:47 ubuntu systemd-resolved[924]: . IN DS 20326 8 2 e06d44b80b8f1d39a95c0b0d7c65d08458e880409bbc683457104237c7f8ec8d
Oct 31 22:11:47 ubuntu systemd-resolved[924]: Negative trust anchors: 10.in-addr.arpa 16.172.in-addr.arpa 17.172.in-addr.arpa 18.172.in-addr.arpa 19.172.in-addr.arpa 20.172.in-addr.arpa 21.172.in-addr.arpa 22.172.in-addr.arpa 23.172.in-addr.arpa 24.172.in-addr.arpa 25.172.in-addr.arpa 26.172.in-addr.arpa 27.172.in-addr.arpa 28.172.in-addr.arpa 29.172.in-addr.arpa 30.172.in-addr.arpa 31.172.in-addr.arpa 168.192.in-addr.arpa d.f.ip6.arpa corp home internal intranet lan local private test
Oct 31 22:11:47 ubuntu systemd-resolved[924]: Using system hostname 'ubuntu'.
Oct 31 22:11:47 ubuntu systemd[1]: Starting LSB: Speech Dispatcher...
Oct 31 22:11:47 ubuntu gpu-manager[940]: /etc/modprobe.d is not a file
Oct 31 22:11:47 ubuntu systemd[1]: Started D-Bus System Message Bus.
Oct 31 22:11:47 ubuntu dbus-daemon[964]: dbus[964]: Unknown group "power" in message bus configuration file
Oct 31 22:11:47 ubuntu gpu-manager[940]: /etc/modprobe.d is not a file
Oct 31 22:11:47 ubuntu dbus-daemon[964]: [system] AppArmor D-Bus mediation is enabled
Oct 31 22:11:47 ubuntu gpu-manager[940]: Error: can't open /lib/modules/4.15.0-29-generic/updates/dkms
Oct 31 22:11:47 ubuntu gpu-manager[940]: Error: can't open /lib/modules/4.15.0-29-generic/updates/dkms
Oct 31 22:11:47 ubuntu systemd[1]: Starting WPA supplicant...
Oct 31 22:11:47 ubuntu systemd[1]: Starting Accounts Service...
Oct 31 22:11:47 ubuntu systemd[1]: Started ACPI event daemon.
Oct 31 22:11:47 ubuntu systemd[1]: Started irqbalance daemon.
Oct 31 22:11:47 ubuntu systemd[1]: Starting Login Service...
Oct 31 22:11:47 ubuntu systemd[1]: Starting LSB: Record successful boot for GRUB...
Oct 31 22:11:47 ubuntu systemd[1]: Reached target Login Prompts.
Oct 31 22:11:47 ubuntu systemd[1]: Starting Ubuntu live CD installer...
Oct 31 22:11:47 ubuntu thermald[950]: NO RAPL sysfs present
Oct 31 22:11:47 ubuntu thermald[950]: 22 CPUID levels; family:model:stepping 0x6:9e:a (6:158:10)
Oct 31 22:11:47 ubuntu thermald[950]: Polling mode is enabled: 4
Oct 31 22:11:47 ubuntu thermald[950]: Thermal DTS: No coretemp sysfs found
Oct 31 22:11:47 ubuntu /usr/sbin/irqbalance: Balancing is ineffective on systems with a single cpu.  Shutting down
Oct 31 22:11:47 ubuntu systemd[1]: Started Regular background program processing daemon.
Oct 31 22:11:47 ubuntu systemd[1]: Starting System Logging Service...
Oct 31 22:11:47 ubuntu thermald[950]: Thermal DTS or hwmon: No Zones present Need to configure manually
Oct 31 22:11:47 ubuntu thermald[950]: No thermal sensors found
Oct 31 22:11:47 ubuntu dbus-daemon[964]: [system] Activating via systemd: service name='org.freedesktop.PolicyKit1' unit='polkit.service' requested by ':1.3' (uid=0 pid=982 comm="/usr/lib/accountsservice/accounts-daemon " label="unconfined")
Oct 31 22:11:47 ubuntu thermald[950]: THD engine start failed
Oct 31 22:11:47 ubuntu acpid: starting up with netlink and the input layer
Oct 31 22:11:47 ubuntu acpid: 8 rules loaded
Oct 31 22:11:47 ubuntu acpid: waiting for events: event logging is off
Oct 31 22:11:47 ubuntu systemd[1]: Starting Disk Manager...
Oct 31 22:11:47 ubuntu systemd[1]: Starting Restore /etc/resolv.conf if the system crashed before the ppp link was shut down...
Oct 31 22:11:47 ubuntu cron[995]: (CRON) INFO (pidfile fd = 3)
Oct 31 22:11:47 ubuntu cron[995]: (CRON) INFO (Running @reboot jobs)
Oct 31 22:11:47 ubuntu systemd[1]: Starting Modem Manager...
Oct 31 22:11:47 ubuntu systemd[1]: Starting Network Manager...
Oct 31 22:11:47 ubuntu udisksd[999]: udisks daemon version 2.7.6 starting
Oct 31 22:11:47 ubuntu systemd[1]: Starting Avahi mDNS/DNS-SD Stack...
Oct 31 22:11:47 ubuntu wpa_supplicant[981]: Successfully initialized wpa_supplicant
Oct 31 22:11:47 ubuntu rsyslogd: imuxsock: Acquired UNIX socket '/run/systemd/journal/syslog' (fd 3) from systemd.  [v8.32.0]
Oct 31 22:11:47 ubuntu systemd[1]: Starting Dispatcher daemon for systemd-networkd...
Oct 31 22:11:47 ubuntu rsyslogd: rsyslogd's groupid changed to 106
Oct 31 22:11:47 ubuntu rsyslogd: rsyslogd's userid changed to 102
Oct 31 22:11:47 ubuntu rsyslogd:  [origin software="rsyslogd" swVersion="8.32.0" x-pid="998" x-info="http://www.rsyslog.com"] start
Oct 31 22:11:47 ubuntu kernel: [    0.000000] Linux version 4.15.0-29-generic (buildd@lgw01-amd64-057) (gcc version 7.3.0 (Ubuntu 7.3.0-16ubuntu3)) #31-Ubuntu SMP Tue Jul 17 15:39:52 UTC 2018 (Ubuntu 4.15.0-29.31-generic 4.15.18)
Oct 31 22:11:47 ubuntu kernel: [    0.000000] Command line: file=/cdrom/preseed/ubuntu.seed boot=casper initrd=/casper/initrd.lz quiet splash --- maybe-ubiquity
Oct 31 22:11:47 ubuntu kernel: [    0.000000] KERNEL supported cpus:
Oct 31 22:11:47 ubuntu kernel: [    0.000000]   Intel GenuineIntel
Oct 31 22:11:47 ubuntu kernel: [    0.000000]   AMD AuthenticAMD
Oct 31 22:11:47 ubuntu kernel: [    0.000000]   Centaur CentaurHauls
Oct 31 22:11:47 ubuntu kernel: [    0.000000] x86/fpu: Supporting XSAVE feature 0x001: 'x87 floating point registers'
Oct 31 22:11:47 ubuntu kernel: [    0.000000] x86/fpu: Supporting XSAVE feature 0x002: 'SSE registers'
Oct 31 22:11:47 ubuntu kernel: [    0.000000] x86/fpu: Supporting XSAVE feature 0x004: 'AVX registers'
Oct 31 22:11:47 ubuntu kernel: [    0.000000] x86/fpu: xstate_offset[2]:  576, xstate_sizes[2]:  256
Oct 31 22:11:47 ubuntu kernel: [    0.000000] x86/fpu: Enabled xstate features 0x7, context size is 832 bytes, using 'standard' format.
Oct 31 22:11:47 ubuntu kernel: [    0.000000] e820: BIOS-provided physical RAM map:
Oct 31 22:11:47 ubuntu kernel: [    0.000000] BIOS-e820: [mem 0x0000000000000000-0x000000000009fbff] usable
Oct 31 22:11:47 ubuntu kernel: [    0.000000] BIOS-e820: [mem 0x000000000009fc00-0x000000000009ffff] reserved
Oct 31 22:11:47 ubuntu kernel: [    0.000000] BIOS-e820: [mem 0x00000000000f0000-0x00000000000fffff] reserved
Oct 31 22:11:47 ubuntu kernel: [    0.000000] BIOS-e820: [mem 0x0000000000100000-0x00000000dffeffff] usable
Oct 31 22:11:47 ubuntu kernel: [    0.000000] BIOS-e820: [mem 0x00000000dfff0000-0x00000000dfffffff] ACPI data
Oct 31 22:11:47 ubuntu kernel: [    0.000000] BIOS-e820: [mem 0x00000000fec00000-0x00000000fec00fff] reserved
Oct 31 22:11:47 ubuntu kernel: [    0.000000] BIOS-e820: [mem 0x00000000fee00000-0x00000000fee00fff] reserved
Oct 31 22:11:47 ubuntu kernel: [    0.000000] BIOS-e820: [mem 0x00000000fffc0000-0x00000000ffffffff] reserved
Oct 31 22:11:47 ubuntu kernel: [    0.000000] BIOS-e820: [mem 0x0000000100000000-0x00000002792fffff] usable
Oct 31 22:11:47 ubuntu kernel: [    0.000000] NX (Execute Disable) protection: active
Oct 31 22:11:47 ubuntu kernel: [    0.000000] SMBIOS 2.5 present.
Oct 31 22:11:47 ubuntu kernel: [    0.000000] DMI: innotek GmbH VirtualBox/VirtualBox, BIOS VirtualBox 12/01/2006
Oct 31 22:11:47 ubuntu kernel: [    0.000000] Hypervisor detected: KVM
Oct 31 22:11:47 ubuntu kernel: [    0.000000] e820: update [mem 0x00000000-0x00000fff] usable ==> reserved
Oct 31 22:11:47 ubuntu kernel: [    0.000000] e820: remove [mem 0x000a0000-0x000fffff] usable
Oct 31 22:11:47 ubuntu kernel: [    0.000000] e820: last_pfn = 0x279300 max_arch_pfn = 0x400000000
Oct 31 22:11:47 ubuntu kernel: [    0.000000] MTRR default type: uncachable
Oct 31 22:11:47 ubuntu kernel: [    0.000000] MTRR variable ranges disabled:
Oct 31 22:11:47 ubuntu kernel: [    0.000000] MTRR: Disabled
Oct 31 22:11:47 ubuntu kernel: [    0.000000] x86/PAT: MTRRs disabled, skipping PAT initialization too.
Oct 31 22:11:47 ubuntu kernel: [    0.000000] CPU MTRRs all blank - virtualized system.
Oct 31 22:11:47 ubuntu kernel: [    0.000000] x86/PAT: Configuration [0-7]: WB  WT  UC- UC  WB  WT  UC- UC  
Oct 31 22:11:47 ubuntu kernel: [    0.000000] e820: last_pfn = 0xdfff0 max_arch_pfn = 0x400000000
Oct 31 22:11:47 ubuntu kernel: [    0.000000] found SMP MP-table at [mem 0x0009fff0-0x0009ffff] mapped at [        (ptrval)]
Oct 31 22:11:47 ubuntu kernel: [    0.000000] Scanning 1 areas for low memory corruption
Oct 31 22:11:47 ubuntu kernel: [    0.000000] Base memory trampoline at [        (ptrval)] 99000 size 24576
Oct 31 22:11:47 ubuntu kernel: [    0.000000] BRK [0x9513f000, 0x9513ffff] PGTABLE
Oct 31 22:11:47 ubuntu kernel: [    0.000000] BRK [0x95140000, 0x95140fff] PGTABLE
Oct 31 22:11:47 ubuntu kernel: [    0.000000] BRK [0x95141000, 0x95141fff] PGTABLE
Oct 31 22:11:47 ubuntu kernel: [    0.000000] BRK [0x95142000, 0x95142fff] PGTABLE
Oct 31 22:11:47 ubuntu kernel: [    0.000000] BRK [0x95143000, 0x95143fff] PGTABLE
Oct 31 22:11:47 ubuntu kernel: [    0.000000] BRK [0x95144000, 0x95144fff] PGTABLE
Oct 31 22:11:47 ubuntu kernel: [    0.000000] BRK [0x95145000, 0x95145fff] PGTABLE
Oct 31 22:11:47 ubuntu kernel: [    0.000000] BRK [0x95146000, 0x95146fff] PGTABLE
Oct 31 22:11:47 ubuntu kernel: [    0.000000] BRK [0x95147000, 0x95147fff] PGTABLE
Oct 31 22:11:47 ubuntu kernel: [    0.000000] BRK [0x95148000, 0x95148fff] PGTABLE
Oct 31 22:11:47 ubuntu kernel: [    0.000000] BRK [0x95149000, 0x95149fff] PGTABLE
Oct 31 22:11:47 ubuntu kernel: [    0.000000] RAMDISK: [mem 0x7dcd4000-0x7fffffff]
Oct 31 22:11:47 ubuntu kernel: [    0.000000] ACPI: Early table checksum verification disabled
Oct 31 22:11:47 ubuntu kernel: [    0.000000] ACPI: RSDP 0x00000000000E0000 000024 (v02 VBOX  )
Oct 31 22:11:47 ubuntu kernel: [    0.000000] ACPI: XSDT 0x00000000DFFF0030 00003C (v01 VBOX   VBOXXSDT 00000001 ASL  00000061)
Oct 31 22:11:47 ubuntu kernel: [    0.000000] ACPI: FACP 0x00000000DFFF00F0 0000F4 (v04 VBOX   VBOXFACP 00000001 ASL  00000061)
Oct 31 22:11:47 ubuntu kernel: [    0.000000] ACPI: DSDT 0x00000000DFFF0470 0021FF (v02 VBOX   VBOXBIOS 00000002 INTL 20100528)
Oct 31 22:11:47 ubuntu kernel: [    0.000000] ACPI: FACS 0x00000000DFFF0200 000040
Oct 31 22:11:47 ubuntu kernel: [    0.000000] ACPI: FACS 0x00000000DFFF0200 000040
Oct 31 22:11:47 ubuntu kernel: [    0.000000] ACPI: APIC 0x00000000DFFF0240 000054 (v02 VBOX   VBOXAPIC 00000001 ASL  00000061)
Oct 31 22:11:47 ubuntu kernel: [    0.000000] ACPI: SSDT 0x00000000DFFF02A0 0001CC (v01 VBOX   VBOXCPUT 00000002 INTL 20100528)
Oct 31 22:11:47 ubuntu kernel: [    0.000000] ACPI: Local APIC address 0xfee00000
Oct 31 22:11:47 ubuntu kernel: [    0.000000] No NUMA configuration found
Oct 31 22:11:47 ubuntu kernel: [    0.000000] Faking a node at [mem 0x0000000000000000-0x00000002792fffff]
Oct 31 22:11:47 ubuntu kernel: [    0.000000] NODE_DATA(0) allocated [mem 0x2792d5000-0x2792fffff]
Oct 31 22:11:47 ubuntu kernel: [    0.000000] kvm-clock: cpu 0, msr 2:79254001, primary cpu clock
Oct 31 22:11:47 ubuntu kernel: [    0.000000] kvm-clock: Using msrs 4b564d01 and 4b564d00
Oct 31 22:11:47 ubuntu kernel: [    0.000000] kvm-clock: using sched offset of 8067726577 cycles
Oct 31 22:11:47 ubuntu kernel: [    0.000000] clocksource: kvm-clock: mask: 0xffffffffffffffff max_cycles: 0x1cd42e4dffb, max_idle_ns: 881590591483 ns
Oct 31 22:11:47 ubuntu kernel: [    0.000000] Zone ranges:
Oct 31 22:11:47 ubuntu kernel: [    0.000000]   DMA      [mem 0x0000000000001000-0x0000000000ffffff]
Oct 31 22:11:47 ubuntu kernel: [    0.000000]   DMA32    [mem 0x0000000001000000-0x00000000ffffffff]
Oct 31 22:11:47 ubuntu kernel: [    0.000000]   Normal   [mem 0x0000000100000000-0x00000002792fffff]
Oct 31 22:11:47 ubuntu kernel: [    0.000000]   Device   empty
Oct 31 22:11:47 ubuntu kernel: [    0.000000] Movable zone start for each node
Oct 31 22:11:47 ubuntu kernel: [    0.000000] Early memory node ranges
Oct 31 22:11:47 ubuntu kernel: [    0.000000]   node   0: [mem 0x0000000000001000-0x000000000009efff]
Oct 31 22:11:47 ubuntu kernel: [    0.000000]   node   0: [mem 0x0000000000100000-0x00000000dffeffff]
Oct 31 22:11:47 ubuntu kernel: [    0.000000]   node   0: [mem 0x0000000100000000-0x00000002792fffff]
Oct 31 22:11:47 ubuntu kernel: [    0.000000] Initmem setup node 0 [mem 0x0000000000001000-0x00000002792fffff]
Oct 31 22:11:47 ubuntu kernel: [    0.000000] On node 0 totalpages: 2462350
Oct 31 22:11:47 ubuntu kernel: [    0.000000]   DMA zone: 64 pages used for memmap
Oct 31 22:11:47 ubuntu kernel: [    0.000000]   DMA zone: 21 pages reserved
Oct 31 22:11:47 ubuntu kernel: [    0.000000]   DMA zone: 3998 pages, LIFO batch:0
Oct 31 22:11:47 ubuntu kernel: [    0.000000]   DMA32 zone: 14272 pages used for memmap
Oct 31 22:11:47 ubuntu kernel: [    0.000000]   DMA32 zone: 913392 pages, LIFO batch:31
Oct 31 22:11:47 ubuntu kernel: [    0.000000]   Normal zone: 24140 pages used for memmap
Oct 31 22:11:47 ubuntu kernel: [    0.000000]   Normal zone: 1544960 pages, LIFO batch:31
Oct 31 22:11:47 ubuntu kernel: [    0.000000] Reserved but unavailable: 98 pages
Oct 31 22:11:47 ubuntu kernel: [    0.000000] ACPI: PM-Timer IO Port: 0x4008
Oct 31 22:11:47 ubuntu kernel: [    0.000000] ACPI: Local APIC address 0xfee00000
Oct 31 22:11:47 ubuntu kernel: [    0.000000] IOAPIC[0]: apic_id 1, version 32, address 0xfec00000, GSI 0-23
Oct 31 22:11:47 ubuntu kernel: [    0.000000] ACPI: INT_SRC_OVR (bus 0 bus_irq 0 global_irq 2 dfl dfl)
Oct 31 22:11:47 ubuntu kernel: [    0.000000] ACPI: INT_SRC_OVR (bus 0 bus_irq 9 global_irq 9 low level)
Oct 31 22:11:47 ubuntu kernel: [    0.000000] ACPI: IRQ0 used by override.
Oct 31 22:11:47 ubuntu kernel: [    0.000000] ACPI: IRQ9 used by override.
Oct 31 22:11:47 ubuntu kernel: [    0.000000] Using ACPI (MADT) for SMP configuration information
Oct 31 22:11:47 ubuntu kernel: [    0.000000] smpboot: Allowing 1 CPUs, 0 hotplug CPUs
Oct 31 22:11:47 ubuntu kernel: [    0.000000] PM: Registered nosave memory: [mem 0x00000000-0x00000fff]
Oct 31 22:11:47 ubuntu kernel: [    0.000000] PM: Registered nosave memory: [mem 0x0009f000-0x0009ffff]
Oct 31 22:11:47 ubuntu kernel: [    0.000000] PM: Registered nosave memory: [mem 0x000a0000-0x000effff]
Oct 31 22:11:47 ubuntu kernel: [    0.000000] PM: Registered nosave memory: [mem 0x000f0000-0x000fffff]
Oct 31 22:11:47 ubuntu kernel: [    0.000000] PM: Registered nosave memory: [mem 0xdfff0000-0xdfffffff]
Oct 31 22:11:47 ubuntu kernel: [    0.000000] PM: Registered nosave memory: [mem 0xe0000000-0xfebfffff]
Oct 31 22:11:47 ubuntu kernel: [    0.000000] PM: Registered nosave memory: [mem 0xfec00000-0xfec00fff]
Oct 31 22:11:47 ubuntu kernel: [    0.000000] PM: Registered nosave memory: [mem 0xfec01000-0xfedfffff]
Oct 31 22:11:47 ubuntu kernel: [    0.000000] PM: Registered nosave memory: [mem 0xfee00000-0xfee00fff]
Oct 31 22:11:47 ubuntu kernel: [    0.000000] PM: Registered nosave memory: [mem 0xfee01000-0xfffbffff]
Oct 31 22:11:47 ubuntu kernel: [    0.000000] PM: Registered nosave memory: [mem 0xfffc0000-0xffffffff]
Oct 31 22:11:47 ubuntu kernel: [    0.000000] e820: [mem 0xe0000000-0xfebfffff] available for PCI devices
Oct 31 22:11:47 ubuntu kernel: [    0.000000] Booting paravirtualized kernel on KVM
Oct 31 22:11:47 ubuntu kernel: [    0.000000] clocksource: refined-jiffies: mask: 0xffffffff max_cycles: 0xffffffff, max_idle_ns: 7645519600211568 ns
Oct 31 22:11:47 ubuntu kernel: [    0.000000] random: get_random_bytes called from start_kernel+0x99/0x4fd with crng_init=0
Oct 31 22:11:47 ubuntu kernel: [    0.000000] setup_percpu: NR_CPUS:8192 nr_cpumask_bits:1 nr_cpu_ids:1 nr_node_ids:1
Oct 31 22:11:47 ubuntu kernel: [    0.000000] percpu: Embedded 46 pages/cpu @        (ptrval) s151552 r8192 d28672 u2097152
Oct 31 22:11:47 ubuntu kernel: [    0.000000] pcpu-alloc: s151552 r8192 d28672 u2097152 alloc=1*2097152
Oct 31 22:11:47 ubuntu kernel: [    0.000000] pcpu-alloc: [0] 0 
Oct 31 22:11:47 ubuntu kernel: [    0.000000] PV qspinlock hash table entries: 256 (order: 0, 4096 bytes)
Oct 31 22:11:47 ubuntu kernel: [    0.000000] Built 1 zonelists, mobility grouping on.  Total pages: 2423853
Oct 31 22:11:47 ubuntu kernel: [    0.000000] Policy zone: Normal
Oct 31 22:11:47 ubuntu kernel: [    0.000000] Kernel command line: file=/cdrom/preseed/ubuntu.seed boot=casper initrd=/casper/initrd.lz quiet splash --- maybe-ubiquity
Oct 31 22:11:47 ubuntu kernel: [    0.000000] Calgary: detecting Calgary via BIOS EBDA area
Oct 31 22:11:47 ubuntu kernel: [    0.000000] Calgary: Unable to locate Rio Grande table in EBDA - bailing!
Oct 31 22:11:47 ubuntu kernel: [    0.000000] Memory: 9562804K/9849400K available (12300K kernel code, 2470K rwdata, 4240K rodata, 2408K init, 2416K bss, 286596K reserved, 0K cma-reserved)
Oct 31 22:11:47 ubuntu kernel: [    0.000000] SLUB: HWalign=64, Order=0-3, MinObjects=0, CPUs=1, Nodes=1
Oct 31 22:11:47 ubuntu kernel: [    0.000000] Kernel/User page tables isolation: enabled
Oct 31 22:11:47 ubuntu kernel: [    0.000000] ftrace: allocating 39092 entries in 153 pages
Oct 31 22:11:47 ubuntu kernel: [    0.004000] Hierarchical RCU implementation.
Oct 31 22:11:47 ubuntu kernel: [    0.004000] 	RCU restricting CPUs from NR_CPUS=8192 to nr_cpu_ids=1.
Oct 31 22:11:47 ubuntu kernel: [    0.004000] 	Tasks RCU enabled.
Oct 31 22:11:47 ubuntu kernel: [    0.004000] RCU: Adjusting geometry for rcu_fanout_leaf=16, nr_cpu_ids=1
Oct 31 22:11:47 ubuntu kernel: [    0.004000] NR_IRQS: 524544, nr_irqs: 256, preallocated irqs: 16
Oct 31 22:11:47 ubuntu kernel: [    0.004000] Console: colour VGA+ 80x25
Oct 31 22:11:47 ubuntu kernel: [    0.004000] console [tty0] enabled
Oct 31 22:11:47 ubuntu kernel: [    0.004000] ACPI: Core revision 20170831
Oct 31 22:11:47 ubuntu kernel: [    0.004000] ACPI: 2 ACPI AML tables successfully acquired and loaded
Oct 31 22:11:47 ubuntu kernel: [    0.004000] APIC: Switch to symmetric I/O mode setup
Oct 31 22:11:47 ubuntu kernel: [    0.004000] x2apic enabled
Oct 31 22:11:47 ubuntu kernel: [    0.004000] Switched APIC routing to physical x2apic.
Oct 31 22:11:47 ubuntu kernel: [    0.004000] ..TIMER: vector=0x30 apic1=0 pin1=2 apic2=-1 pin2=-1
Oct 31 22:11:47 ubuntu kernel: [    0.004000] tsc: Detected 2207.998 MHz processor
Oct 31 22:11:47 ubuntu kernel: [    0.004000] Calibrating delay loop (skipped) preset value.. 4415.99 BogoMIPS (lpj=8831992)
Oct 31 22:11:47 ubuntu kernel: [    0.004000] pid_max: default: 32768 minimum: 301
Oct 31 22:11:47 ubuntu kernel: [    0.004000] Security Framework initialized
Oct 31 22:11:47 ubuntu kernel: [    0.004000] Yama: becoming mindful.
Oct 31 22:11:47 ubuntu kernel: [    0.004000] AppArmor: AppArmor initialized
Oct 31 22:11:47 ubuntu kernel: [    0.009175] Dentry cache hash table entries: 2097152 (order: 12, 16777216 bytes)
Oct 31 22:11:47 ubuntu kernel: [    0.014287] Inode-cache hash table entries: 1048576 (order: 11, 8388608 bytes)
Oct 31 22:11:47 ubuntu kernel: [    0.014318] Mount-cache hash table entries: 32768 (order: 6, 262144 bytes)
Oct 31 22:11:47 ubuntu kernel: [    0.014334] Mountpoint-cache hash table entries: 32768 (order: 6, 262144 bytes)
Oct 31 22:11:47 ubuntu kernel: [    0.014494] CPU: Physical Processor ID: 0
Oct 31 22:11:47 ubuntu kernel: [    0.014508] mce: CPU supports 0 MCE banks
Oct 31 22:11:47 ubuntu kernel: [    0.014517] process: using mwait in idle threads
Oct 31 22:11:47 ubuntu kernel: [    0.014520] Last level iTLB entries: 4KB 64, 2MB 8, 4MB 8
Oct 31 22:11:47 ubuntu kernel: [    0.014520] Last level dTLB entries: 4KB 64, 2MB 0, 4MB 0, 1GB 4
Oct 31 22:11:47 ubuntu kernel: [    0.014521] Spectre V2 : Mitigation: Full generic retpoline
Oct 31 22:11:47 ubuntu kernel: [    0.014521] Spectre V2 : Spectre v2 mitigation: Filling RSB on context switch
Oct 31 22:11:47 ubuntu kernel: [    0.014522] Speculative Store Bypass: Vulnerable
Oct 31 22:11:47 ubuntu kernel: [    0.024762] Freeing SMP alternatives memory: 36K
Oct 31 22:11:47 ubuntu kernel: [    0.028000] smpboot: CPU0: Intel(R) Core(TM) i7-8750H CPU @ 2.20GHz (family: 0x6, model: 0x9e, stepping: 0xa)
Oct 31 22:11:47 ubuntu kernel: [    0.028000] Performance Events: unsupported p6 CPU model 158 no PMU driver, software events only.
Oct 31 22:11:47 ubuntu kernel: [    0.028000] Hierarchical SRCU implementation.
Oct 31 22:11:47 ubuntu kernel: [    0.028000] NMI watchdog: Perf event create on CPU 0 failed with -2
Oct 31 22:11:47 ubuntu kernel: [    0.028000] NMI watchdog: Perf NMI watchdog permanently disabled
Oct 31 22:11:47 ubuntu kernel: [    0.028000] smp: Bringing up secondary CPUs ...
Oct 31 22:11:47 ubuntu kernel: [    0.028000] smp: Brought up 1 node, 1 CPU
Oct 31 22:11:47 ubuntu kernel: [    0.028000] smpboot: Max logical packages: 1
Oct 31 22:11:47 ubuntu kernel: [    0.028000] smpboot: Total of 1 processors activated (4415.99 BogoMIPS)
Oct 31 22:11:47 ubuntu kernel: [    0.028000] devtmpfs: initialized
Oct 31 22:11:47 ubuntu kernel: [    0.028000] x86/mm: Memory block size: 128MB
Oct 31 22:11:47 ubuntu kernel: [    0.028000] evm: security.selinux
Oct 31 22:11:47 ubuntu kernel: [    0.028000] evm: security.SMACK64
Oct 31 22:11:47 ubuntu kernel: [    0.028000] evm: security.SMACK64EXEC
Oct 31 22:11:47 ubuntu kernel: [    0.028000] evm: security.SMACK64TRANSMUTE
Oct 31 22:11:47 ubuntu kernel: [    0.028000] evm: security.SMACK64MMAP
Oct 31 22:11:47 ubuntu kernel: [    0.028000] evm: security.apparmor
Oct 31 22:11:47 ubuntu kernel: [    0.028000] evm: security.ima
Oct 31 22:11:47 ubuntu kernel: [    0.028000] evm: security.capability
Oct 31 22:11:47 ubuntu kernel: [    0.028000] clocksource: jiffies: mask: 0xffffffff max_cycles: 0xffffffff, max_idle_ns: 7645041785100000 ns
Oct 31 22:11:47 ubuntu kernel: [    0.028000] futex hash table entries: 256 (order: 2, 16384 bytes)
Oct 31 22:11:47 ubuntu kernel: [    0.028000] pinctrl core: initialized pinctrl subsystem
Oct 31 22:11:47 ubuntu kernel: [    0.028000] RTC time: 22:11:38, date: 10/31/18
Oct 31 22:11:47 ubuntu kernel: [    0.028000] NET: Registered protocol family 16
Oct 31 22:11:47 ubuntu kernel: [    0.028000] audit: initializing netlink subsys (disabled)
Oct 31 22:11:47 ubuntu kernel: [    0.028000] cpuidle: using governor ladder
Oct 31 22:11:47 ubuntu kernel: [    0.028000] cpuidle: using governor menu
Oct 31 22:11:47 ubuntu kernel: [    0.028000] ACPI: bus type PCI registered
Oct 31 22:11:47 ubuntu kernel: [    0.028000] acpiphp: ACPI Hot Plug PCI Controller Driver version: 0.5
Oct 31 22:11:47 ubuntu kernel: [    0.028000] PCI: Using configuration type 1 for base access
Oct 31 22:11:47 ubuntu kernel: [    0.028000] audit: type=2000 audit(1541023907.633:1): state=initialized audit_enabled=0 res=1
Oct 31 22:11:47 ubuntu kernel: [    0.028000] HugeTLB registered 2.00 MiB page size, pre-allocated 0 pages
Oct 31 22:11:47 ubuntu kernel: [    0.028000] ACPI: Added _OSI(Module Device)
Oct 31 22:11:47 ubuntu kernel: [    0.028000] ACPI: Added _OSI(Processor Device)
Oct 31 22:11:47 ubuntu kernel: [    0.028000] ACPI: Added _OSI(3.0 _SCP Extensions)
Oct 31 22:11:47 ubuntu kernel: [    0.028000] ACPI: Added _OSI(Processor Aggregator Device)
Oct 31 22:11:47 ubuntu kernel: [    0.028000] ACPI: Added _OSI(Linux-Dell-Video)
Oct 31 22:11:47 ubuntu kernel: [    0.028000] ACPI: Executed 1 blocks of module-level executable AML code
Oct 31 22:11:47 ubuntu kernel: [    0.029023] ACPI: Interpreter enabled
Oct 31 22:11:47 ubuntu kernel: [    0.029031] ACPI: (supports S0 S5)
Oct 31 22:11:47 ubuntu kernel: [    0.029032] ACPI: Using IOAPIC for interrupt routing
Oct 31 22:11:47 ubuntu kernel: [    0.029189] PCI: Using host bridge windows from ACPI; if necessary, use "pci=nocrs" and report a bug
Oct 31 22:11:47 ubuntu kernel: [    0.029338] ACPI: Enabled 2 GPEs in block 00 to 07
Oct 31 22:11:47 ubuntu kernel: [    0.034177] ACPI: PCI Root Bridge [PCI0] (domain 0000 [bus 00-ff])
Oct 31 22:11:47 ubuntu kernel: [    0.034181] acpi PNP0A03:00: _OSC: OS supports [ASPM ClockPM Segments MSI]
Oct 31 22:11:47 ubuntu kernel: [    0.034194] acpi PNP0A03:00: _OSC: not requesting OS control; OS requires [ExtendedConfig ASPM ClockPM MSI]
Oct 31 22:11:47 ubuntu kernel: [    0.034200] acpi PNP0A03:00: fail to add MMCONFIG information, can't access extended PCI configuration space under this bridge.
Oct 31 22:11:47 ubuntu kernel: [    0.034521] PCI host bridge to bus 0000:00
Oct 31 22:11:47 ubuntu kernel: [    0.034523] pci_bus 0000:00: root bus resource [io  0x0000-0x0cf7 window]
Oct 31 22:11:47 ubuntu kernel: [    0.034524] pci_bus 0000:00: root bus resource [io  0x0d00-0xffff window]
Oct 31 22:11:47 ubuntu kernel: [    0.034525] pci_bus 0000:00: root bus resource [mem 0x000a0000-0x000bffff window]
Oct 31 22:11:47 ubuntu kernel: [    0.034526] pci_bus 0000:00: root bus resource [mem 0xe0000000-0xfdffffff window]
Oct 31 22:11:47 ubuntu kernel: [    0.034527] pci_bus 0000:00: root bus resource [bus 00-ff]
Oct 31 22:11:47 ubuntu kernel: [    0.034571] pci 0000:00:00.0: [8086:1237] type 00 class 0x060000
Oct 31 22:11:47 ubuntu kernel: [    0.035199] pci 0000:00:01.0: [8086:7000] type 00 class 0x060100
Oct 31 22:11:47 ubuntu kernel: [    0.035974] pci 0000:00:01.1: [8086:7111] type 00 class 0x01018a
Oct 31 22:11:47 ubuntu kernel: [    0.036504] pci 0000:00:01.1: reg 0x20: [io  0xd000-0xd00f]
Oct 31 22:11:47 ubuntu kernel: [    0.036715] pci 0000:00:01.1: legacy IDE quirk: reg 0x10: [io  0x01f0-0x01f7]
Oct 31 22:11:47 ubuntu kernel: [    0.036716] pci 0000:00:01.1: legacy IDE quirk: reg 0x14: [io  0x03f6]
Oct 31 22:11:47 ubuntu kernel: [    0.036716] pci 0000:00:01.1: legacy IDE quirk: reg 0x18: [io  0x0170-0x0177]
Oct 31 22:11:47 ubuntu kernel: [    0.036717] pci 0000:00:01.1: legacy IDE quirk: reg 0x1c: [io  0x0376]
Oct 31 22:11:47 ubuntu kernel: [    0.036950] pci 0000:00:02.0: [80ee:beef] type 00 class 0x030000
Oct 31 22:11:47 ubuntu kernel: [    0.040224] pci 0000:00:02.0: reg 0x10: [mem 0xe0000000-0xe0ffffff pref]
Oct 31 22:11:47 ubuntu kernel: [    0.060457] pci 0000:00:03.0: [8086:100e] type 00 class 0x020000
Oct 31 22:11:47 ubuntu kernel: [    0.064031] pci 0000:00:03.0: reg 0x10: [mem 0xf0000000-0xf001ffff]
Oct 31 22:11:47 ubuntu kernel: [    0.072119] pci 0000:00:03.0: reg 0x18: [io  0xd010-0xd017]
Oct 31 22:11:47 ubuntu kernel: [    0.084612] pci 0000:00:04.0: [80ee:cafe] type 00 class 0x088000
Oct 31 22:11:47 ubuntu kernel: [    0.088094] pci 0000:00:04.0: reg 0x10: [io  0xd020-0xd03f]
Oct 31 22:11:47 ubuntu kernel: [    0.091069] pci 0000:00:04.0: reg 0x14: [mem 0xf0400000-0xf07fffff]
Oct 31 22:11:47 ubuntu kernel: [    0.092091] pci 0000:00:04.0: reg 0x18: [mem 0xf0800000-0xf0803fff pref]
Oct 31 22:11:47 ubuntu kernel: [    0.104480] pci 0000:00:05.0: [8086:2415] type 00 class 0x040100
Oct 31 22:11:47 ubuntu kernel: [    0.104649] pci 0000:00:05.0: reg 0x10: [io  0xd100-0xd1ff]
Oct 31 22:11:47 ubuntu kernel: [    0.104743] pci 0000:00:05.0: reg 0x14: [io  0xd200-0xd23f]
Oct 31 22:11:47 ubuntu kernel: [    0.108248] pci 0000:00:06.0: [106b:003f] type 00 class 0x0c0310
Oct 31 22:11:47 ubuntu kernel: [    0.111281] pci 0000:00:06.0: reg 0x10: [mem 0xf0804000-0xf0804fff]
Oct 31 22:11:47 ubuntu kernel: [    0.128518] pci 0000:00:07.0: [8086:7113] type 00 class 0x068000
Oct 31 22:11:47 ubuntu kernel: [    0.129104] pci 0000:00:07.0: quirk: [io  0x4000-0x403f] claimed by PIIX4 ACPI
Oct 31 22:11:47 ubuntu kernel: [    0.129115] pci 0000:00:07.0: quirk: [io  0x4100-0x410f] claimed by PIIX4 SMB
Oct 31 22:11:47 ubuntu kernel: [    0.129428] pci 0000:00:0d.0: [8086:2829] type 00 class 0x010601
Oct 31 22:11:47 ubuntu kernel: [    0.132135] pci 0000:00:0d.0: reg 0x10: [io  0xd240-0xd247]
Oct 31 22:11:47 ubuntu kernel: [    0.135185] pci 0000:00:0d.0: reg 0x14: [io  0xd248-0xd24b]
Oct 31 22:11:47 ubuntu kernel: [    0.136131] pci 0000:00:0d.0: reg 0x18: [io  0xd250-0xd257]
Oct 31 22:11:47 ubuntu kernel: [    0.140131] pci 0000:00:0d.0: reg 0x1c: [io  0xd258-0xd25b]
Oct 31 22:11:47 ubuntu kernel: [    0.144130] pci 0000:00:0d.0: reg 0x20: [io  0xd260-0xd26f]
Oct 31 22:11:47 ubuntu kernel: [    0.146922] pci 0000:00:0d.0: reg 0x24: [mem 0xf0806000-0xf0807fff]
Oct 31 22:11:47 ubuntu kernel: [    0.152021] ACPI: PCI Interrupt Link [LNKA] (IRQs 5 9 10 *11)
Oct 31 22:11:47 ubuntu kernel: [    0.152260] ACPI: PCI Interrupt Link [LNKB] (IRQs 5 9 *10 11)
Oct 31 22:11:47 ubuntu kernel: [    0.152358] ACPI: PCI Interrupt Link [LNKC] (IRQs 5 *9 10 11)
Oct 31 22:11:47 ubuntu kernel: [    0.152456] ACPI: PCI Interrupt Link [LNKD] (IRQs 5 9 10 *11)
Oct 31 22:11:47 ubuntu kernel: [    0.152736] SCSI subsystem initialized
Oct 31 22:11:47 ubuntu kernel: [    0.152778] libata version 3.00 loaded.
Oct 31 22:11:47 ubuntu kernel: [    0.152826] pci 0000:00:02.0: vgaarb: setting as boot VGA device
Oct 31 22:11:47 ubuntu kernel: [    0.152827] pci 0000:00:02.0: vgaarb: VGA device added: decodes=io+mem,owns=io+mem,locks=none
Oct 31 22:11:47 ubuntu kernel: [    0.152828] pci 0000:00:02.0: vgaarb: bridge control possible
Oct 31 22:11:47 ubuntu kernel: [    0.152829] vgaarb: loaded
Oct 31 22:11:47 ubuntu kernel: [    0.152848] ACPI: bus type USB registered
Oct 31 22:11:47 ubuntu kernel: [    0.152859] usbcore: registered new interface driver usbfs
Oct 31 22:11:47 ubuntu kernel: [    0.152863] usbcore: registered new interface driver hub
Oct 31 22:11:47 ubuntu kernel: [    0.152869] usbcore: registered new device driver usb
Oct 31 22:11:47 ubuntu kernel: [    0.152900] EDAC MC: Ver: 3.0.0
Oct 31 22:11:47 ubuntu kernel: [    0.154214] PCI: Using ACPI for IRQ routing
Oct 31 22:11:47 ubuntu kernel: [    0.154215] PCI: pci_cache_line_size set to 64 bytes
Oct 31 22:11:47 ubuntu kernel: [    0.154419] e820: reserve RAM buffer [mem 0x0009fc00-0x0009ffff]
Oct 31 22:11:47 ubuntu kernel: [    0.154422] e820: reserve RAM buffer [mem 0xdfff0000-0xdfffffff]
Oct 31 22:11:47 ubuntu kernel: [    0.154423] e820: reserve RAM buffer [mem 0x279300000-0x27bffffff]
Oct 31 22:11:47 ubuntu kernel: [    0.154489] NetLabel: Initializing
Oct 31 22:11:47 ubuntu kernel: [    0.154489] NetLabel:  domain hash size = 128
Oct 31 22:11:47 ubuntu kernel: [    0.154489] NetLabel:  protocols = UNLABELED CIPSOv4 CALIPSO
Oct 31 22:11:47 ubuntu kernel: [    0.154501] NetLabel:  unlabeled traffic allowed by default
Oct 31 22:11:47 ubuntu kernel: [    0.154581] clocksource: Switched to clocksource kvm-clock
Oct 31 22:11:47 ubuntu kernel: [    0.161713] VFS: Disk quotas dquot_6.6.0
Oct 31 22:11:47 ubuntu kernel: [    0.161724] VFS: Dquot-cache hash table entries: 512 (order 0, 4096 bytes)
Oct 31 22:11:47 ubuntu kernel: [    0.161787] AppArmor: AppArmor Filesystem Enabled
Oct 31 22:11:47 ubuntu kernel: [    0.161806] pnp: PnP ACPI init
Oct 31 22:11:47 ubuntu kernel: [    0.161859] pnp 00:00: Plug and Play ACPI device, IDs PNP0303 (active)
Oct 31 22:11:47 ubuntu kernel: [    0.161921] pnp 00:01: Plug and Play ACPI device, IDs PNP0f03 (active)
Oct 31 22:11:47 ubuntu kernel: [    0.162727] pnp: PnP ACPI: found 2 devices
Oct 31 22:11:47 ubuntu kernel: [    0.168028] clocksource: acpi_pm: mask: 0xffffff max_cycles: 0xffffff, max_idle_ns: 2085701024 ns
Oct 31 22:11:47 ubuntu kernel: [    0.168034] pci_bus 0000:00: resource 4 [io  0x0000-0x0cf7 window]
Oct 31 22:11:47 ubuntu kernel: [    0.168035] pci_bus 0000:00: resource 5 [io  0x0d00-0xffff window]
Oct 31 22:11:47 ubuntu kernel: [    0.168036] pci_bus 0000:00: resource 6 [mem 0x000a0000-0x000bffff window]
Oct 31 22:11:47 ubuntu kernel: [    0.168037] pci_bus 0000:00: resource 7 [mem 0xe0000000-0xfdffffff window]
Oct 31 22:11:47 ubuntu kernel: [    0.168068] NET: Registered protocol family 2
Oct 31 22:11:47 ubuntu kernel: [    0.168198] TCP established hash table entries: 131072 (order: 8, 1048576 bytes)
Oct 31 22:11:47 ubuntu kernel: [    0.168294] TCP bind hash table entries: 65536 (order: 8, 1048576 bytes)
Oct 31 22:11:47 ubuntu kernel: [    0.169320] TCP: Hash tables configured (established 131072 bind 65536)
Oct 31 22:11:47 ubuntu kernel: [    0.169340] UDP hash table entries: 8192 (order: 6, 262144 bytes)
Oct 31 22:11:47 ubuntu kernel: [    0.169361] UDP-Lite hash table entries: 8192 (order: 6, 262144 bytes)
Oct 31 22:11:47 ubuntu kernel: [    0.169395] NET: Registered protocol family 1
Oct 31 22:11:47 ubuntu kernel: [    0.169403] pci 0000:00:00.0: Limiting direct PCI/PCI transfers
Oct 31 22:11:47 ubuntu kernel: [    0.169431] pci 0000:00:01.0: Activating ISA DMA hang workarounds
Oct 31 22:11:47 ubuntu kernel: [    0.169483] pci 0000:00:02.0: Video device with shadowed ROM at [mem 0x000c0000-0x000dffff]
Oct 31 22:11:47 ubuntu kernel: [    0.170543] PCI: CLS 0 bytes, default 64
Oct 31 22:11:47 ubuntu kernel: [    0.170565] Unpacking initramfs...
Oct 31 22:11:47 ubuntu kernel: [    4.362020] Freeing initrd memory: 36016K
Oct 31 22:11:47 ubuntu kernel: [    4.362039] PCI-DMA: Using software bounce buffering for IO (SWIOTLB)
Oct 31 22:11:47 ubuntu kernel: [    4.362042] software IO TLB [mem 0xdbff0000-0xdfff0000] (64MB) mapped at [        (ptrval)-        (ptrval)]
Oct 31 22:11:47 ubuntu kernel: [    4.362177] platform rtc_cmos: registered platform RTC device (no PNP device found)
Oct 31 22:11:47 ubuntu kernel: [    4.362187] Scanning for low memory corruption every 60 seconds
Oct 31 22:11:47 ubuntu kernel: [    4.362509] Initialise system trusted keyrings
Oct 31 22:11:47 ubuntu kernel: [    4.362514] Key type blacklist registered
Oct 31 22:11:47 ubuntu kernel: [    4.362538] workingset: timestamp_bits=36 max_order=22 bucket_order=0
Oct 31 22:11:47 ubuntu kernel: [    4.363152] zbud: loaded
Oct 31 22:11:47 ubuntu kernel: [    4.363440] squashfs: version 4.0 (2009/01/31) Phillip Lougher
Oct 31 22:11:47 ubuntu kernel: [    4.363506] fuse init (API version 7.26)
Oct 31 22:11:47 ubuntu kernel: [    4.363943] Key type asymmetric registered
Oct 31 22:11:47 ubuntu kernel: [    4.363944] Asymmetric key parser 'x509' registered
Oct 31 22:11:47 ubuntu kernel: [    4.363959] Block layer SCSI generic (bsg) driver version 0.4 loaded (major 246)
Oct 31 22:11:47 ubuntu kernel: [    4.363989] io scheduler noop registered
Oct 31 22:11:47 ubuntu kernel: [    4.363989] io scheduler deadline registered
Oct 31 22:11:47 ubuntu kernel: [    4.364012] io scheduler cfq registered (default)
Oct 31 22:11:47 ubuntu kernel: [    4.364348] ACPI: AC Adapter [AC] (off-line)
Oct 31 22:11:47 ubuntu kernel: [    4.364381] input: Power Button as /devices/LNXSYSTM:00/LNXPWRBN:00/input/input0
Oct 31 22:11:47 ubuntu kernel: [    4.364393] ACPI: Power Button [PWRF]
Oct 31 22:11:47 ubuntu kernel: [    4.364457] input: Sleep Button as /devices/LNXSYSTM:00/LNXSLPBN:00/input/input1
Oct 31 22:11:47 ubuntu kernel: [    4.364462] ACPI: Sleep Button [SLPF]
Oct 31 22:11:47 ubuntu kernel: [    4.365409] ACPI: Battery Slot [BAT0] (battery present)
Oct 31 22:11:47 ubuntu kernel: [    4.365430] Serial: 8250/16550 driver, 32 ports, IRQ sharing enabled
Oct 31 22:11:47 ubuntu kernel: [    4.366256] Linux agpgart interface v0.103
Oct 31 22:11:47 ubuntu kernel: [    4.366851] loop: module loaded
Oct 31 22:11:47 ubuntu kernel: [    4.366911] ata_piix 0000:00:01.1: version 2.13
Oct 31 22:11:47 ubuntu kernel: [    4.367168] scsi host0: ata_piix
Oct 31 22:11:47 ubuntu kernel: [    4.367203] scsi host1: ata_piix
Oct 31 22:11:47 ubuntu kernel: [    4.367217] ata1: PATA max UDMA/33 cmd 0x1f0 ctl 0x3f6 bmdma 0xd000 irq 14
Oct 31 22:11:47 ubuntu kernel: [    4.367218] ata2: PATA max UDMA/33 cmd 0x170 ctl 0x376 bmdma 0xd008 irq 15
Oct 31 22:11:47 ubuntu kernel: [    4.367254] libphy: Fixed MDIO Bus: probed
Oct 31 22:11:47 ubuntu kernel: [    4.367254] tun: Universal TUN/TAP device driver, 1.6
Oct 31 22:11:47 ubuntu kernel: [    4.372960] PPP generic driver version 2.4.2
Oct 31 22:11:47 ubuntu kernel: [    4.373016] ehci_hcd: USB 2.0 'Enhanced' Host Controller (EHCI) Driver
Oct 31 22:11:47 ubuntu kernel: [    4.373019] ehci-pci: EHCI PCI platform driver
Oct 31 22:11:47 ubuntu kernel: [    4.373032] ehci-platform: EHCI generic platform driver
Oct 31 22:11:47 ubuntu kernel: [    4.373037] ohci_hcd: USB 1.1 'Open' Host Controller (OHCI) Driver
Oct 31 22:11:47 ubuntu kernel: [    4.373041] ohci-pci: OHCI PCI platform driver
Oct 31 22:11:47 ubuntu kernel: [    4.373683] ohci-pci 0000:00:06.0: OHCI PCI host controller
Oct 31 22:11:47 ubuntu kernel: [    4.373688] ohci-pci 0000:00:06.0: new USB bus registered, assigned bus number 1
Oct 31 22:11:47 ubuntu kernel: [    4.373750] ohci-pci 0000:00:06.0: irq 22, io mem 0xf0804000
Oct 31 22:11:47 ubuntu kernel: [    4.433236] usb usb1: New USB device found, idVendor=1d6b, idProduct=0001
Oct 31 22:11:47 ubuntu kernel: [    4.433238] usb usb1: New USB device strings: Mfr=3, Product=2, SerialNumber=1
Oct 31 22:11:47 ubuntu kernel: [    4.433239] usb usb1: Product: OHCI PCI host controller
Oct 31 22:11:47 ubuntu kernel: [    4.433241] usb usb1: Manufacturer: Linux 4.15.0-29-generic ohci_hcd
Oct 31 22:11:47 ubuntu kernel: [    4.433242] usb usb1: SerialNumber: 0000:00:06.0
Oct 31 22:11:47 ubuntu kernel: [    4.433335] hub 1-0:1.0: USB hub found
Oct 31 22:11:47 ubuntu kernel: [    4.433347] hub 1-0:1.0: 12 ports detected
Oct 31 22:11:47 ubuntu kernel: [    4.433691] ohci-platform: OHCI generic platform driver
Oct 31 22:11:47 ubuntu kernel: [    4.433701] uhci_hcd: USB Universal Host Controller Interface driver
Oct 31 22:11:47 ubuntu kernel: [    4.433743] i8042: PNP: PS/2 Controller [PNP0303:PS2K,PNP0f03:PS2M] at 0x60,0x64 irq 1,12
Oct 31 22:11:47 ubuntu kernel: [    4.434332] serio: i8042 KBD port at 0x60,0x64 irq 1
Oct 31 22:11:47 ubuntu kernel: [    4.434335] serio: i8042 AUX port at 0x60,0x64 irq 12
Oct 31 22:11:47 ubuntu kernel: [    4.434420] mousedev: PS/2 mouse device common for all mice
Oct 31 22:11:47 ubuntu kernel: [    4.434708] input: AT Translated Set 2 keyboard as /devices/platform/i8042/serio0/input/input2
Oct 31 22:11:47 ubuntu kernel: [    4.435089] rtc_cmos rtc_cmos: rtc core: registered rtc_cmos as rtc0
Oct 31 22:11:47 ubuntu kernel: [    4.435139] rtc_cmos rtc_cmos: alarms up to one day, 114 bytes nvram
Oct 31 22:11:47 ubuntu kernel: [    4.435145] i2c /dev entries driver
Oct 31 22:11:47 ubuntu kernel: [    4.435194] device-mapper: uevent: version 1.0.3
Oct 31 22:11:47 ubuntu kernel: [    4.435239] device-mapper: ioctl: 4.37.0-ioctl (2017-09-20) initialised: dm-devel@redhat.com
Oct 31 22:11:47 ubuntu kernel: [    4.435247] ledtrig-cpu: registered to indicate activity on CPUs
Oct 31 22:11:47 ubuntu kernel: [    4.435375] intel_pmc_core:  initialized
Oct 31 22:11:47 ubuntu kernel: [    4.435540] NET: Registered protocol family 10
Oct 31 22:11:47 ubuntu kernel: [    4.438985] Segment Routing with IPv6
Oct 31 22:11:47 ubuntu kernel: [    4.439006] NET: Registered protocol family 17
Oct 31 22:11:47 ubuntu kernel: [    4.439038] Key type dns_resolver registered
Oct 31 22:11:47 ubuntu kernel: [    4.439152] RAS: Correctable Errors collector initialized.
Oct 31 22:11:47 ubuntu kernel: [    4.439166] sched_clock: Marking stable (4436066764, 0)->(4732826396, -296759632)
Oct 31 22:11:47 ubuntu kernel: [    4.439313] registered taskstats version 1
Oct 31 22:11:47 ubuntu kernel: [    4.439322] Loading compiled-in X.509 certificates
Oct 31 22:11:47 ubuntu kernel: [    4.441444] Loaded X.509 cert 'Build time autogenerated kernel key: 1cc37f41791529df57507d3747a6804ab53f482b'
Oct 31 22:11:47 ubuntu kernel: [    4.441459] zswap: loaded using pool lzo/zbud
Oct 31 22:11:47 ubuntu kernel: [    4.444262] Key type big_key registered
Oct 31 22:11:47 ubuntu kernel: [    4.444266] Key type trusted registered
Oct 31 22:11:47 ubuntu kernel: [    4.445293] Key type encrypted registered
Oct 31 22:11:47 ubuntu kernel: [    4.445295] AppArmor: AppArmor sha1 policy hashing enabled
Oct 31 22:11:47 ubuntu kernel: [    4.445304] ima: No TPM chip found, activating TPM-bypass! (rc=-19)
Oct 31 22:11:47 ubuntu kernel: [    4.445320] evm: HMAC attrs: 0x1
Oct 31 22:11:47 ubuntu kernel: [    4.445605]   Magic number: 6:307:200
Oct 31 22:11:47 ubuntu kernel: [    4.445679] rtc_cmos rtc_cmos: setting system clock to 2018-10-31 22:11:42 UTC (1541023902)
Oct 31 22:11:47 ubuntu kernel: [    4.445732] BIOS EDD facility v0.16 2004-Jun-25, 0 devices found
Oct 31 22:11:47 ubuntu kernel: [    4.445732] EDD information not available.
Oct 31 22:11:47 ubuntu kernel: [    4.532774] ata2.00: ATAPI: VBOX CD-ROM, 1.0, max UDMA/133
Oct 31 22:11:47 ubuntu kernel: [    4.533442] ata2.00: configured for UDMA/33
Oct 31 22:11:47 ubuntu kernel: [    4.534051] scsi 1:0:0:0: CD-ROM            VBOX     CD-ROM           1.0  PQ: 0 ANSI: 5
Oct 31 22:11:47 ubuntu kernel: [    4.534785] sr 1:0:0:0: [sr0] scsi3-mmc drive: 32x/32x xa/form2 tray
Oct 31 22:11:47 ubuntu kernel: [    4.534786] cdrom: Uniform CD-ROM driver Revision: 3.20
Oct 31 22:11:47 ubuntu kernel: [    4.534864] sr 1:0:0:0: Attached scsi CD-ROM sr0
Oct 31 22:11:47 ubuntu kernel: [    4.535012] sr 1:0:0:0: Attached scsi generic sg0 type 5
Oct 31 22:11:47 ubuntu kernel: [    4.537205] Freeing unused kernel memory: 2408K
Oct 31 22:11:47 ubuntu kernel: [    4.544601] Write protecting the kernel read-only data: 20480k
Oct 31 22:11:47 ubuntu kernel: [    4.545246] Freeing unused kernel memory: 2008K
Oct 31 22:11:47 ubuntu kernel: [    4.549076] Freeing unused kernel memory: 1904K
Oct 31 22:11:47 ubuntu kernel: [    4.554309] x86/mm: Checked W+X mappings: passed, no W+X pages found.
Oct 31 22:11:47 ubuntu kernel: [    4.554309] x86/mm: Checking user space page tables
Oct 31 22:11:47 ubuntu kernel: [    4.558631] x86/mm: Checked W+X mappings: passed, no W+X pages found.
Oct 31 22:11:47 ubuntu kernel: [    4.625551] ACPI: Video Device [GFX0] (multi-head: yes  rom: no  post: no)
Oct 31 22:11:47 ubuntu kernel: [    4.625595] input: Video Bus as /devices/LNXSYSTM:00/LNXSYBUS:00/PNP0A03:00/LNXVIDEO:00/input/input4
Oct 31 22:11:47 ubuntu kernel: [    4.633842] e1000: Intel(R) PRO/1000 Network Driver - version 7.3.21-k8-NAPI
Oct 31 22:11:47 ubuntu kernel: [    4.633842] e1000: Copyright (c) 1999-2006 Intel Corporation.
Oct 31 22:11:47 ubuntu kernel: [    4.847840] random: fast init done
Oct 31 22:11:47 ubuntu kernel: [    4.852801] input: ImExPS/2 Generic Explorer Mouse as /devices/platform/i8042/serio1/input/input5
Oct 31 22:11:47 ubuntu kernel: [    4.852922] random: systemd-udevd: uninitialized urandom read (16 bytes read)
Oct 31 22:11:47 ubuntu kernel: [    4.852928] random: systemd-udevd: uninitialized urandom read (16 bytes read)
Oct 31 22:11:47 ubuntu kernel: [    4.852943] random: systemd-udevd: uninitialized urandom read (16 bytes read)
Oct 31 22:11:47 ubuntu kernel: [    4.852945] random: systemd-udevd: uninitialized urandom read (16 bytes read)
Oct 31 22:11:47 ubuntu kernel: [    4.852948] random: systemd-udevd: uninitialized urandom read (16 bytes read)
Oct 31 22:11:47 ubuntu kernel: [    4.852951] random: systemd-udevd: uninitialized urandom read (16 bytes read)
Oct 31 22:11:47 ubuntu kernel: [    4.852978] random: systemd-udevd: uninitialized urandom read (16 bytes read)
Oct 31 22:11:47 ubuntu kernel: [    4.852985] random: systemd-udevd: uninitialized urandom read (16 bytes read)
Oct 31 22:11:47 ubuntu kernel: [    4.852986] random: systemd-udevd: uninitialized urandom read (16 bytes read)
Oct 31 22:11:47 ubuntu kernel: [    4.852996] random: systemd-udevd: uninitialized urandom read (16 bytes read)
Oct 31 22:11:47 ubuntu kernel: [    4.896744] usb 1-1: new full-speed USB device number 2 using ohci-pci
Oct 31 22:11:47 ubuntu kernel: [    5.044420] e1000 0000:00:03.0 eth0: (PCI:33MHz:32-bit) 08:00:27:f3:3c:43
Oct 31 22:11:47 ubuntu kernel: [    5.044425] e1000 0000:00:03.0 eth0: Intel(R) PRO/1000 Network Connection
Oct 31 22:11:47 ubuntu kernel: [    5.044576] piix4_smbus 0000:00:07.0: SMBus Host Controller at 0x4100, revision 0
Oct 31 22:11:47 ubuntu kernel: [    5.044822] ahci 0000:00:0d.0: version 3.0
Oct 31 22:11:47 ubuntu kernel: [    5.045501] ahci 0000:00:0d.0: SSS flag set, parallel bus scan disabled
Oct 31 22:11:47 ubuntu kernel: [    5.045678] ahci 0000:00:0d.0: AHCI 0001.0100 32 slots 1 ports 3 Gbps 0x1 impl SATA mode
Oct 31 22:11:47 ubuntu kernel: [    5.045679] ahci 0000:00:0d.0: flags: 64bit ncq stag only ccc 
Oct 31 22:11:47 ubuntu kernel: [    5.046950] e1000 0000:00:03.0 enp0s3: renamed from eth0
Oct 31 22:11:47 ubuntu kernel: [    5.047778] scsi host2: ahci
Oct 31 22:11:47 ubuntu kernel: [    5.047818] ata3: SATA max UDMA/133 abar m8192@0xf0806000 port 0xf0806100 irq 21
Oct 31 22:11:47 ubuntu kernel: [    5.229934] usb 1-1: New USB device found, idVendor=80ee, idProduct=0021
Oct 31 22:11:47 ubuntu kernel: [    5.229938] usb 1-1: New USB device strings: Mfr=1, Product=3, SerialNumber=0
Oct 31 22:11:47 ubuntu kernel: [    5.229940] usb 1-1: Product: USB Tablet
Oct 31 22:11:47 ubuntu kernel: [    5.229942] usb 1-1: Manufacturer: VirtualBox
Oct 31 22:11:47 ubuntu kernel: [    5.236628] hidraw: raw HID events driver (C) Jiri Kosina
Oct 31 22:11:47 ubuntu kernel: [    5.246019] usbcore: registered new interface driver usbhid
Oct 31 22:11:47 ubuntu kernel: [    5.246020] usbhid: USB HID core driver
Oct 31 22:11:47 ubuntu kernel: [    5.247368] input: VirtualBox USB Tablet as /devices/pci0000:00/0000:00:06.0/usb1/1-1/1-1:1.0/0003:80EE:0021.0001/input/input6
Oct 31 22:11:47 ubuntu kernel: [    5.247503] hid-generic 0003:80EE:0021.0001: input,hidraw0: USB HID v1.10 Mouse [VirtualBox USB Tablet] on usb-0000:00:06.0-1/input0
Oct 31 22:11:47 ubuntu kernel: [    5.360459] ata3: SATA link up 3.0 Gbps (SStatus 123 SControl 300)
Oct 31 22:11:47 ubuntu kernel: [    5.360774] ata3.00: ATA-6: VBOX HARDDISK, 1.0, max UDMA/133
Oct 31 22:11:47 ubuntu kernel: [    5.360778] ata3.00: 62914560 sectors, multi 128: LBA48 NCQ (depth 31/32)
Oct 31 22:11:47 ubuntu kernel: [    5.361324] ata3.00: configured for UDMA/133
Oct 31 22:11:47 ubuntu kernel: [    5.361607] scsi 2:0:0:0: Direct-Access     ATA      VBOX HARDDISK    1.0  PQ: 0 ANSI: 5
Oct 31 22:11:47 ubuntu kernel: [    5.361947] sd 2:0:0:0: [sda] 62914560 512-byte logical blocks: (32.2 GB/30.0 GiB)
Oct 31 22:11:47 ubuntu kernel: [    5.361960] sd 2:0:0:0: [sda] Write Protect is off
Oct 31 22:11:47 ubuntu kernel: [    5.361964] sd 2:0:0:0: [sda] Mode Sense: 00 3a 00 00
Oct 31 22:11:47 ubuntu kernel: [    5.361984] sd 2:0:0:0: [sda] Write cache: enabled, read cache: enabled, doesn't support DPO or FUA
Oct 31 22:11:47 ubuntu kernel: [    5.362315] sd 2:0:0:0: Attached scsi generic sg1 type 0
Oct 31 22:11:47 ubuntu kernel: [    5.362954]  sda: sda1
Oct 31 22:11:47 ubuntu kernel: [    5.363170] sd 2:0:0:0: [sda] Attached SCSI disk
Oct 31 22:11:47 ubuntu kernel: [    5.376271] tsc: Refined TSC clocksource calibration: 2207.060 MHz
Oct 31 22:11:47 ubuntu kernel: [    5.376274] clocksource: tsc: mask: 0xffffffffffffffff max_cycles: 0x1fd0402af08, max_idle_ns: 440795252605 ns
Oct 31 22:11:47 ubuntu kernel: [    6.732183] EXT4-fs (sda1): mounted filesystem with ordered data mode. Opts: (null)
Oct 31 22:11:47 ubuntu kernel: [    6.757468] ISO 9660 Extensions: Microsoft Joliet Level 3
Oct 31 22:11:47 ubuntu kernel: [    6.759333] ISO 9660 Extensions: RRIP_1991A
Oct 31 22:11:47 ubuntu kernel: [    9.052898] ip_tables: (C) 2000-2006 Netfilter Core Team
Oct 31 22:11:47 ubuntu kernel: [    9.056093] systemd[1]: systemd 237 running in system mode. (+PAM +AUDIT +SELINUX +IMA +APPARMOR +SMACK +SYSVINIT +UTMP +LIBCRYPTSETUP +GCRYPT +GNUTLS +ACL +XZ +LZ4 +SECCOMP +BLKID +ELFUTILS +KMOD -IDN2 +IDN -PCRE2 default-hierarchy=hybrid)
Oct 31 22:11:47 ubuntu kernel: [    9.056205] systemd[1]: Detected virtualization oracle.
Oct 31 22:11:47 ubuntu kernel: [    9.056209] systemd[1]: Detected architecture x86-64.
Oct 31 22:11:47 ubuntu kernel: [    9.057647] systemd[1]: Set hostname to <ubuntu>.
Oct 31 22:11:47 ubuntu kernel: [    9.057781] systemd[1]: Initializing machine ID from random generator.
Oct 31 22:11:47 ubuntu kernel: [    9.136694] systemd[1]: Unnecessary job for /dev/loop0 was removed.
Oct 31 22:11:47 ubuntu kernel: [    9.136925] systemd[1]: Set up automount Arbitrary Executable File Formats File System Automount Point.
Oct 31 22:11:47 ubuntu kernel: [    9.136951] systemd[1]: Reached target Remote File Systems.
Oct 31 22:11:47 ubuntu kernel: [    9.136956] systemd[1]: Reached target User and Group Name Lookups.
Oct 31 22:11:47 ubuntu kernel: [    9.136981] systemd[1]: Started Forward Password Requests to Wall Directory Watch.
Oct 31 22:11:47 ubuntu kernel: [    9.142672] random: crng init done
Oct 31 22:11:47 ubuntu kernel: [    9.197626] lp: driver loaded but no devices found
Oct 31 22:11:47 ubuntu kernel: [    9.203466] ppdev: user-space parallel port driver
Oct 31 22:11:47 ubuntu kernel: [    9.316993] systemd-journald[883]: Received request to flush runtime journal from PID 1
Oct 31 22:11:47 ubuntu systemd[1]: Starting Snappy daemon...
Oct 31 22:11:47 ubuntu systemd[1]: Started Network Name Resolution.
Oct 31 22:11:47 ubuntu ModemManager[1001]: <info>  ModemManager (version 1.6.8) starting in system bus...
Oct 31 22:11:47 ubuntu systemd[1]: Started System Logging Service.
Oct 31 22:11:47 ubuntu avahi-daemon[1004]: Found user 'avahi' (UID 116) and group 'avahi' (GID 122).
Oct 31 22:11:47 ubuntu avahi-daemon[1004]: Successfully dropped root privileges.
Oct 31 22:11:47 ubuntu avahi-daemon[1004]: avahi-daemon 0.7 starting up.
Oct 31 22:11:47 ubuntu systemd[1]: Started Raise network interfaces.
Oct 31 22:11:47 ubuntu systemd[1]: Started Detect the available GPUs and deal with any system changes.
Oct 31 22:11:47 ubuntu systemd[1]: Started Thermal Daemon Service.
Oct 31 22:11:47 ubuntu avahi-daemon[1004]: Successfully called chroot().
Oct 31 22:11:47 ubuntu avahi-daemon[1004]: Successfully dropped remaining capabilities.
Oct 31 22:11:47 ubuntu avahi-daemon[1004]: No service file found in /etc/avahi/services.
Oct 31 22:11:47 ubuntu avahi-daemon[1004]: Joining mDNS multicast group on interface lo.IPv6 with address ::1.
Oct 31 22:11:47 ubuntu systemd[1]: Started Restore /etc/resolv.conf if the system crashed before the ppp link was shut down.
Oct 31 22:11:47 ubuntu avahi-daemon[1004]: New relevant interface lo.IPv6 for mDNS.
Oct 31 22:11:47 ubuntu avahi-daemon[1004]: Joining mDNS multicast group on interface lo.IPv4 with address 127.0.0.1.
Oct 31 22:11:47 ubuntu avahi-daemon[1004]: New relevant interface lo.IPv4 for mDNS.
Oct 31 22:11:47 ubuntu avahi-daemon[1004]: Network interface enumeration completed.
Oct 31 22:11:47 ubuntu avahi-daemon[1004]: Registering new address record for ::1 on lo.*.
Oct 31 22:11:47 ubuntu avahi-daemon[1004]: Registering new address record for 127.0.0.1 on lo.IPv4.
Oct 31 22:11:47 ubuntu speech-dispatcher[957]:  * speech-dispatcher disabled; edit /etc/default/speech-dispatcher
Oct 31 22:11:47 ubuntu systemd[1]: Started LSB: Speech Dispatcher.
Oct 31 22:11:47 ubuntu udisksd[999]: failed to load module mdraid: libbd_mdraid.so.2: cannot open shared object file: No such file or directory
Oct 31 22:11:47 ubuntu apport[956]:  * Starting automatic crash report generation: apport
Oct 31 22:11:47 ubuntu grub-common[986]:  * Recording successful boot for GRUB
Oct 31 22:11:47 ubuntu systemd[1]: Started Login Service.
Oct 31 22:11:47 ubuntu apport[956]:    ...done.
Oct 31 22:11:47 ubuntu grub-common[986]:    ...done.
Oct 31 22:11:47 ubuntu systemd[1]: Started LSB: automatic crash report generation.
Oct 31 22:11:47 ubuntu systemd[1]: Started LSB: Record successful boot for GRUB.
Oct 31 22:11:47 ubuntu systemd[1]: Started WPA supplicant.
Oct 31 22:11:47 ubuntu systemd[1]: Started Avahi mDNS/DNS-SD Stack.
Oct 31 22:11:47 ubuntu udisksd[999]: Failed to load the 'mdraid' libblockdev plugin
Oct 31 22:11:47 ubuntu systemd[1]: Starting Authorization Manager...
Oct 31 22:11:48 ubuntu systemd[1]: Started Make remote CUPS printers available locally.
Oct 31 22:11:48 ubuntu systemd[1]: Reached target Host and Network Name Lookups.
Oct 31 22:11:48 ubuntu polkitd[1029]: started daemon version 0.105 using authority implementation `local' version `0.105'
Oct 31 22:11:48 ubuntu dbus-daemon[964]: [system] Successfully activated service 'org.freedesktop.PolicyKit1'
Oct 31 22:11:48 ubuntu systemd[1]: Started Authorization Manager.
Oct 31 22:11:48 ubuntu accounts-daemon[982]: started daemon version 0.6.45
Oct 31 22:11:48 ubuntu systemd[1]: Started Accounts Service.
Oct 31 22:11:48 ubuntu systemd[1]: Starting Run passwd -d to ensure AccountsService properties are set correctly...
Oct 31 22:11:48 ubuntu dbus-run-session[1034]: passwd: password expiry information changed.
Oct 31 22:11:48 ubuntu systemd[1]: Started Modem Manager.
Oct 31 22:11:48 ubuntu systemd[1]: Started Run passwd -d to ensure AccountsService properties are set correctly.
Oct 31 22:11:48 ubuntu NetworkManager[1003]: <info>  [1541023908.1823] NetworkManager (version 1.10.6) is starting... (for the first time)
Oct 31 22:11:48 ubuntu NetworkManager[1003]: <info>  [1541023908.1887] Read config: /etc/NetworkManager/NetworkManager.conf (lib: 10-dns-resolved.conf, 20-connectivity-ubuntu.conf, no-mac-addr-change.conf) (run: 10-globally-managed-devices.conf) (etc: default-wifi-powersave-on.conf)
Oct 31 22:11:48 ubuntu NetworkManager[1003]: <info>  [1541023908.2152] manager[0x557f23ffa070]: monitoring kernel firmware directory '/lib/firmware'.
Oct 31 22:11:48 ubuntu NetworkManager[1003]: <info>  [1541023908.2265] monitoring ifupdown state file '/run/network/ifstate'.
Oct 31 22:11:48 ubuntu dbus-daemon[964]: [system] Activating via systemd: service name='org.freedesktop.hostname1' unit='dbus-org.freedesktop.hostname1.service' requested by ':1.13' (uid=0 pid=1003 comm="/usr/sbin/NetworkManager --no-daemon " label="unconfined")
Oct 31 22:11:48 ubuntu systemd[1]: Starting Hostname Service...
Oct 31 22:11:48 ubuntu systemd[1]: Started Disk Manager.
Oct 31 22:11:48 ubuntu udisksd[999]: Acquired the name org.freedesktop.UDisks2 on the system message bus
Oct 31 22:11:48 ubuntu dbus-daemon[964]: [system] Successfully activated service 'org.freedesktop.hostname1'
Oct 31 22:11:48 ubuntu systemd[1]: Started Hostname Service.
Oct 31 22:11:48 ubuntu NetworkManager[1003]: <info>  [1541023908.2691] hostname: hostname: using hostnamed
Oct 31 22:11:48 ubuntu NetworkManager[1003]: <info>  [1541023908.2691] hostname: hostname changed from (none) to "ubuntu"
Oct 31 22:11:48 ubuntu NetworkManager[1003]: <info>  [1541023908.2693] dns-mgr[0x557f24015950]: init: dns=systemd-resolved, rc-manager=symlink, plugin=systemd-resolved
Oct 31 22:11:48 ubuntu NetworkManager[1003]: <info>  [1541023908.2832] manager[0x557f23ffa070]: rfkill: WiFi hardware radio set enabled
Oct 31 22:11:48 ubuntu NetworkManager[1003]: <info>  [1541023908.2833] manager[0x557f23ffa070]: rfkill: WWAN hardware radio set enabled
Oct 31 22:11:48 ubuntu systemd[1]: Started Network Manager.
Oct 31 22:11:48 ubuntu systemd[1]: Reached target Network.
Oct 31 22:11:48 ubuntu systemd[1]: Starting Permit User Sessions...
Oct 31 22:11:48 ubuntu systemd[1]: Started Unattended Upgrades Shutdown.
Oct 31 22:11:48 ubuntu systemd[1]: Starting Network Manager Wait Online...
Oct 31 22:11:48 ubuntu systemd[1]: Started Permit User Sessions.
Oct 31 22:11:48 ubuntu dbus-daemon[964]: [system] Activating via systemd: service name='org.freedesktop.nm_dispatcher' unit='dbus-org.freedesktop.nm-dispatcher.service' requested by ':1.13' (uid=0 pid=1003 comm="/usr/sbin/NetworkManager --no-daemon " label="unconfined")
Oct 31 22:11:48 ubuntu systemd[1]: Starting Hold until boot process finishes up...
Oct 31 22:11:48 ubuntu systemd[1]: Starting Network Manager Script Dispatcher Service...
Oct 31 22:11:48 ubuntu dbus-daemon[964]: [system] Successfully activated service 'org.freedesktop.nm_dispatcher'
Oct 31 22:11:48 ubuntu systemd[1]: Started Network Manager Script Dispatcher Service.
Oct 31 22:11:48 ubuntu NetworkManager[1003]: <info>  [1541023908.3407] init!
Oct 31 22:11:48 ubuntu NetworkManager[1003]: <info>  [1541023908.3409]       interface-parser: parsing file /etc/network/interfaces
Oct 31 22:11:48 ubuntu NetworkManager[1003]: <info>  [1541023908.3410]       interface-parser: finished parsing file /etc/network/interfaces
Oct 31 22:11:48 ubuntu NetworkManager[1003]: <info>  [1541023908.3411] management mode: unmanaged
Oct 31 22:11:48 ubuntu NetworkManager[1003]: <info>  [1541023908.3414] devices added (path: /sys/devices/pci0000:00/0000:00:03.0/net/enp0s3, iface: enp0s3)
Oct 31 22:11:48 ubuntu NetworkManager[1003]: <info>  [1541023908.3414] device added (path: /sys/devices/pci0000:00/0000:00:03.0/net/enp0s3, iface: enp0s3): no ifupdown configuration found.
Oct 31 22:11:48 ubuntu NetworkManager[1003]: <info>  [1541023908.3415] devices added (path: /sys/devices/virtual/net/lo, iface: lo)
Oct 31 22:11:48 ubuntu NetworkManager[1003]: <info>  [1541023908.3416] device added (path: /sys/devices/virtual/net/lo, iface: lo): no ifupdown configuration found.
Oct 31 22:11:48 ubuntu NetworkManager[1003]: <info>  [1541023908.3417] end _init.
Oct 31 22:11:48 ubuntu NetworkManager[1003]: <info>  [1541023908.3418] settings: loaded plugin ifupdown: (C) 2008 Canonical Ltd.  To report bugs please use the NetworkManager mailing list. (/usr/lib/x86_64-linux-gnu/NetworkManager/libnm-settings-plugin-ifupdown.so)
Oct 31 22:11:48 ubuntu NetworkManager[1003]: <info>  [1541023908.3419] settings: loaded plugin keyfile: (c) 2007 - 2016 Red Hat, Inc.  To report bugs please use the NetworkManager mailing list.
Oct 31 22:11:48 ubuntu NetworkManager[1003]: <info>  [1541023908.3420] (604189824) ... get_connections.
Oct 31 22:11:48 ubuntu NetworkManager[1003]: <info>  [1541023908.3420] (604189824) ... get_connections (managed=false): return empty list.
Oct 31 22:11:48 ubuntu NetworkManager[1003]: <info>  [1541023908.3422] get unmanaged devices count: 0
Oct 31 22:11:48 ubuntu NetworkManager[1003]: <info>  [1541023908.3423] manager: rfkill: WiFi enabled by radio killswitch; enabled by state file
Oct 31 22:11:48 ubuntu NetworkManager[1003]: <info>  [1541023908.3424] manager: rfkill: WWAN enabled by radio killswitch; enabled by state file
Oct 31 22:11:48 ubuntu NetworkManager[1003]: <info>  [1541023908.3425] manager: Networking is enabled by state file
Oct 31 22:11:48 ubuntu nm-dispatcher: req:1 'hostname': new request (1 scripts)
Oct 31 22:11:48 ubuntu NetworkManager[1003]: <info>  [1541023908.3436] dhcp-init: Using DHCP client 'dhclient'
Oct 31 22:11:48 ubuntu nm-dispatcher: req:1 'hostname': start running ordered scripts...
Oct 31 22:11:48 ubuntu NetworkManager[1003]: <info>  [1541023908.3482] Loaded device plugin: NMBondDeviceFactory (internal)
Oct 31 22:11:48 ubuntu NetworkManager[1003]: <info>  [1541023908.3483] Loaded device plugin: NMBridgeDeviceFactory (internal)
Oct 31 22:11:48 ubuntu NetworkManager[1003]: <info>  [1541023908.3484] Loaded device plugin: NMDummyDeviceFactory (internal)
Oct 31 22:11:48 ubuntu NetworkManager[1003]: <info>  [1541023908.3485] Loaded device plugin: NMEthernetDeviceFactory (internal)
Oct 31 22:11:48 ubuntu NetworkManager[1003]: <info>  [1541023908.3486] Loaded device plugin: NMInfinibandDeviceFactory (internal)
Oct 31 22:11:48 ubuntu NetworkManager[1003]: <info>  [1541023908.3487] Loaded device plugin: NMIPTunnelDeviceFactory (internal)
Oct 31 22:11:48 ubuntu NetworkManager[1003]: <info>  [1541023908.3487] Loaded device plugin: NMMacsecDeviceFactory (internal)
Oct 31 22:11:48 ubuntu NetworkManager[1003]: <info>  [1541023908.3488] Loaded device plugin: NMMacvlanDeviceFactory (internal)
Oct 31 22:11:48 ubuntu NetworkManager[1003]: <info>  [1541023908.3489] Loaded device plugin: NMPppDeviceFactory (internal)
Oct 31 22:11:48 ubuntu NetworkManager[1003]: <info>  [1541023908.3490] Loaded device plugin: NMTunDeviceFactory (internal)
Oct 31 22:11:48 ubuntu NetworkManager[1003]: <info>  [1541023908.3490] Loaded device plugin: NMVethDeviceFactory (internal)
Oct 31 22:11:48 ubuntu NetworkManager[1003]: <info>  [1541023908.3499] Loaded device plugin: NMVlanDeviceFactory (internal)
Oct 31 22:11:48 ubuntu NetworkManager[1003]: <info>  [1541023908.3500] Loaded device plugin: NMVxlanDeviceFactory (internal)
Oct 31 22:11:48 ubuntu NetworkManager[1003]: <info>  [1541023908.3537] Loaded device plugin: NMAtmManager (/usr/lib/x86_64-linux-gnu/NetworkManager/libnm-device-plugin-adsl.so)
Oct 31 22:11:48 ubuntu NetworkManager[1003]: <info>  [1541023908.3660] Loaded device plugin: NMBluezManager (/usr/lib/x86_64-linux-gnu/NetworkManager/libnm-device-plugin-bluetooth.so)
Oct 31 22:11:48 ubuntu snapd[1011]: AppArmor status: apparmor is enabled and all features are available
Oct 31 22:11:48 ubuntu NetworkManager[1003]: <info>  [1541023908.3739] Loaded device plugin: NMTeamFactory (/usr/lib/x86_64-linux-gnu/NetworkManager/libnm-device-plugin-team.so)
Oct 31 22:11:48 ubuntu NetworkManager[1003]: <info>  [1541023908.3923] Loaded device plugin: NMWifiFactory (/usr/lib/x86_64-linux-gnu/NetworkManager/libnm-device-plugin-wifi.so)
Oct 31 22:11:48 ubuntu NetworkManager[1003]: <info>  [1541023908.3930] Loaded device plugin: NMWwanFactory (/usr/lib/x86_64-linux-gnu/NetworkManager/libnm-device-plugin-wwan.so)
Oct 31 22:11:48 ubuntu NetworkManager[1003]: <info>  [1541023908.3951] device (lo): carrier: link connected
Oct 31 22:11:48 ubuntu NetworkManager[1003]: <info>  [1541023908.4056] manager: (lo): new Generic device (/org/freedesktop/NetworkManager/Devices/1)
Oct 31 22:11:48 ubuntu NetworkManager[1003]: <info>  [1541023908.4115] manager: (enp0s3): new Ethernet device (/org/freedesktop/NetworkManager/Devices/2)
Oct 31 22:11:48 ubuntu NetworkManager[1003]: <info>  [1541023908.4126] keyfile: add connection in-memory (2e1e628f-291f-389b-aefc-1e9e328cd831,"Wired connection 1")
Oct 31 22:11:48 ubuntu NetworkManager[1003]: <info>  [1541023908.4143] settings: (enp0s3): created default wired connection 'Wired connection 1'
Oct 31 22:11:48 ubuntu NetworkManager[1003]: <info>  [1541023908.4166] device (enp0s3): state change: unmanaged -> unavailable (reason 'managed', sys-iface-state: 'external')
Oct 31 22:11:48 ubuntu kernel: [   10.362564] IPv6: ADDRCONF(NETDEV_UP): enp0s3: link is not ready
Oct 31 22:11:48 ubuntu kernel: [   10.370859] e1000: enp0s3 NIC Link is Up 1000 Mbps Full Duplex, Flow Control: RX
Oct 31 22:11:48 ubuntu snapd[1011]: 2018/10/31 22:11:48.432950 backend.go:125: snapd enabled root filesystem on overlay support, additional upperdir permissions granted
Oct 31 22:11:48 ubuntu NetworkManager[1003]: <info>  [1541023908.4357] device (enp0s3): carrier: link connected
Oct 31 22:11:48 ubuntu kernel: [   10.380343] IPv6: ADDRCONF(NETDEV_UP): enp0s3: link is not ready
Oct 31 22:11:48 ubuntu kernel: [   10.380356] IPv6: ADDRCONF(NETDEV_CHANGE): enp0s3: link becomes ready
Oct 31 22:11:48 ubuntu NetworkManager[1003]: <info>  [1541023908.4713] modem-manager: ModemManager available
Oct 31 22:11:48 ubuntu NetworkManager[1003]: <info>  [1541023908.4951] device (enp0s3): state change: unavailable -> disconnected (reason 'none', sys-iface-state: 'managed')
Oct 31 22:11:48 ubuntu NetworkManager[1003]: <info>  [1541023908.5022] policy: auto-activating connection 'Wired connection 1'
Oct 31 22:11:48 ubuntu NetworkManager[1003]: <info>  [1541023908.5142] device (enp0s3): Activation: starting connection 'Wired connection 1' (2e1e628f-291f-389b-aefc-1e9e328cd831)
Oct 31 22:11:48 ubuntu NetworkManager[1003]: <info>  [1541023908.5156] device (enp0s3): state change: disconnected -> prepare (reason 'none', sys-iface-state: 'managed')
Oct 31 22:11:48 ubuntu NetworkManager[1003]: <info>  [1541023908.5160] manager: NetworkManager state is now CONNECTING
Oct 31 22:11:48 ubuntu NetworkManager[1003]: <info>  [1541023908.5185] device (enp0s3): state change: prepare -> config (reason 'none', sys-iface-state: 'managed')
Oct 31 22:11:48 ubuntu NetworkManager[1003]: <info>  [1541023908.5208] device (enp0s3): state change: config -> ip-config (reason 'none', sys-iface-state: 'managed')
Oct 31 22:11:48 ubuntu NetworkManager[1003]: <info>  [1541023908.5252] dhcp4 (enp0s3): activation: beginning transaction (timeout in 45 seconds)
Oct 31 22:11:48 ubuntu NetworkManager[1003]: <info>  [1541023908.5438] dhcp4 (enp0s3): dhclient started with pid 1075
Oct 31 22:11:48 ubuntu avahi-daemon[1004]: Server startup complete. Host name is ubuntu.local. Local service cookie is 441364492.
Oct 31 22:11:48 ubuntu networkd-dispatcher[1010]: WARNING: systemd-networkd is not running, output will be incomplete.
Oct 31 22:11:48 ubuntu systemd[1]: Started Dispatcher daemon for systemd-networkd.
Oct 31 22:11:48 ubuntu dhclient[1075]: DHCPDISCOVER on enp0s3 to 255.255.255.255 port 67 interval 3 (xid=0x6b4aba64)
Oct 31 22:11:48 ubuntu dhclient[1075]: DHCPREQUEST of 10.0.2.15 on enp0s3 to 255.255.255.255 port 67 (xid=0x64ba4a6b)
Oct 31 22:11:48 ubuntu dhclient[1075]: DHCPOFFER of 10.0.2.15 from 10.0.2.2
Oct 31 22:11:48 ubuntu dhclient[1075]: DHCPACK of 10.0.2.15 from 10.0.2.2
Oct 31 22:11:48 ubuntu NetworkManager[1003]: <info>  [1541023908.7245] dhcp4 (enp0s3):   address 10.0.2.15
Oct 31 22:11:48 ubuntu NetworkManager[1003]: <info>  [1541023908.7260] dhcp4 (enp0s3):   plen 24 (255.255.255.0)
Oct 31 22:11:48 ubuntu NetworkManager[1003]: <info>  [1541023908.7261] dhcp4 (enp0s3):   gateway 10.0.2.2
Oct 31 22:11:48 ubuntu NetworkManager[1003]: <info>  [1541023908.7262] dhcp4 (enp0s3):   lease time 86400
Oct 31 22:11:48 ubuntu NetworkManager[1003]: <info>  [1541023908.7263] dhcp4 (enp0s3):   nameserver '10.240.205.161'
Oct 31 22:11:48 ubuntu NetworkManager[1003]: <info>  [1541023908.7263] dhcp4 (enp0s3):   nameserver '10.240.205.162'
Oct 31 22:11:48 ubuntu NetworkManager[1003]: <info>  [1541023908.7264] dhcp4 (enp0s3): state changed unknown -> bound
Oct 31 22:11:48 ubuntu avahi-daemon[1004]: Joining mDNS multicast group on interface enp0s3.IPv4 with address 10.0.2.15.
Oct 31 22:11:48 ubuntu avahi-daemon[1004]: New relevant interface enp0s3.IPv4 for mDNS.
Oct 31 22:11:48 ubuntu avahi-daemon[1004]: Registering new address record for 10.0.2.15 on enp0s3.IPv4.
Oct 31 22:11:48 ubuntu NetworkManager[1003]: <info>  [1541023908.7281] device (enp0s3): state change: ip-config -> ip-check (reason 'none', sys-iface-state: 'managed')
Oct 31 22:11:48 ubuntu NetworkManager[1003]: <info>  [1541023908.7327] device (enp0s3): state change: ip-check -> secondaries (reason 'none', sys-iface-state: 'managed')
Oct 31 22:11:48 ubuntu NetworkManager[1003]: <info>  [1541023908.7332] device (enp0s3): state change: secondaries -> activated (reason 'none', sys-iface-state: 'managed')
Oct 31 22:11:48 ubuntu NetworkManager[1003]: <info>  [1541023908.7346] manager: NetworkManager state is now CONNECTED_LOCAL
Oct 31 22:11:48 ubuntu NetworkManager[1003]: <info>  [1541023908.7355] manager: NetworkManager state is now CONNECTED_SITE
Oct 31 22:11:48 ubuntu NetworkManager[1003]: <info>  [1541023908.7404] policy: set 'Wired connection 1' (enp0s3) as default for IPv4 routing and DNS
Oct 31 22:11:48 ubuntu NetworkManager[1003]: <info>  [1541023908.7416] device (enp0s3): Activation: successful, device activated.
Oct 31 22:11:48 ubuntu nm-dispatcher: req:2 'up' [enp0s3]: new request (1 scripts)
Oct 31 22:11:48 ubuntu nm-dispatcher: req:2 'up' [enp0s3]: start running ordered scripts...
Oct 31 22:11:48 ubuntu NetworkManager[1003]: <info>  [1541023908.7504] manager: startup complete
Oct 31 22:11:48 ubuntu systemd[1]: Started Network Manager Wait Online.
Oct 31 22:11:48 ubuntu systemd[1]: Reached target Network is Online.
Oct 31 22:11:48 ubuntu systemd[1]: Starting Tool to automatically collect and submit kernel crash signatures...
Oct 31 22:11:48 ubuntu systemd[1]: Started crash report submission daemon.
Oct 31 22:11:48 ubuntu systemd[1]: kerneloops.service: Found left-over process 1097 (kerneloops) in control group while starting unit. Ignoring.
Oct 31 22:11:48 ubuntu systemd[1]: This usually indicates unclean termination of a previous run, or service implementation deficiencies.
Oct 31 22:11:48 ubuntu systemd[1]: Started Tool to automatically collect and submit kernel crash signatures.
Oct 31 22:11:48 ubuntu dhclient[1075]: bound to 10.0.2.15 -- renewal in 33869 seconds.
Oct 31 22:11:48 ubuntu systemd-udevd[917]: link_config: autonegotiation is unset or enabled, the speed and duplex are not writable.
Oct 31 22:11:48 ubuntu whoopsie[1096]: [22:11:48] Using lock path: /var/lock/whoopsie/lock
Oct 31 22:11:48 ubuntu whoopsie[1096]: [22:11:48] offline
Oct 31 22:11:48 ubuntu kernel: [   10.909872] vgdrvHeartbeatInit: Setting up heartbeat to trigger every 2000 milliseconds
Oct 31 22:11:48 ubuntu kernel: [   10.909941] input: Unspecified device as /devices/pci0000:00/0000:00:04.0/input/input7
Oct 31 22:11:48 ubuntu kernel: [   10.936801] vboxguest: misc device minor 55, IRQ 20, I/O port d020, MMIO at 00000000f0400000 (size 0x400000)
Oct 31 22:11:48 ubuntu kernel: [   10.936807] vboxguest: Successfully loaded version 5.2.8_KernelUbuntu (interface 0x00010004)
Oct 31 22:11:49 ubuntu NetworkManager[1003]: <info>  [1541023909.0056] devices added (path: /sys/devices/pci0000:00/0000:00:03.0/net/enp0s3, iface: enp0s3)
Oct 31 22:11:49 ubuntu NetworkManager[1003]: <info>  [1541023909.0056] device added (path: /sys/devices/pci0000:00/0000:00:03.0/net/enp0s3, iface: enp0s3): no ifupdown configuration found.
Oct 31 22:11:49 ubuntu mtp-probe: checking bus 1, device 2: "/sys/devices/pci0000:00/0000:00:06.0/usb1/1-1"
Oct 31 22:11:49 ubuntu mtp-probe: bus: 1, device: 2 was not an MTP device
Oct 31 22:11:49 ubuntu kernel: [   11.229907] audit: type=1400 audit(1541023909.272:2): apparmor="STATUS" operation="profile_load" profile="unconfined" name="/usr/lib/snapd/snap-confine" pid=1073 comm="apparmor_parser"
Oct 31 22:11:49 ubuntu kernel: [   11.233084] RAPL PMU: API unit is 2^-32 Joules, 5 fixed counters, 10737418240 ms ovfl timer
Oct 31 22:11:49 ubuntu kernel: [   11.233085] RAPL PMU: hw unit of domain pp0-core 2^-0 Joules
Oct 31 22:11:49 ubuntu kernel: [   11.233085] RAPL PMU: hw unit of domain package 2^-0 Joules
Oct 31 22:11:49 ubuntu kernel: [   11.233086] RAPL PMU: hw unit of domain dram 2^-0 Joules
Oct 31 22:11:49 ubuntu kernel: [   11.233086] RAPL PMU: hw unit of domain pp1-gpu 2^-0 Joules
Oct 31 22:11:49 ubuntu kernel: [   11.233087] RAPL PMU: hw unit of domain psys 2^-0 Joules
Oct 31 22:11:49 ubuntu snapd[1011]: 2018/10/31 22:11:49.300853 helpers.go:119: error trying to compare the snap system key: system-key missing on disk
Oct 31 22:11:49 ubuntu snapd[1011]: 2018/10/31 22:11:49.302490 daemon.go:343: started snapd/2.34.2+18.04 (series 16; classic) ubuntu/18.04 (amd64) linux/4.15.0-29-generic.
Oct 31 22:11:49 ubuntu kernel: [   11.245386] audit: type=1400 audit(1541023909.296:3): apparmor="STATUS" operation="profile_load" profile="unconfined" name="/usr/lib/snapd/snap-confine//mount-namespace-capture-helper" pid=1073 comm="apparmor_parser"
Oct 31 22:11:49 ubuntu systemd[1]: Started Snappy daemon.
Oct 31 22:11:49 ubuntu systemd[1]: Starting Wait until snapd is fully seeded...
Oct 31 22:11:49 ubuntu systemd[1]: Starting Holds Snappy daemon refresh...
Oct 31 22:11:49 ubuntu kernel: [   11.354399] vboxvideo: module is from the staging directory, the quality is unknown, you have been warned.
Oct 31 22:11:49 ubuntu kernel: [   11.354430] vboxvideo: module verification failed: signature and/or required key missing - tainting kernel
Oct 31 22:11:49 ubuntu kernel: [   11.397988] [drm] VRAM 01000000
Oct 31 22:11:49 ubuntu kernel: [   11.404066] AVX2 version of gcm_enc/dec engaged.
Oct 31 22:11:49 ubuntu kernel: [   11.404067] AES CTR mode by8 optimization enabled
Oct 31 22:11:49 ubuntu kernel: [   11.404104] [TTM] Zone  kernel: Available graphics memory: 4802588 kiB
Oct 31 22:11:49 ubuntu kernel: [   11.404105] [TTM] Zone   dma32: Available graphics memory: 2097152 kiB
Oct 31 22:11:49 ubuntu kernel: [   11.404105] [TTM] Initializing pool allocator
Oct 31 22:11:49 ubuntu kernel: [   11.404108] [TTM] Initializing DMA pool allocator
Oct 31 22:11:49 ubuntu systemd[1]: Received SIGRTMIN+21 from PID 222 (n/a).
Oct 31 22:11:49 ubuntu systemd[1]: Started Hold until boot process finishes up.
Oct 31 22:11:49 ubuntu systemd[1]: Starting Set console scheme...
Oct 31 22:11:49 ubuntu systemd[1]: Started Set console scheme.
Oct 31 22:11:49 ubuntu systemd[1]: Created slice system-getty.slice.
Oct 31 22:11:49 ubuntu kernel: [   11.434280] fbcon: vboxdrmfb (fb0) is primary device
Oct 31 22:11:49 ubuntu kernel: [   11.471724] Console: switching to colour frame buffer device 100x37
Oct 31 22:11:49 ubuntu kernel: [   11.472720] vboxvideo 0000:00:02.0: fb0: vboxdrmfb frame buffer device
Oct 31 22:11:49 ubuntu kernel: [   11.473873] [drm] Initialized vboxvideo 1.0.0 20130823 for 0000:00:02.0 on minor 0
Oct 31 22:11:49 ubuntu systemd[1]: Listening on Load/Save RF Kill Switch Status /dev/rfkill Watch.
Oct 31 22:11:49 ubuntu systemd-udevd[922]: link_config: autonegotiation is unset or enabled, the speed and duplex are not writable.
Oct 31 22:11:49 ubuntu NetworkManager[1003]: <info>  [1541023909.7292] devices added (path: /sys/devices/virtual/net/lo, iface: lo)
Oct 31 22:11:49 ubuntu NetworkManager[1003]: <info>  [1541023909.7292] device added (path: /sys/devices/virtual/net/lo, iface: lo): no ifupdown configuration found.
Oct 31 22:11:50 ubuntu avahi-daemon[1004]: Joining mDNS multicast group on interface enp0s3.IPv6 with address fe80::a6cd:277e:d40b:8692.
Oct 31 22:11:50 ubuntu avahi-daemon[1004]: New relevant interface enp0s3.IPv6 for mDNS.
Oct 31 22:11:50 ubuntu avahi-daemon[1004]: Registering new address record for fe80::a6cd:277e:d40b:8692 on enp0s3.*.
Oct 31 22:11:51 ubuntu NetworkManager[1003]: <info>  [1541023911.1905] connectivity: (enp0s3) response shorter than expected 'NetworkManager is online'; assuming captive portal.
Oct 31 22:11:51 ubuntu nm-dispatcher: req:3 'connectivity-change': new request (1 scripts)
Oct 31 22:11:51 ubuntu nm-dispatcher: req:3 'connectivity-change': start running ordered scripts...
Oct 31 22:11:51 ubuntu kernel: [   13.436971] snd_intel8x0 0000:00:05.0: white list rate for 1028:0177 is 48000
Oct 31 22:11:51 ubuntu systemd[1]: Reached target Sound Card.
Oct 31 22:11:51 ubuntu ModemManager[1001]: <info>  Couldn't check support for device at '/sys/devices/pci0000:00/0000:00:03.0': not supported by any plugin
Oct 31 22:11:51 ubuntu systemd-udevd[905]: Process '/usr/sbin/alsactl -E HOME=/run/alsa restore 0' failed with exit code 99.
Oct 31 22:11:52 ubuntu systemd[1]: Created slice User Slice of ubuntu.
Oct 31 22:11:52 ubuntu systemd[1]: Started Session c1 of user ubuntu.
Oct 31 22:11:52 ubuntu systemd[1]: Starting User Manager for UID 999...
Oct 31 22:11:52 ubuntu systemd[1308]: Starting D-Bus User Message Bus Socket.
Oct 31 22:11:52 ubuntu systemd[1308]: Started Pending report trigger for Ubuntu Report.
Oct 31 22:11:52 ubuntu systemd[1308]: Reached target Paths.
Oct 31 22:11:52 ubuntu systemd[1308]: Listening on GnuPG cryptographic agent (ssh-agent emulation).
Oct 31 22:11:52 ubuntu systemd[1308]: Listening on GnuPG cryptographic agent and passphrase cache.
Oct 31 22:11:52 ubuntu systemd[1308]: Listening on GnuPG cryptographic agent and passphrase cache (restricted).
Oct 31 22:11:52 ubuntu systemd[1308]: Reached target Timers.
Oct 31 22:11:52 ubuntu systemd[1308]: Listening on GnuPG cryptographic agent and passphrase cache (access for web browsers).
Oct 31 22:11:52 ubuntu systemd[1308]: Listening on GnuPG network certificate management daemon.
Oct 31 22:11:52 ubuntu systemd[1308]: Listening on D-Bus User Message Bus Socket.
Oct 31 22:11:52 ubuntu systemd[1308]: Reached target Sockets.
Oct 31 22:11:52 ubuntu systemd[1308]: Reached target Basic System.
Oct 31 22:11:52 ubuntu systemd[1]: Started User Manager for UID 999.
Oct 31 22:11:52 ubuntu systemd[1308]: Reached target Default.
Oct 31 22:11:52 ubuntu systemd[1308]: Startup finished in 38ms.
Oct 31 22:11:52 ubuntu systemd[1308]: Started D-Bus User Message Bus.
Oct 31 22:11:52 ubuntu dbus-daemon[1323]: [session uid=999 pid=1323] AppArmor D-Bus mediation is enabled
Oct 31 22:11:53 ubuntu dbus-daemon[964]: [system] Activating via systemd: service name='org.freedesktop.UPower' unit='upower.service' requested by ':1.25' (uid=999 pid=1358 comm="/usr/lib/gnome-settings-daemon/gsd-power " label="unconfined")
Oct 31 22:11:53 ubuntu systemd[1]: Starting Daemon for power management...
Oct 31 22:11:53 ubuntu dbus-daemon[1323]: [session uid=999 pid=1323] Activating via systemd: service name='org.gtk.vfs.Daemon' unit='gvfs-daemon.service' requested by ':1.13' (uid=999 pid=1360 comm="/usr/lib/gnome-settings-daemon/gsd-xsettings " label="unconfined")
Oct 31 22:11:53 ubuntu systemd[1308]: Starting Virtual filesystem service...
Oct 31 22:11:53 ubuntu dbus-daemon[1323]: [session uid=999 pid=1323] Successfully activated service 'org.gtk.vfs.Daemon'
Oct 31 22:11:53 ubuntu systemd[1308]: Started Virtual filesystem service.
Oct 31 22:11:53 ubuntu dbus-daemon[964]: [system] Successfully activated service 'org.freedesktop.UPower'
Oct 31 22:11:53 ubuntu systemd[1]: Started Daemon for power management.
Oct 31 22:11:53 ubuntu dbus-daemon[964]: [system] Activating via systemd: service name='org.freedesktop.RealtimeKit1' unit='rtkit-daemon.service' requested by ':1.28' (uid=999 pid=1436 comm="/usr/bin/pulseaudio --start --log-target=syslog " label="unconfined")
Oct 31 22:11:53 ubuntu systemd[1]: Starting RealtimeKit Scheduling Policy Service...
Oct 31 22:11:53 ubuntu dbus-daemon[964]: [system] Successfully activated service 'org.freedesktop.RealtimeKit1'
Oct 31 22:11:53 ubuntu rtkit-daemon[1437]: Successfully called chroot.
Oct 31 22:11:53 ubuntu rtkit-daemon[1437]: Successfully dropped privileges.
Oct 31 22:11:53 ubuntu rtkit-daemon[1437]: Successfully limited resources.
Oct 31 22:11:53 ubuntu rtkit-daemon[1437]: Running.
Oct 31 22:11:53 ubuntu systemd[1]: Started RealtimeKit Scheduling Policy Service.
Oct 31 22:11:53 ubuntu rtkit-daemon[1437]: Successfully made thread 1436 of process 1436 (n/a) owned by '999' high priority at nice level -11.
Oct 31 22:11:53 ubuntu rtkit-daemon[1437]: Supervising 1 threads of 1 processes of 1 users.
Oct 31 22:11:53 ubuntu rtkit-daemon[1437]: Watchdog thread running.
Oct 31 22:11:53 ubuntu rtkit-daemon[1437]: Canary thread running.
Oct 31 22:11:53 ubuntu pulseaudio[1436]: [pulseaudio] alsa-util.c: Disabling timer-based scheduling because running inside a VM.
Oct 31 22:11:53 ubuntu pulseaudio[1436]: [pulseaudio] sink.c: Default and alternate sample rates are the same.
Oct 31 22:11:53 ubuntu rtkit-daemon[1437]: Supervising 1 threads of 1 processes of 1 users.
Oct 31 22:11:53 ubuntu rtkit-daemon[1437]: Successfully made thread 1445 of process 1436 (n/a) owned by '999' RT at priority 5.
Oct 31 22:11:53 ubuntu rtkit-daemon[1437]: Supervising 2 threads of 1 processes of 1 users.
Oct 31 22:11:53 ubuntu pulseaudio[1436]: [pulseaudio] alsa-util.c: Disabling timer-based scheduling because running inside a VM.
Oct 31 22:11:53 ubuntu rtkit-daemon[1437]: Supervising 2 threads of 1 processes of 1 users.
Oct 31 22:11:53 ubuntu rtkit-daemon[1437]: Successfully made thread 1446 of process 1436 (n/a) owned by '999' RT at priority 5.
Oct 31 22:11:53 ubuntu rtkit-daemon[1437]: Supervising 3 threads of 1 processes of 1 users.
Oct 31 22:11:53 ubuntu dbus-daemon[964]: [system] Activating via systemd: service name='org.bluez' unit='dbus-org.bluez.service' requested by ':1.33' (uid=999 pid=1436 comm="/usr/bin/pulseaudio --start --log-target=syslog " label="unconfined")
Oct 31 22:11:53 ubuntu pulseaudio[1436]: [pulseaudio] authkey.c: Failed to open cookie file '/home/ubuntu/.config/pulse/cookie': No such file or directory
Oct 31 22:11:53 ubuntu pulseaudio[1436]: [pulseaudio] authkey.c: Failed to load authentication key '/home/ubuntu/.config/pulse/cookie': No such file or directory
Oct 31 22:11:53 ubuntu pulseaudio[1436]: [pulseaudio] authkey.c: Failed to open cookie file '/home/ubuntu/.pulse-cookie': No such file or directory
Oct 31 22:11:53 ubuntu pulseaudio[1436]: [pulseaudio] authkey.c: Failed to load authentication key '/home/ubuntu/.pulse-cookie': No such file or directory
Oct 31 22:11:54 ubuntu dbus-daemon[1323]: [session uid=999 pid=1323] Activating service name='org.freedesktop.portal.IBus' requested by ':1.20' (uid=999 pid=1363 comm="ibus-daemon " label="unconfined")
Oct 31 22:11:54 ubuntu dbus-daemon[1323]: [session uid=999 pid=1323] Successfully activated service 'org.freedesktop.portal.IBus'
Oct 31 22:11:54 ubuntu ubiquity[1381]: Ubiquity 18.04.14.6
Oct 31 22:11:56 ubuntu dbus-daemon[964]: [system] Activating via systemd: service name='org.freedesktop.GeoClue2' unit='geoclue.service' requested by ':1.30' (uid=999 pid=1362 comm="gnome-shell --sm-disable --mode=ubiquity " label="unconfined")
Oct 31 22:11:56 ubuntu systemd[1]: Starting Location Lookup Service...
Oct 31 22:11:56 ubuntu dbus-daemon[964]: [system] Successfully activated service 'org.freedesktop.GeoClue2'
Oct 31 22:11:56 ubuntu systemd[1]: Started Location Lookup Service.
Oct 31 22:11:56 ubuntu dbus-daemon[964]: [system] Activating via systemd: service name='org.freedesktop.bolt' unit='bolt.service' requested by ':1.30' (uid=999 pid=1362 comm="gnome-shell --sm-disable --mode=ubiquity " label="unconfined")
Oct 31 22:11:56 ubuntu systemd[1]: Starting Thunderbolt system service...
Oct 31 22:11:56 ubuntu boltd[1502]: bolt 0.3 starting up.
Oct 31 22:11:56 ubuntu boltd[1502]: config: loading user config
Oct 31 22:11:56 ubuntu boltd[1502]: store: loading devices
Oct 31 22:11:56 ubuntu boltd[1502]: power: force_power support: no
Oct 31 22:11:56 ubuntu boltd[1502]: udev: enumerating devices
Oct 31 22:11:56 ubuntu dbus-daemon[964]: [system] Successfully activated service 'org.freedesktop.bolt'
Oct 31 22:11:56 ubuntu systemd[1]: Started Thunderbolt system service.
Oct 31 22:11:56 ubuntu dbus-daemon[964]: [system] Activating via systemd: service name='org.freedesktop.PackageKit' unit='packagekit.service' requested by ':1.30' (uid=999 pid=1362 comm="gnome-shell --sm-disable --mode=ubiquity " label="unconfined")
Oct 31 22:11:56 ubuntu systemd[1]: Starting PackageKit Daemon...
Oct 31 22:11:56 ubuntu PackageKit: daemon start
Oct 31 22:11:56 ubuntu dbus-daemon[964]: [system] Successfully activated service 'org.freedesktop.PackageKit'
Oct 31 22:11:56 ubuntu systemd[1]: Started PackageKit Daemon.
Oct 31 22:11:56 ubuntu dbus-daemon[1323]: [session uid=999 pid=1323] Activating via systemd: service name='org.gtk.vfs.UDisks2VolumeMonitor' unit='gvfs-udisks2-volume-monitor.service' requested by ':1.19' (uid=999 pid=1362 comm="gnome-shell --sm-disable --mode=ubiquity " label="unconfined")
Oct 31 22:11:56 ubuntu systemd[1308]: Starting Virtual filesystem service - disk device monitor...
Oct 31 22:11:56 ubuntu dbus-daemon[1323]: [session uid=999 pid=1323] Successfully activated service 'org.gtk.vfs.UDisks2VolumeMonitor'
Oct 31 22:11:56 ubuntu systemd[1308]: Started Virtual filesystem service - disk device monitor.
Oct 31 22:11:56 ubuntu dbus-daemon[1323]: [session uid=999 pid=1323] Activating via systemd: service name='org.gtk.vfs.MTPVolumeMonitor' unit='gvfs-mtp-volume-monitor.service' requested by ':1.19' (uid=999 pid=1362 comm="gnome-shell --sm-disable --mode=ubiquity " label="unconfined")
Oct 31 22:11:56 ubuntu systemd[1308]: Starting Virtual filesystem service - Media Transfer Protocol monitor...
Oct 31 22:11:56 ubuntu dbus-daemon[1323]: [session uid=999 pid=1323] Successfully activated service 'org.gtk.vfs.MTPVolumeMonitor'
Oct 31 22:11:56 ubuntu systemd[1308]: Started Virtual filesystem service - Media Transfer Protocol monitor.
Oct 31 22:11:56 ubuntu dbus-daemon[1323]: [session uid=999 pid=1323] Activating via systemd: service name='org.gtk.vfs.GPhoto2VolumeMonitor' unit='gvfs-gphoto2-volume-monitor.service' requested by ':1.19' (uid=999 pid=1362 comm="gnome-shell --sm-disable --mode=ubiquity " label="unconfined")
Oct 31 22:11:56 ubuntu systemd[1308]: Starting Virtual filesystem service - digital camera monitor...
Oct 31 22:11:56 ubuntu dbus-daemon[1323]: [session uid=999 pid=1323] Successfully activated service 'org.gtk.vfs.GPhoto2VolumeMonitor'
Oct 31 22:11:56 ubuntu systemd[1308]: Started Virtual filesystem service - digital camera monitor.
Oct 31 22:11:56 ubuntu dbus-daemon[1323]: [session uid=999 pid=1323] Activating via systemd: service name='org.gtk.vfs.GoaVolumeMonitor' unit='gvfs-goa-volume-monitor.service' requested by ':1.19' (uid=999 pid=1362 comm="gnome-shell --sm-disable --mode=ubiquity " label="unconfined")
Oct 31 22:11:56 ubuntu systemd[1308]: Starting Virtual filesystem service - GNOME Online Accounts monitor...
Oct 31 22:11:56 ubuntu dbus-daemon[1323]: [session uid=999 pid=1323] Activating service name='org.gnome.OnlineAccounts' requested by ':1.30' (uid=999 pid=1525 comm="/usr/lib/gvfs/gvfs-goa-volume-monitor " label="unconfined")
Oct 31 22:11:56 ubuntu goa-daemon[1529]: goa-daemon version 3.28.0 starting
Oct 31 22:11:56 ubuntu dbus-daemon[1323]: [session uid=999 pid=1323] Activating service name='org.gnome.Identity' requested by ':1.31' (uid=999 pid=1529 comm="/usr/lib/gnome-online-accounts/goa-daemon " label="unconfined")
Oct 31 22:11:56 ubuntu dbus-daemon[1323]: [session uid=999 pid=1323] Successfully activated service 'org.gnome.OnlineAccounts'
Oct 31 22:11:56 ubuntu dbus-daemon[1323]: [session uid=999 pid=1323] Successfully activated service 'org.gtk.vfs.GoaVolumeMonitor'
Oct 31 22:11:56 ubuntu systemd[1308]: Started Virtual filesystem service - GNOME Online Accounts monitor.
Oct 31 22:11:56 ubuntu dbus-daemon[1323]: [session uid=999 pid=1323] Successfully activated service 'org.gnome.Identity'
Oct 31 22:11:56 ubuntu dbus-daemon[1323]: [session uid=999 pid=1323] Activating via systemd: service name='org.gtk.vfs.AfcVolumeMonitor' unit='gvfs-afc-volume-monitor.service' requested by ':1.19' (uid=999 pid=1362 comm="gnome-shell --sm-disable --mode=ubiquity " label="unconfined")
Oct 31 22:11:56 ubuntu systemd[1308]: Starting Virtual filesystem service - Apple File Conduit monitor...
Oct 31 22:11:56 ubuntu gvfs-afc-volume-monitor[1545]: Volume monitor alive
Oct 31 22:11:56 ubuntu dbus-daemon[1323]: [session uid=999 pid=1323] Successfully activated service 'org.gtk.vfs.AfcVolumeMonitor'
Oct 31 22:11:56 ubuntu systemd[1308]: Started Virtual filesystem service - Apple File Conduit monitor.
Oct 31 22:11:57 ubuntu dbus-daemon[1323]: [session uid=999 pid=1323] Activating service name='org.gnome.Shell.PortalHelper' requested by ':1.19' (uid=999 pid=1362 comm="gnome-shell --sm-disable --mode=ubiquity " label="unconfined")
Oct 31 22:11:57 ubuntu dbus-daemon[1323]: [session uid=999 pid=1323] Successfully activated service 'org.gnome.Shell.PortalHelper'
Oct 31 22:11:57 ubuntu org.gnome.Shell.PortalHelper[1323]: Unable to init server: Could not connect: Connection refused
Oct 31 22:11:57 ubuntu gnome-shell-por[1556]: cannot open display: 
Oct 31 22:11:57 ubuntu dbus-daemon[1323]: [session uid=999 pid=1323] Activating service name='org.gnome.Shell.PortalHelper' requested by ':1.19' (uid=999 pid=1362 comm="gnome-shell --sm-disable --mode=ubiquity " label="unconfined")
Oct 31 22:11:57 ubuntu dbus-daemon[1323]: [session uid=999 pid=1323] Successfully activated service 'org.gnome.Shell.PortalHelper'
Oct 31 22:11:57 ubuntu org.gnome.Shell.PortalHelper[1323]: Unable to init server: Could not connect: Connection refused
Oct 31 22:11:57 ubuntu gnome-shell-por[1567]: cannot open display: 
Oct 31 22:11:58 ubuntu gnome-shell[1362]: GNOME Shell started at Wed Oct 31 2018 22:11:56 GMT+0000 (UTC)
Oct 31 22:11:58 ubuntu ubiquity[1381]: switched to page language
Oct 31 22:11:59 ubuntu ubiquity[1381]: log-output -t ubiquity setxkbmap -layout us,au,cm,gb -variant ,,,
Oct 31 22:11:59 ubuntu ubiquity[1381]: switched to page console_setup
Oct 31 22:11:59 ubuntu ubiquity[1381]: switched to page language
Oct 31 22:12:01 ubuntu localechooser: info: Language = 'en'
Oct 31 22:12:01 ubuntu localechooser: info: line=en;0;US;en_US.UTF-8;;console-setup
Oct 31 22:12:01 ubuntu localechooser: info: Set debian-installer/language = 'en'
Oct 31 22:12:01 ubuntu localechooser: info: Default country = 'US'
Oct 31 22:12:01 ubuntu localechooser: info: Default locale = 'en_US.UTF-8'
Oct 31 22:12:01 ubuntu localechooser: info: Set debian-installer/consoledisplay = 'console-setup'
Oct 31 22:12:01 ubuntu localechooser: info: Set debian-installer/country = 'US'
Oct 31 22:12:01 ubuntu localechooser: info: Set debian-installer/locale = 'en_US.UTF-8'
Oct 31 22:12:01 ubuntu localechooser: info: System locale (debian-installer/locale) = 'en_US.UTF-8'
Oct 31 22:12:02 ubuntu ubiquity[1381]: debconffilter_done: ubi-language (current: ubi-language)
Oct 31 22:12:02 ubuntu ubiquity[1381]: Step_before = stepLanguage
Oct 31 22:12:02 ubuntu ubiquity[1381]: switched to page console_setup
Oct 31 22:12:02 ubuntu ubiquity[1381]: switched to page console_setup
Oct 31 22:12:03 ubuntu ubiquity[1381]: log-output -t ubiquity setxkbmap -model pc105 -layout us -option
Oct 31 22:12:06 ubuntu ubiquity: Your console font configuration will be updated the next time your system
Oct 31 22:12:06 ubuntu ubiquity: boots. If you want to update it now, run 'setupcon' from a virtual console.
Oct 31 22:12:06 ubuntu ubiquity[1381]: log-output -t ubiquity setxkbmap -model pc105 -layout us -option
Oct 31 22:12:06 ubuntu ubiquity[1381]: debconffilter_done: ubi-console-setup (current: ubi-console-setup)
Oct 31 22:12:06 ubuntu ubiquity[1381]: Step_before = stepKeyboardConf
Oct 31 22:12:06 ubuntu ubiquity[1381]: Step_before = stepKeyboardConf
Oct 31 22:12:06 ubuntu ubiquity[1381]: switched to page prepare
Oct 31 22:12:07 ubuntu ubiquity[1381]: debconffilter_done: ubi-prepare (current: ubi-prepare)
Oct 31 22:12:07 ubuntu ubiquity[1381]: Step_before = stepPrepare
Oct 31 22:12:07 ubuntu activate-dmraid: No Serial ATA RAID disks detected
Oct 31 22:12:08 ubuntu kernel: [   29.500730] raid6: sse2x1   gen() 14849 MB/s
Oct 31 22:12:08 ubuntu kernel: [   29.550155] raid6: sse2x1   xor() 10150 MB/s
Oct 31 22:12:08 ubuntu kernel: [   29.600285] raid6: sse2x2   gen() 18657 MB/s
Oct 31 22:12:08 ubuntu kernel: [   29.652527] raid6: sse2x2   xor() 11062 MB/s
Oct 31 22:12:08 ubuntu kernel: [   29.710285] raid6: sse2x4   gen() 22694 MB/s
Oct 31 22:12:08 ubuntu kernel: [   29.760382] raid6: sse2x4   xor() 13886 MB/s
Oct 31 22:12:08 ubuntu kernel: [   29.812538] raid6: avx2x1   gen() 27677 MB/s
Oct 31 22:12:08 ubuntu kernel: [   29.870939] raid6: avx2x1   xor() 22722 MB/s
Oct 31 22:12:08 ubuntu kernel: [   29.921049] raid6: avx2x2   gen() 38750 MB/s
Oct 31 22:12:08 ubuntu kernel: [   29.972552] raid6: avx2x2   xor() 20520 MB/s
Oct 31 22:12:08 ubuntu kernel: [   30.030544] raid6: avx2x4   gen() 45012 MB/s
Oct 31 22:12:08 ubuntu kernel: [   30.080080] raid6: avx2x4   xor() 26032 MB/s
Oct 31 22:12:08 ubuntu kernel: [   30.080081] raid6: using algorithm avx2x4 gen() 45012 MB/s
Oct 31 22:12:08 ubuntu kernel: [   30.080081] raid6: .... xor() 26032 MB/s, rmw enabled
Oct 31 22:12:08 ubuntu kernel: [   30.080082] raid6: using avx2x2 recovery algorithm
Oct 31 22:12:08 ubuntu kernel: [   30.085094] xor: automatically using best checksumming function   avx       
Oct 31 22:12:08 ubuntu kernel: [   30.118086] Btrfs loaded, crc32c=crc32c-intel
Oct 31 22:12:08 ubuntu kernel: [   30.142824] JFS: nTxBlock = 8192, nTxLock = 65536
Oct 31 22:12:08 ubuntu kernel: [   30.180803] SGI XFS with ACLs, security attributes, realtime, no debug enabled
Oct 31 22:12:08 ubuntu partman:   No matching physical volumes found
Oct 31 22:12:08 ubuntu partman:   Reading volume groups from cache.
Oct 31 22:12:09 ubuntu kernel: [   31.043890] ntfs: driver 2.1.32 [Flags: R/O MODULE].
Oct 31 22:12:09 ubuntu kernel: [   31.070528] QNX4 filesystem 0.2.3 registered.
Oct 31 22:12:09 ubuntu os-prober: debug: running /usr/lib/os-probes/50mounted-tests on /dev/sda1
Oct 31 22:12:09 ubuntu 50mounted-tests: debug: mounted using GRUB ext2 filesystem driver
Oct 31 22:12:09 ubuntu 50mounted-tests: debug: running subtest /usr/lib/os-probes/mounted/05efi
Oct 31 22:12:09 ubuntu 05efi: debug: Not on UEFI platform
Oct 31 22:12:09 ubuntu 50mounted-tests: debug: running subtest /usr/lib/os-probes/mounted/10freedos
Oct 31 22:12:09 ubuntu 10freedos: debug: /dev/sda1 is not a FAT partition: exiting
Oct 31 22:12:09 ubuntu 50mounted-tests: debug: running subtest /usr/lib/os-probes/mounted/10qnx
Oct 31 22:12:09 ubuntu 10qnx: debug: /dev/sda1 is not a QNX4 partition: exiting
Oct 31 22:12:09 ubuntu 50mounted-tests: debug: running subtest /usr/lib/os-probes/mounted/20macosx
Oct 31 22:12:09 ubuntu macosx-prober: debug: /dev/sda1 is not an HFS+ partition: exiting
Oct 31 22:12:09 ubuntu 50mounted-tests: debug: running subtest /usr/lib/os-probes/mounted/20microsoft
Oct 31 22:12:09 ubuntu 20microsoft: debug: /dev/sda1 is not a MS partition: exiting
Oct 31 22:12:09 ubuntu 50mounted-tests: debug: running subtest /usr/lib/os-probes/mounted/30utility
Oct 31 22:12:09 ubuntu 30utility: debug: /dev/sda1 is not a FAT partition: exiting
Oct 31 22:12:09 ubuntu 50mounted-tests: debug: running subtest /usr/lib/os-probes/mounted/40lsb
Oct 31 22:12:09 ubuntu 40lsb: result: /dev/sda1:Ubuntu 18.04.1 LTS (18.04):Ubuntu:linux
Oct 31 22:12:09 ubuntu 50mounted-tests: debug: os found by subtest /usr/lib/os-probes/mounted/40lsb
Oct 31 22:12:09 ubuntu os-prober: debug: os detected by /usr/lib/os-probes/50mounted-tests
Oct 31 22:12:09 ubuntu ubiquity[1381]: switched to page partman
Oct 31 22:12:13 ubuntu ubiquity[1381]: switched to page partman
Oct 31 22:12:18 ubuntu pulseaudio[1436]: [pulseaudio] bluez5-util.c: GetManagedObjects() failed: org.freedesktop.DBus.Error.NoReply: Did not receive a reply. Possible causes include: the remote application did not send a reply, the message bus security policy blocked the reply, the reply timeout expired, or the network connection was broken.
Oct 31 22:12:25 ubuntu ubiquity: /dev/sda1: 183395/1966080 files (0.2% non-contiguous), 1868415/7863808 blocks
Oct 31 22:12:25 ubuntu ubiquity: resize2fs 1.44.1 (24-Mar-2018)
Oct 31 22:12:28 ubuntu systemd-timesyncd[923]: Timed out waiting for reply from 91.189.89.199:123 (ntp.ubuntu.com).
Oct 31 22:12:29 ubuntu snapd[1011]: 2018/10/31 22:12:29.322827 stateengine.go:101: state ensure error: Get https://api.snapcraft.io/api/v1/snaps/sections: net/http: request canceled while waiting for connection (Client.Timeout exceeded while awaiting headers)
Oct 31 22:12:38 ubuntu systemd-timesyncd[923]: Timed out waiting for reply from 91.189.89.198:123 (ntp.ubuntu.com).
Oct 31 22:12:39 ubuntu ubiquity: Resizing the filesystem on /dev/sda1 to 4514568 (4k) blocks.
Oct 31 22:12:39 ubuntu ubiquity: The filesystem on /dev/sda1 is now 4514568 (4k) blocks long.
Oct 31 22:12:39 ubuntu ubiquity: 
Oct 31 22:12:40 ubuntu kernel: [   62.171943]  sda: sda1
Oct 31 22:12:40 ubuntu ubiquity: resize2fs 1.44.1 (24-Mar-2018)
Oct 31 22:12:40 ubuntu ubiquity: The filesystem is already 4514568 (4k) blocks long.  Nothing to do!
Oct 31 22:12:40 ubuntu ubiquity: 
Oct 31 22:12:41 ubuntu kernel: [   63.183036]  sda: sda1
Oct 31 22:12:41 ubuntu systemd[1]: Started Holds Snappy daemon refresh.
Oct 31 22:12:44 ubuntu systemd[1]: Reloading.
Oct 31 22:12:44 ubuntu systemd[1]: Mounting Mount unit for core, revision 4917...
Oct 31 22:12:44 ubuntu systemd[1]: Mounted Mount unit for core, revision 4917.
